vite v5.4.21 building for production...
transforming...
✓ 5641 modules transformed.
rendering chunks...
computing gzip size...
../../../saas/admin-dist/index.html                                                     0.41 kB │ gzip:     0.27 kB
../../../saas/admin-dist/assets/RobotoMono-Medium-B0UKl2Zn.ttf                         87.17 kB
../../../saas/admin-dist/assets/RobotoMono-Regular-44XoGH_Y.ttf                        87.24 kB
../../../saas/admin-dist/assets/Inter-Regular-DYjygwQm.ttf                            310.25 kB
../../../saas/admin-dist/assets/Inter-Medium-CKLJZXR2.ttf                             315.13 kB
../../../saas/admin-dist/assets/index-xS_9j7sN.css                                    105.72 kB │ gzip:    17.29 kB
../../../saas/admin-dist/assets/create-data-table-command-helper-C3wntDfO.js            0.05 kB │ gzip:     0.07 kB
../../../saas/admin-dist/assets/constants-BfSFfP0q.js                                   0.05 kB │ gzip:     0.07 kB
../../../saas/admin-dist/assets/constants-Ctly4bhN.js                                   0.05 kB │ gzip:     0.07 kB
../../../saas/admin-dist/assets/order-item-C81j_XSg.js                                  0.07 kB │ gzip:     0.08 kB
../../../saas/admin-dist/assets/create-data-table-filter-helper-BDq3TjGS.js             0.07 kB │ gzip:     0.09 kB
../../../saas/admin-dist/assets/cast-number--GkmTDK9.js                                 0.08 kB │ gzip:     0.10 kB
../../../saas/admin-dist/assets/compat-DiYjOc9-.js                                      0.10 kB │ gzip:     0.10 kB
../../../saas/admin-dist/assets/format-currency-DQuszszE.js                             0.12 kB │ gzip:     0.13 kB
../../../saas/admin-dist/assets/visually-hidden-ffVeAwOD.js                             0.13 kB │ gzip:     0.13 kB
../../../saas/admin-dist/assets/use-require-rbac-feature-Crdy6YfW.js                    0.15 kB │ gzip:     0.15 kB
../../../saas/admin-dist/assets/sales-channel-table-renderers-DlcTBad9.js               0.15 kB │ gzip:     0.15 kB
../../../saas/admin-dist/assets/parse-filter-param-LeLAJylQ.js                          0.16 kB │ gzip:     0.15 kB
../../../saas/admin-dist/assets/format-provider-pW7pxCCk.js                             0.16 kB │ gzip:     0.15 kB
../../../saas/admin-dist/assets/use-query-params-03sD_RxA.js                            0.17 kB │ gzip:     0.17 kB
../../../saas/admin-dist/assets/index-D1hkX_05.js                                       0.17 kB │ gzip:     0.17 kB
../../../saas/admin-dist/assets/percentage-helpers-DGMLEdzo.js                          0.17 kB │ gzip:     0.16 kB
../../../saas/admin-dist/assets/constants-DaNPMP00.js                                   0.20 kB │ gzip:     0.17 kB
../../../saas/admin-dist/assets/constants--g-zvmhg.js                                   0.21 kB │ gzip:     0.14 kB
../../../saas/admin-dist/assets/use-date-table-filters-DFB8kWzh.js                      0.23 kB │ gzip:     0.18 kB
../../../saas/admin-dist/assets/index-CqxMSjml.js                                       0.23 kB │ gzip:     0.18 kB
../../../saas/admin-dist/assets/product-variants-D5ltuJ-k.js                            0.23 kB │ gzip:     0.19 kB
../../../saas/admin-dist/assets/index-MFPRF5YP.js                                       0.24 kB │ gzip:     0.20 kB
../../../saas/admin-dist/assets/constants-BXu6M9C7.js                                   0.25 kB │ gzip:     0.19 kB
../../../saas/admin-dist/assets/plugins-Ch1eqcP7.js                                     0.29 kB │ gzip:     0.24 kB
../../../saas/admin-dist/assets/orders-Bde_YXVi.js                                      0.29 kB │ gzip:     0.21 kB
../../../saas/admin-dist/assets/constants-CbNKORdg.js                                   0.30 kB │ gzip:     0.25 kB
../../../saas/admin-dist/assets/item-placeholder-CC6UGC4W.js                            0.32 kB │ gzip:     0.25 kB
../../../saas/admin-dist/assets/promotion-list-table-renderers-CAe5KRx2.js              0.39 kB │ gzip:     0.26 kB
../../../saas/admin-dist/assets/link-button-3b2j2mwY.js                                 0.39 kB │ gzip:     0.27 kB
../../../saas/admin-dist/assets/detail-page-defaults-B7pBG-QF.js                        0.40 kB │ gzip:     0.25 kB
../../../saas/admin-dist/assets/keybound-form-CqO_-KCh.js                               0.41 kB │ gzip:     0.30 kB
../../../saas/admin-dist/assets/description-cell-CBim7UK-.js                            0.41 kB │ gzip:     0.24 kB
../../../saas/admin-dist/assets/handle-input-TbMZyhfG.js                                0.43 kB │ gzip:     0.31 kB
../../../saas/admin-dist/assets/prism-json-xwnKirkR.js                                  0.45 kB │ gzip:     0.28 kB
../../../saas/admin-dist/assets/form-helpers-C2rf7EQ5.js                                0.47 kB │ gzip:     0.26 kB
../../../saas/admin-dist/assets/country-select-DjzO2xeW.js                              0.52 kB │ gzip:     0.36 kB
../../../saas/admin-dist/assets/use-delete-product-category-action-DXnsbe6W.js          0.52 kB │ gzip:     0.33 kB
../../../saas/admin-dist/assets/use-delete-price-list-action-DXehT7-o.js                0.53 kB │ gzip:     0.33 kB
../../../saas/admin-dist/assets/use-delete-product-type-action-Cj5TUHT5.js              0.54 kB │ gzip:     0.35 kB
../../../saas/admin-dist/assets/use-delete-product-tag-action-C5rGxuie.js               0.55 kB │ gzip:     0.35 kB
../../../saas/admin-dist/assets/utils-BmHdQtUM.js                                       0.56 kB │ gzip:     0.32 kB
../../../saas/admin-dist/assets/section-row-D0aMfnCr.js                                 0.56 kB │ gzip:     0.37 kB
../../../saas/admin-dist/assets/use-delete-shipping-option-type-action-DIQeSrfN.js      0.58 kB │ gzip:     0.36 kB
../../../saas/admin-dist/assets/icon-avatar-Dx_gnXGs.js                                 0.66 kB │ gzip:     0.35 kB
../../../saas/admin-dist/assets/switch-box-CydvHAhp.js                                  0.66 kB │ gzip:     0.42 kB
../../../saas/admin-dist/assets/index-DDs5TC5t.js                                       0.67 kB │ gzip:     0.41 kB
../../../saas/admin-dist/assets/list-summary-BagGiCN0.js                                0.67 kB │ gzip:     0.41 kB
../../../saas/admin-dist/assets/index-DsPiE4Nt.js                                       0.68 kB │ gzip:     0.41 kB
../../../saas/admin-dist/assets/index-CpDx9kBj.js                                       0.68 kB │ gzip:     0.42 kB
../../../saas/admin-dist/assets/index-CFxWp16P.js                                       0.68 kB │ gzip:     0.42 kB
../../../saas/admin-dist/assets/status-cell-6Dy4NoQi.js                                 0.68 kB │ gzip:     0.38 kB
../../../saas/admin-dist/assets/inline-tip-jHI_hcb0.js                                  0.69 kB │ gzip:     0.40 kB
../../../saas/admin-dist/assets/shipping-options-DbXuoyCH.js                            0.69 kB │ gzip:     0.31 kB
../../../saas/admin-dist/assets/index-RS9L4ej0.js                                       0.69 kB │ gzip:     0.42 kB
../../../saas/admin-dist/assets/index-BPjNrH6i.js                                       0.69 kB │ gzip:     0.43 kB
../../../saas/admin-dist/assets/index-D5VXpu4S.js                                       0.69 kB │ gzip:     0.42 kB
../../../saas/admin-dist/assets/index-Bzx1-sgZ.js                                       0.69 kB │ gzip:     0.43 kB
../../../saas/admin-dist/assets/index-BvwaOsqa.js                                       0.70 kB │ gzip:     0.43 kB
../../../saas/admin-dist/assets/index-DSQqlm_u.js                                       0.70 kB │ gzip:     0.42 kB
../../../saas/admin-dist/assets/index-BtiacUq9.js                                       0.70 kB │ gzip:     0.42 kB
../../../saas/admin-dist/assets/index-Cbj3qOzj.js                                       0.70 kB │ gzip:     0.42 kB
../../../saas/admin-dist/assets/index-BA8dhoh-.js                                       0.71 kB │ gzip:     0.43 kB
../../../saas/admin-dist/assets/index-8027LYdm.js                                       0.71 kB │ gzip:     0.43 kB
../../../saas/admin-dist/assets/index-C3RinpGq.js                                       0.72 kB │ gzip:     0.44 kB
../../../saas/admin-dist/assets/index-CCX_DLXo.js                                       0.73 kB │ gzip:     0.44 kB
../../../saas/admin-dist/assets/index-DLpTvIVg.js                                       0.73 kB │ gzip:     0.44 kB
../../../saas/admin-dist/assets/index-C2N10_la.js                                       0.74 kB │ gzip:     0.45 kB
../../../saas/admin-dist/assets/index-0hbalz2a.js                                       0.74 kB │ gzip:     0.43 kB
../../../saas/admin-dist/assets/promotions-D3mrPm5S.js                                  0.74 kB │ gzip:     0.41 kB
../../../saas/admin-dist/assets/index-DoQucFiw.js                                       0.75 kB │ gzip:     0.46 kB
../../../saas/admin-dist/assets/text-cell-D3KibisK.js                                   0.79 kB │ gzip:     0.36 kB
../../../saas/admin-dist/assets/use-locales-table-query-HjbJZW85.js                     0.81 kB │ gzip:     0.46 kB
../../../saas/admin-dist/assets/addresses-CM7bxm5w.js                                   0.81 kB │ gzip:     0.43 kB
../../../saas/admin-dist/assets/use-currencies-table-query-X9yZeBKg.js                  0.83 kB │ gzip:     0.48 kB
../../../saas/admin-dist/assets/use-data-table-date-columns-idNGVUya.js                 0.83 kB │ gzip:     0.37 kB
../../../saas/admin-dist/assets/index-BRde1ZNq.js                                       0.85 kB │ gzip:     0.42 kB
../../../saas/admin-dist/assets/validation-ItN8Fl92.js                                  0.85 kB │ gzip:     0.46 kB
../../../saas/admin-dist/assets/product-types-C6WguY3b.js                               0.86 kB │ gzip:     0.36 kB
../../../saas/admin-dist/assets/invites-Cuxk6Z_V.js                                     0.87 kB │ gzip:     0.38 kB
../../../saas/admin-dist/assets/alert-T20c3yA6.js                                       0.87 kB │ gzip:     0.51 kB
../../../saas/admin-dist/assets/status-badge-DVgyItLI.js                                0.88 kB │ gzip:     0.48 kB
../../../saas/admin-dist/assets/index-DyCH02aw.js                                       0.89 kB │ gzip:     0.47 kB
../../../saas/admin-dist/assets/refund-reasons-BTi2kotB.js                              0.90 kB │ gzip:     0.36 kB
../../../saas/admin-dist/assets/tax-regions-UF8g40mE.js                                 0.90 kB │ gzip:     0.39 kB
../../../saas/admin-dist/assets/shipping-option-types-DzbwZXO9.js                       0.90 kB │ gzip:     0.37 kB
../../../saas/admin-dist/assets/tags-CEoiq0As.js                                        0.90 kB │ gzip:     0.38 kB
../../../saas/admin-dist/assets/plus-bvqZ1RbS.js                                        0.90 kB │ gzip:     0.54 kB
../../../saas/admin-dist/assets/plus-mini-pvufB7A_.js                                   0.91 kB │ gzip:     0.54 kB
../../../saas/admin-dist/assets/shipping-profiles-CU_tE5VM.js                           0.93 kB │ gzip:     0.37 kB
../../../saas/admin-dist/assets/use-product-table-query-B-nc2kwo.js                     0.93 kB │ gzip:     0.46 kB
../../../saas/admin-dist/assets/use-product-type-table-columns-DOGSm9qb.js              0.93 kB │ gzip:     0.48 kB
../../../saas/admin-dist/assets/hooks-H9y-3I86.js                                       0.94 kB │ gzip:     0.55 kB
../../../saas/admin-dist/assets/arrow-right-DZt3bp9g.js                                 0.94 kB │ gzip:     0.56 kB
../../../saas/admin-dist/assets/shipping-options-CXDDth4G.js                            0.94 kB │ gzip:     0.39 kB
../../../saas/admin-dist/assets/return-reasons-CHJ7_ZLQ.js                              0.95 kB │ gzip:     0.38 kB
../../../saas/admin-dist/assets/inventory-item-general-section-BYopW2Wa.js              0.97 kB │ gzip:     0.53 kB
../../../saas/admin-dist/assets/descending-sorting-CK6mLnmg.js                          1.00 kB │ gzip:     0.59 kB
../../../saas/admin-dist/assets/tax-rates-CQTiHKJ9.js                                   1.01 kB │ gzip:     0.39 kB
../../../saas/admin-dist/assets/regions-CxiAZtUi.js                                     1.02 kB │ gzip:     0.38 kB
../../../saas/admin-dist/assets/use-customer-group-table-columns-6WVBBNmN.js            1.07 kB │ gzip:     0.58 kB
../../../saas/admin-dist/assets/arrow-down-right-mini-HVa5J3Hb.js                       1.09 kB │ gzip:     0.60 kB
../../../saas/admin-dist/assets/trash-AuCSeEtc.js                                       1.09 kB │ gzip:     0.64 kB
../../../saas/admin-dist/assets/triangle-left-mini-D1i6Wod3.js                          1.09 kB │ gzip:     0.64 kB
../../../saas/admin-dist/assets/collections-CTCg6L43.js                                 1.14 kB │ gzip:     0.37 kB
../../../saas/admin-dist/assets/date-range-display-IhuVcizW.js                          1.14 kB │ gzip:     0.50 kB
../../../saas/admin-dist/assets/use-data-table-date-filters-DflmHRA7.js                 1.16 kB │ gzip:     0.50 kB
../../../saas/admin-dist/assets/x-circle-CEVeSp8r.js                                    1.16 kB │ gzip:     0.65 kB
../../../saas/admin-dist/assets/fulfillment-sets-siHP6-O9.js                            1.16 kB │ gzip:     0.37 kB
../../../saas/admin-dist/assets/categories-DnXqDRdU.js                                  1.17 kB │ gzip:     0.40 kB
../../../saas/admin-dist/assets/use-country-table-query-ByuYI0q9.js                     1.17 kB │ gzip:     0.66 kB
../../../saas/admin-dist/assets/useInfiniteQuery-CvCAR06h.js                            1.17 kB │ gzip:     0.51 kB
../../../saas/admin-dist/assets/index-C8eV3jLW.js                                       1.17 kB │ gzip:     0.63 kB
../../../saas/admin-dist/assets/index.modern-DT2sUiTM.js                                1.18 kB │ gzip:     0.64 kB
../../../saas/admin-dist/assets/use-data-table-iEADK1s5.js                              1.20 kB │ gzip:     0.64 kB
../../../saas/admin-dist/assets/pencil-square-B8gHpP5K.js                               1.21 kB │ gzip:     0.69 kB
../../../saas/admin-dist/assets/component-B_gy50zT.js                                   1.22 kB │ gzip:     0.66 kB
../../../saas/admin-dist/assets/information-circle-CI3jzeBU.js                          1.22 kB │ gzip:     0.69 kB
../../../saas/admin-dist/assets/index-D-D0PIOA.js                                       1.23 kB │ gzip:     0.64 kB
../../../saas/admin-dist/assets/index-CW4GOBqo.js                                       1.23 kB │ gzip:     0.64 kB
../../../saas/admin-dist/assets/action-menu-C6R5sMv3.js                                 1.23 kB │ gzip:     0.56 kB
../../../saas/admin-dist/assets/constants-CmNptDhH.js                                   1.24 kB │ gzip:     0.44 kB
../../../saas/admin-dist/assets/arrow-path-lMXjTroc.js                                  1.26 kB │ gzip:     0.69 kB
../../../saas/admin-dist/assets/key-BHmkevGn.js                                         1.28 kB │ gzip:     0.73 kB
../../../saas/admin-dist/assets/use-combobox-data-BaBP8oEG.js                           1.31 kB │ gzip:     0.69 kB
../../../saas/admin-dist/assets/use-order-table-filters-Bew5yKzO.js                     1.32 kB │ gzip:     0.62 kB
../../../saas/admin-dist/assets/triangles-mini-DCyEkqSV.js                              1.37 kB │ gzip:     0.74 kB
../../../saas/admin-dist/assets/channels-B8OFETHm.js                                    1.37 kB │ gzip:     0.70 kB
../../../saas/admin-dist/assets/translations-Dt1NCtKC.js                                1.39 kB │ gzip:     0.64 kB
../../../saas/admin-dist/assets/rma-Cz7431rY.js                                         1.40 kB │ gzip:     0.77 kB
../../../saas/admin-dist/assets/data-table-order-by-FpiiForj.js                         1.43 kB │ gzip:     0.69 kB
../../../saas/admin-dist/assets/index-B1uoLnhg.js                                       1.45 kB │ gzip:     0.82 kB
../../../saas/admin-dist/assets/popover-C014z1bA.js                                     1.47 kB │ gzip:     0.64 kB
../../../saas/admin-dist/assets/utils-DYMSA_WN.js                                       1.48 kB │ gzip:     0.57 kB
../../../saas/admin-dist/assets/chip-group-DFDGnb35.js                                  1.48 kB │ gzip:     0.71 kB
../../../saas/admin-dist/assets/use-product-table-filters-B1yVYCNV.js                   1.50 kB │ gzip:     0.58 kB
../../../saas/admin-dist/assets/api-keys-DtVAahlo.js                                    1.51 kB │ gzip:     0.44 kB
../../../saas/admin-dist/assets/empty-table-content-DGb5X4y6.js                         1.53 kB │ gzip:     0.59 kB
../../../saas/admin-dist/assets/price-lists-sWNANFnm.js                                 1.57 kB │ gzip:     0.49 kB
../../../saas/admin-dist/assets/use-product-table-columns-C6PyO_8k.js                   1.61 kB │ gzip:     0.67 kB
../../../saas/admin-dist/assets/form-extension-zone-DwZrFK50.js                         1.62 kB │ gzip:     0.77 kB
../../../saas/admin-dist/assets/globe-europe-BaR_iQk6.js                                1.63 kB │ gzip:     0.91 kB
../../../saas/admin-dist/assets/create-data-grid-price-columns-C8FLfekx.js              1.64 kB │ gzip:     0.65 kB
../../../saas/admin-dist/assets/index-CTktMCfm.js                                       1.64 kB │ gzip:     0.86 kB
../../../saas/admin-dist/assets/use-promotion-table-query-BdZEx77C.js                   1.65 kB │ gzip:     0.76 kB
../../../saas/admin-dist/assets/use-inventory-table-query-hjhSAg2G.js                   1.67 kB │ gzip:     0.69 kB
../../../saas/admin-dist/assets/sales-channels-DPQ2UP2E.js                              1.73 kB │ gzip:     0.46 kB
../../../saas/admin-dist/assets/index-KtH4nHD_.js                                       1.75 kB │ gzip:     0.89 kB
../../../saas/admin-dist/assets/index-w9NmeK8c.js                                       1.76 kB │ gzip:     0.89 kB
../../../saas/admin-dist/assets/index-_fzaETJ9.js                                       1.78 kB │ gzip:     0.88 kB
../../../saas/admin-dist/assets/arrow-up-mini-BEXPwxPX.js                               1.83 kB │ gzip:     0.68 kB
../../../saas/admin-dist/assets/utils-CDM5iS4K.js                                       1.84 kB │ gzip:     0.74 kB
../../../saas/admin-dist/assets/index-C26ifxVx.js                                       1.85 kB │ gzip:     0.99 kB
../../../saas/admin-dist/assets/index-BGpMax0_.js                                       1.85 kB │ gzip:     0.84 kB
../../../saas/admin-dist/assets/index-b9DmosvO.js                                       1.86 kB │ gzip:     0.84 kB
../../../saas/admin-dist/assets/index-Cg7gQlN5.js                                       1.87 kB │ gzip:     0.85 kB
../../../saas/admin-dist/assets/stock-locations-BEjxnZKC.js                             1.87 kB │ gzip:     0.52 kB
../../../saas/admin-dist/assets/index-1rVCsy7l.js                                       1.88 kB │ gzip:     0.92 kB
../../../saas/admin-dist/assets/percentage-input-Cx_Ipr9E.js                            1.89 kB │ gzip:     0.85 kB
../../../saas/admin-dist/assets/index-aBf3Abup.js                                       1.90 kB │ gzip:     0.91 kB
../../../saas/admin-dist/assets/index-BI4bqOOs.js                                       1.90 kB │ gzip:     0.91 kB
../../../saas/admin-dist/assets/currency-input-DU069KTH.js                              1.91 kB │ gzip:     0.87 kB
../../../saas/admin-dist/assets/index-0x9OmuHN.js                                       1.92 kB │ gzip:     0.91 kB
../../../saas/admin-dist/assets/index-C2Vgfiwn.js                                       1.93 kB │ gzip:     0.93 kB
../../../saas/admin-dist/assets/thumbnail-badge-Cxdv8F3x.js                             1.96 kB │ gzip:     0.97 kB
../../../saas/admin-dist/assets/index-BIJGVWGj.js                                       2.00 kB │ gzip:     0.94 kB
../../../saas/admin-dist/assets/index-G9mjofCC.js                                       2.00 kB │ gzip:     0.89 kB
../../../saas/admin-dist/assets/index-WmqM46DY.js                                       2.08 kB │ gzip:     0.96 kB
../../../saas/admin-dist/assets/sidebar-link-DA2ejaIo.js                                2.11 kB │ gzip:     1.02 kB
../../../saas/admin-dist/assets/index-4WMGW4gS.js                                       2.16 kB │ gzip:     0.95 kB
../../../saas/admin-dist/assets/index-ZKeAj3sU.js                                       2.17 kB │ gzip:     0.96 kB
../../../saas/admin-dist/assets/index-DyQoxV4L.js                                       2.17 kB │ gzip:     1.10 kB
../../../saas/admin-dist/assets/data-grid-toggleable-number-cell-DkRz4SJ7.js            2.21 kB │ gzip:     1.10 kB
../../../saas/admin-dist/assets/index-DspbLETO.js                                       2.22 kB │ gzip:     1.07 kB
../../../saas/admin-dist/assets/use-sales-channel-table-query-BxiJT2bm.js               2.26 kB │ gzip:     0.85 kB
../../../saas/admin-dist/assets/index-Chx1dZRk.js                                       2.26 kB │ gzip:     1.04 kB
../../../saas/admin-dist/assets/create-campaign-form-BltQF8ll.js                        2.27 kB │ gzip:     1.01 kB
../../../saas/admin-dist/assets/price-list-customer-group-rule-form-DCfeajSO.js         2.31 kB │ gzip:     1.19 kB
../../../saas/admin-dist/assets/focus-modal-_6OoaGul.js                                 2.32 kB │ gzip:     0.82 kB
../../../saas/admin-dist/assets/index-Dh2Ow4AF.js                                       2.33 kB │ gzip:     1.00 kB
../../../saas/admin-dist/assets/index-BpMU44If.js                                       2.37 kB │ gzip:     1.14 kB
../../../saas/admin-dist/assets/index-J9Rqaa5E.js                                       2.39 kB │ gzip:     1.21 kB
../../../saas/admin-dist/assets/index-CjWqwc3z.js                                       2.42 kB │ gzip:     1.14 kB
../../../saas/admin-dist/assets/index-ZIrpx_dc.js                                       2.49 kB │ gzip:     1.17 kB
../../../saas/admin-dist/assets/index-CCx-Q0Av.js                                       2.50 kB │ gzip:     1.07 kB
../../../saas/admin-dist/assets/index-BABpAICg.js                                       2.56 kB │ gzip:     1.03 kB
../../../saas/admin-dist/assets/radio-group-Dugg0GaT.js                                 2.64 kB │ gzip:     0.83 kB
../../../saas/admin-dist/assets/placeholders-BQwfPYnj.js                                2.65 kB │ gzip:     1.11 kB
../../../saas/admin-dist/assets/index-BthZbHkD.js                                       2.66 kB │ gzip:     1.25 kB
../../../saas/admin-dist/assets/index-DS8oXy6a.js                                       2.67 kB │ gzip:     1.04 kB
../../../saas/admin-dist/assets/index-SOslNM2p.js                                       2.68 kB │ gzip:     1.13 kB
../../../saas/admin-dist/assets/file-upload-CbwviOM7.js                                 2.72 kB │ gzip:     1.43 kB
../../../saas/admin-dist/assets/index-C7NP11uZ.js                                       2.72 kB │ gzip:     1.05 kB
../../../saas/admin-dist/assets/stacked-focus-modal-DYIK6kx-.js                         2.75 kB │ gzip:     1.10 kB
../../../saas/admin-dist/assets/avatar-box-DwjO1wyr.js                                  2.77 kB │ gzip:     1.24 kB
../../../saas/admin-dist/assets/use-tax-region-table-DesUdeAz.js                        2.78 kB │ gzip:     1.30 kB
../../../saas/admin-dist/assets/index-COu71eNF.js                                       2.80 kB │ gzip:     1.05 kB
../../../saas/admin-dist/assets/index-xL4EOjvP.js                                       2.82 kB │ gzip:     1.33 kB
../../../saas/admin-dist/assets/index-DK6t2Ds2.js                                       2.82 kB │ gzip:     1.15 kB
../../../saas/admin-dist/assets/command-bar-C36DYEey.js                                 2.86 kB │ gzip:     1.16 kB
../../../saas/admin-dist/assets/index-COYKVOdv.js                                       2.88 kB │ gzip:     1.13 kB
../../../saas/admin-dist/assets/switch-BfbtfTLm.js                                      2.91 kB │ gzip:     1.37 kB
../../../saas/admin-dist/assets/index-CbsFD-T4.js                                       2.95 kB │ gzip:     1.23 kB
../../../saas/admin-dist/assets/index-FofI9KOe.js                                       2.97 kB │ gzip:     1.50 kB
../../../saas/admin-dist/assets/use-customer-table-columns-CR_efgV2.js                  3.00 kB │ gzip:     1.10 kB
../../../saas/admin-dist/assets/index-Doj8xb9W.js                                       3.01 kB │ gzip:     1.15 kB
../../../saas/admin-dist/assets/add-locales-form-ChCRYPSn.js                            3.02 kB │ gzip:     1.51 kB
../../../saas/admin-dist/assets/customer-groups-DV-ZoHEc.js                             3.05 kB │ gzip:     0.62 kB
../../../saas/admin-dist/assets/index-nFfefH7G.js                                       3.05 kB │ gzip:     1.25 kB
../../../saas/admin-dist/assets/index-B_pP5LSa.js                                       3.08 kB │ gzip:     1.07 kB
../../../saas/admin-dist/assets/route-focus-modal-DqllzQdW.js                           3.09 kB │ gzip:     1.45 kB
../../../saas/admin-dist/assets/index-ClIay4oD.js                                       3.19 kB │ gzip:     1.06 kB
../../../saas/admin-dist/assets/exchanges-DWWmPqok.js                                   3.19 kB │ gzip:     0.62 kB
../../../saas/admin-dist/assets/checkbox-CQ-_hMbm.js                                    3.20 kB │ gzip:     1.50 kB
../../../saas/admin-dist/assets/index-CpeebvSx.js                                       3.22 kB │ gzip:     1.55 kB
../../../saas/admin-dist/assets/index-CVkJeJc0.js                                       3.24 kB │ gzip:     1.31 kB
../../../saas/admin-dist/assets/index-CkzlTBkw.js                                       3.25 kB │ gzip:     1.51 kB
../../../saas/admin-dist/assets/index-C4wC_1Pk.js                                       3.26 kB │ gzip:     1.44 kB
../../../saas/admin-dist/assets/table-D9s3n3bq.js                                       3.32 kB │ gzip:     1.28 kB
../../../saas/admin-dist/assets/index-BgXi998b.js                                       3.36 kB │ gzip:     1.36 kB
../../../saas/admin-dist/assets/index-rC__o9tk.js                                       3.42 kB │ gzip:     1.38 kB
../../../saas/admin-dist/assets/copy-BUJTqvNz.js                                        3.42 kB │ gzip:     1.38 kB
../../../saas/admin-dist/assets/index-DA6STz8r.js                                       3.43 kB │ gzip:     1.58 kB
../../../saas/admin-dist/assets/zod-Cga_EFNk.js                                         3.43 kB │ gzip:     1.36 kB
../../../saas/admin-dist/assets/index-Cr911Q23.js                                       3.43 kB │ gzip:     1.18 kB
../../../saas/admin-dist/assets/use-order-table-columns-BLog5IRp.js                     3.45 kB │ gzip:     1.12 kB
../../../saas/admin-dist/assets/index-BZz4vSzt.js                                       3.47 kB │ gzip:     1.72 kB
../../../saas/admin-dist/assets/index-B6czKQ8A.js                                       3.48 kB │ gzip:     1.60 kB
../../../saas/admin-dist/assets/mfa-ClMm0lzx.js                                         3.50 kB │ gzip:     1.65 kB
../../../saas/admin-dist/assets/index-BDzT8zBQ.js                                       3.57 kB │ gzip:     1.63 kB
../../../saas/admin-dist/assets/claims-BniHFB79.js                                      3.58 kB │ gzip:     0.61 kB
../../../saas/admin-dist/assets/index-B8SBbmtn.js                                       3.59 kB │ gzip:     1.58 kB
../../../saas/admin-dist/assets/index-WjYcFu12.js                                       3.59 kB │ gzip:     1.72 kB
../../../saas/admin-dist/assets/tax-badge-D_uFnP_O.js                                   3.61 kB │ gzip:     1.24 kB
../../../saas/admin-dist/assets/index-BoOIiLtF.js                                       3.64 kB │ gzip:     1.56 kB
../../../saas/admin-dist/assets/index-DW879dwc.js                                       3.64 kB │ gzip:     1.34 kB
../../../saas/admin-dist/assets/folder-illustration-Bym1XEg6.js                         3.69 kB │ gzip:     1.24 kB
../../../saas/admin-dist/assets/index-Co0d2tu9.js                                       3.77 kB │ gzip:     1.71 kB
../../../saas/admin-dist/assets/index-UyIxgtKE.js                                       3.78 kB │ gzip:     1.79 kB
../../../saas/admin-dist/assets/index-BFnYoGuu.js                                       3.87 kB │ gzip:     1.79 kB
../../../saas/admin-dist/assets/index-L4e2qNFb.js                                       3.87 kB │ gzip:     1.57 kB
../../../saas/admin-dist/assets/index-BpwW2XP9.js                                       3.89 kB │ gzip:     1.80 kB
../../../saas/admin-dist/assets/index-BGaRoFMh.js                                       3.89 kB │ gzip:     1.62 kB
../../../saas/admin-dist/assets/index-BXNv0nHu.js                                       3.92 kB │ gzip:     1.83 kB
../../../saas/admin-dist/assets/index-2k1ioU0X.js                                       3.99 kB │ gzip:     1.90 kB
../../../saas/admin-dist/assets/index-BYVraCYl.js                                       4.01 kB │ gzip:     1.34 kB
../../../saas/admin-dist/assets/index-CJbmKv8d.js                                       4.05 kB │ gzip:     1.93 kB
../../../saas/admin-dist/assets/index-CnURx-36.js                                       4.05 kB │ gzip:     1.94 kB
../../../saas/admin-dist/assets/index-Dsz790Oy.js                                       4.07 kB │ gzip:     1.91 kB
../../../saas/admin-dist/assets/index-xnLZwxMP.js                                       4.07 kB │ gzip:     1.84 kB
../../../saas/admin-dist/assets/index-CwqQDtaC.js                                       4.08 kB │ gzip:     1.68 kB
../../../saas/admin-dist/assets/index-DqYQ2IQ0.js                                       4.11 kB │ gzip:     1.67 kB
../../../saas/admin-dist/assets/index-7tH8raas.js                                       4.19 kB │ gzip:     1.98 kB
../../../saas/admin-dist/assets/geo-zone-form-DjWx9TP3.js                               4.19 kB │ gzip:     1.88 kB
../../../saas/admin-dist/assets/index-BJ_cEbSx.js                                       4.21 kB │ gzip:     1.86 kB
../../../saas/admin-dist/assets/index-DCtvJYN5.js                                       4.22 kB │ gzip:     1.97 kB
../../../saas/admin-dist/assets/chip-input-Bvv_AAEy.js                                  4.28 kB │ gzip:     2.01 kB
../../../saas/admin-dist/assets/index-Cy-6XffO.js                                       4.31 kB │ gzip:     1.78 kB
../../../saas/admin-dist/assets/index-C8sVO46U.js                                       4.37 kB │ gzip:     1.94 kB
../../../saas/admin-dist/assets/index-DNZObFFV.js                                       4.39 kB │ gzip:     1.26 kB
../../../saas/admin-dist/assets/index-CehUKGDC.js                                       4.46 kB │ gzip:     1.23 kB
../../../saas/admin-dist/assets/index-DP09wc82.js                                       4.47 kB │ gzip:     2.04 kB
../../../saas/admin-dist/assets/index-DzUZhCLn.js                                       4.49 kB │ gzip:     2.01 kB
../../../saas/admin-dist/assets/index-D_bP6mXB.js                                       4.51 kB │ gzip:     1.95 kB
../../../saas/admin-dist/assets/index-BCr0ZuWY.js                                       4.54 kB │ gzip:     2.05 kB
../../../saas/admin-dist/assets/index-BU6O3Hun.js                                       4.55 kB │ gzip:     1.66 kB
../../../saas/admin-dist/assets/index-DBN3euNj.js                                       4.55 kB │ gzip:     1.63 kB
../../../saas/admin-dist/assets/returns-s5ACOurU.js                                     4.56 kB │ gzip:     0.67 kB
../../../saas/admin-dist/assets/index-_WTuCY1W.js                                       4.59 kB │ gzip:     1.44 kB
../../../saas/admin-dist/assets/index-Blx5_A7Q.js                                       4.62 kB │ gzip:     2.07 kB
../../../saas/admin-dist/assets/index-C18ykGV5.js                                       4.63 kB │ gzip:     1.31 kB
../../../saas/admin-dist/assets/index-xj7KL4qj.js                                       4.64 kB │ gzip:     1.68 kB
../../../saas/admin-dist/assets/index-ByCJp8sq.js                                       4.69 kB │ gzip:     1.60 kB
../../../saas/admin-dist/assets/index-BI2Sv234.js                                       4.71 kB │ gzip:     1.65 kB
../../../saas/admin-dist/assets/index-CYHrFsmx.js                                       4.73 kB │ gzip:     2.11 kB
../../../saas/admin-dist/assets/index-DoNvDWlM.js                                       4.76 kB │ gzip:     2.18 kB
../../../saas/admin-dist/assets/index-h-DKcBFI.js                                       4.83 kB │ gzip:     1.30 kB
../../../saas/admin-dist/assets/index-DqWQJc4t.js                                       4.83 kB │ gzip:     2.15 kB
../../../saas/admin-dist/assets/index-BvHtMZVC.js                                       4.89 kB │ gzip:     1.97 kB
../../../saas/admin-dist/assets/index-FhKZpAmJ.js                                       4.89 kB │ gzip:     2.15 kB
../../../saas/admin-dist/assets/index-H2D9J5S_.js                                       4.92 kB │ gzip:     1.35 kB
../../../saas/admin-dist/assets/index-C0UtZ34k.js                                       4.95 kB │ gzip:     1.80 kB
../../../saas/admin-dist/assets/index-ChsFhfvU.js                                       4.97 kB │ gzip:     1.99 kB
../../../saas/admin-dist/assets/index-x3ME3c7D.js                                       4.99 kB │ gzip:     1.37 kB
../../../saas/admin-dist/assets/progress-tabs-2wnzxYxm.js                               5.00 kB │ gzip:     2.22 kB
../../../saas/admin-dist/assets/index-GEG6fAMv.js                                       5.03 kB │ gzip:     2.10 kB
../../../saas/admin-dist/assets/index-BnlLgCPt.js                                       5.04 kB │ gzip:     1.77 kB
../../../saas/admin-dist/assets/index-CoCwhgMv.js                                       5.11 kB │ gzip:     2.26 kB
../../../saas/admin-dist/assets/utils-CHZJXmy_.js                                       5.12 kB │ gzip:     1.78 kB
../../../saas/admin-dist/assets/index-BzYSYYSB.js                                       5.13 kB │ gzip:     2.17 kB
../../../saas/admin-dist/assets/index-DhWZ_QeU.js                                       5.14 kB │ gzip:     2.10 kB
../../../saas/admin-dist/assets/index-TkweE5K_.js                                       5.16 kB │ gzip:     2.29 kB
../../../saas/admin-dist/assets/tax-region-card-DLohw4QX.js                             5.16 kB │ gzip:     2.19 kB
../../../saas/admin-dist/assets/index-2ZYuUo31.js                                       5.17 kB │ gzip:     2.18 kB
../../../saas/admin-dist/assets/index-CiioqK3M.js                                       5.19 kB │ gzip:     2.00 kB
../../../saas/admin-dist/assets/index-DxW0dLjx.js                                       5.23 kB │ gzip:     2.32 kB
../../../saas/admin-dist/assets/index-BC4OKDi0.js                                       5.23 kB │ gzip:     1.85 kB
../../../saas/admin-dist/assets/index-DRHg1l52.js                                       5.26 kB │ gzip:     2.37 kB
../../../saas/admin-dist/assets/index-CLptvYto.js                                       5.35 kB │ gzip:     2.27 kB
../../../saas/admin-dist/assets/index-Bx4RKE2A.js                                       5.37 kB │ gzip:     2.04 kB
../../../saas/admin-dist/assets/create-campaign-form-fields-CtqkOkoM.js                 5.47 kB │ gzip:     1.54 kB
../../../saas/admin-dist/assets/index-BLtGRo8S.js                                       5.50 kB │ gzip:     2.32 kB
../../../saas/admin-dist/assets/index-Dkk-n0Sd.js                                       5.51 kB │ gzip:     2.18 kB
../../../saas/admin-dist/assets/index-jh5tDz4j.js                                       5.58 kB │ gzip:     2.00 kB
../../../saas/admin-dist/assets/index-D4FF6i1S.js                                       5.65 kB │ gzip:     2.29 kB
../../../saas/admin-dist/assets/index-8p6rmsxv.js                                       5.68 kB │ gzip:     2.40 kB
../../../saas/admin-dist/assets/index-Dpjig45X.js                                       5.88 kB │ gzip:     2.35 kB
../../../saas/admin-dist/assets/index-B8OHLfHe.js                                       5.92 kB │ gzip:     2.22 kB
../../../saas/admin-dist/assets/index-CsGclMp5.js                                       6.10 kB │ gzip:     2.50 kB
../../../saas/admin-dist/assets/index-C_kEXmBI.js                                       6.11 kB │ gzip:     2.38 kB
../../../saas/admin-dist/assets/index-DNceF8jy.js                                       6.12 kB │ gzip:     2.08 kB
../../../saas/admin-dist/assets/upload-media-form-item-DvqwOy1l.js                      6.16 kB │ gzip:     2.44 kB
../../../saas/admin-dist/assets/index-D1OqkzQb.js                                       6.17 kB │ gzip:     2.33 kB
../../../saas/admin-dist/assets/data-table-Bquegxg3.js                                  6.27 kB │ gzip:     2.57 kB
../../../saas/admin-dist/assets/index-BJdh2PNX.js                                       6.68 kB │ gzip:     2.60 kB
../../../saas/admin-dist/assets/metadata-form-s22Toxsy.js                               6.69 kB │ gzip:     2.71 kB
../../../saas/admin-dist/assets/index-D3rEryLT.js                                       6.71 kB │ gzip:     2.16 kB
../../../saas/admin-dist/assets/index-Di7_DjJD.js                                       6.79 kB │ gzip:     2.72 kB
../../../saas/admin-dist/assets/index-DWM_KNkj.js                                       6.84 kB │ gzip:     2.36 kB
../../../saas/admin-dist/assets/index-BtFMqoAR.js                                       6.85 kB │ gzip:     2.69 kB
../../../saas/admin-dist/assets/category-combobox-CSboviEe.js                           7.10 kB │ gzip:     2.71 kB
../../../saas/admin-dist/assets/add-campaign-promotion-form-BacFSg2Y.js                 7.14 kB │ gzip:     1.97 kB
../../../saas/admin-dist/assets/index-DYom-fYl.js                                       7.24 kB │ gzip:     2.92 kB
../../../saas/admin-dist/assets/index-OsKDD8KS.js                                       7.26 kB │ gzip:     2.45 kB
../../../saas/admin-dist/assets/index-BX7IpVJ6.js                                       7.30 kB │ gzip:     2.49 kB
../../../saas/admin-dist/assets/index-VRS7rvK2.js                                       7.50 kB │ gzip:     2.85 kB
../../../saas/admin-dist/assets/index-BYO903pm.js                                       7.57 kB │ gzip:     2.87 kB
../../../saas/admin-dist/assets/index-DpjfrGd5.js                                       7.66 kB │ gzip:     2.77 kB
../../../saas/admin-dist/assets/index-BO87kIsw.js                                       7.76 kB │ gzip:     2.43 kB
../../../saas/admin-dist/assets/index-CBq-YdVO.js                                       7.79 kB │ gzip:     2.21 kB
../../../saas/admin-dist/assets/index-Xzdq-hSJ.js                                       7.94 kB │ gzip:     2.80 kB
../../../saas/admin-dist/assets/index-By8q_-wE.js                                       8.03 kB │ gzip:     3.15 kB
../../../saas/admin-dist/assets/index-RQSeerNh.js                                       8.14 kB │ gzip:     3.10 kB
../../../saas/admin-dist/assets/index-DOC_XzU0.js                                       8.19 kB │ gzip:     3.42 kB
../../../saas/admin-dist/assets/rules-form-field-1W8Tuko3.js                            8.22 kB │ gzip:     2.87 kB
../../../saas/admin-dist/assets/index-D2SFimly.js                                       8.38 kB │ gzip:     3.55 kB
../../../saas/admin-dist/assets/index-D5onK0SH.js                                       8.41 kB │ gzip:     2.24 kB
../../../saas/admin-dist/assets/index-CpTLhOWK.js                                       8.48 kB │ gzip:     3.21 kB
../../../saas/admin-dist/assets/index-C9OtTQNR.js                                       8.68 kB │ gzip:     3.30 kB
../../../saas/admin-dist/assets/index-CG0_zBoX.js                                       8.71 kB │ gzip:     2.72 kB
../../../saas/admin-dist/assets/index-CKeHF0SD.js                                       8.71 kB │ gzip:     3.66 kB
../../../saas/admin-dist/assets/use-tax-override-table-DmR_6_5d.js                      8.74 kB │ gzip:     2.93 kB
../../../saas/admin-dist/assets/tax-region-tax-override-edit-form-DZoz_Y-A.js           8.76 kB │ gzip:     2.89 kB
../../../saas/admin-dist/assets/utils-Cz_AKFaW.js                                       8.82 kB │ gzip:     2.77 kB
../../../saas/admin-dist/assets/index-DCWyOFEM.js                                       9.42 kB │ gzip:     2.97 kB
../../../saas/admin-dist/assets/index-Czkw9EZ-.js                                       9.49 kB │ gzip:     3.19 kB
../../../saas/admin-dist/assets/index-d2bXloie.js                                       9.49 kB │ gzip:     3.52 kB
../../../saas/admin-dist/assets/index-DYTx94Dj.js                                       9.49 kB │ gzip:     3.22 kB
../../../saas/admin-dist/assets/index-BfdQLC2u.js                                       9.56 kB │ gzip:     2.98 kB
../../../saas/admin-dist/assets/index-DWPyIBxX.js                                       9.82 kB │ gzip:     3.72 kB
../../../saas/admin-dist/assets/index.esm-DC1Yykll.js                                   9.93 kB │ gzip:     3.93 kB
../../../saas/admin-dist/assets/index-D4fL1Vpb.js                                      10.09 kB │ gzip:     3.48 kB
../../../saas/admin-dist/assets/index-BfBE8qV0.js                                      10.21 kB │ gzip:     3.91 kB
../../../saas/admin-dist/assets/index-BnUuIk6n.js                                      10.40 kB │ gzip:     3.50 kB
../../../saas/admin-dist/assets/index--_DCOQcV.js                                      10.43 kB │ gzip:     3.02 kB
../../../saas/admin-dist/assets/index-DHlOMAAM.js                                      11.02 kB │ gzip:     3.61 kB
../../../saas/admin-dist/assets/index-CgpmJok1.js                                      11.29 kB │ gzip:     3.88 kB
../../../saas/admin-dist/assets/use-shipping-option-price-columns-UTLDjvI4.js          11.32 kB │ gzip:     3.08 kB
../../../saas/admin-dist/assets/index-CrhtHs7c.js                                      11.36 kB │ gzip:     3.83 kB
../../../saas/admin-dist/assets/index-jponcZIk.js                                      11.75 kB │ gzip:     4.20 kB
../../../saas/admin-dist/assets/index-CZjhm8pS.js                                      11.78 kB │ gzip:     3.97 kB
../../../saas/admin-dist/assets/index-jht87_Xw.js                                      11.90 kB │ gzip:     3.59 kB
../../../saas/admin-dist/assets/index-BgW0ax44.js                                      12.35 kB │ gzip:     3.86 kB
../../../saas/admin-dist/assets/index-BByGiuVu.js                                      12.53 kB │ gzip:     4.19 kB
../../../saas/admin-dist/assets/index-CW9z_G05.js                                      12.68 kB │ gzip:     3.52 kB
../../../saas/admin-dist/assets/schemas-CFaIG6DW.js                                    12.78 kB │ gzip:     4.28 kB
../../../saas/admin-dist/assets/index-BhSB5ZIR.js                                      13.16 kB │ gzip:     3.96 kB
../../../saas/admin-dist/assets/tiered-price-form-5nigafco.js                          13.24 kB │ gzip:     4.91 kB
../../../saas/admin-dist/assets/index-BIjIFpir.js                                      13.36 kB │ gzip:     4.06 kB
../../../saas/admin-dist/assets/index-B8HTEJEG.js                                      13.67 kB │ gzip:     4.47 kB
../../../saas/admin-dist/assets/index-DdcSbjSC.js                                      15.06 kB │ gzip:     4.94 kB
../../../saas/admin-dist/assets/index-CBu5-UNp.js                                      16.17 kB │ gzip:     5.37 kB
../../../saas/admin-dist/assets/index-9Tmeloti.js                                      17.17 kB │ gzip:     4.92 kB
../../../saas/admin-dist/assets/data-table-filter-c16BCifB.js                          17.21 kB │ gzip:     5.01 kB
../../../saas/admin-dist/assets/category-tree-BtQoqSr1.js                              17.73 kB │ gzip:     5.92 kB
../../../saas/admin-dist/assets/index-DRhoDB6t.js                                      18.59 kB │ gzip:     5.91 kB
../../../saas/admin-dist/assets/index-K2XZWa2F.js                                      19.34 kB │ gzip:     4.81 kB
../../../saas/admin-dist/assets/configurable-data-table-wRyCLS3F.js                    19.72 kB │ gzip:     7.15 kB
../../../saas/admin-dist/assets/select-CZmFdZVc.js                                     21.87 kB │ gzip:     7.65 kB
../../../saas/admin-dist/assets/index-C4oM0J3J.js                                      22.62 kB │ gzip:     7.31 kB
../../../saas/admin-dist/assets/country-states-DPI7CVnp.js                             22.75 kB │ gzip:     9.80 kB
../../../saas/admin-dist/assets/index-B7KU2KjB.js                                      27.25 kB │ gzip:     6.68 kB
../../../saas/admin-dist/assets/index-RQUZQ68b.js                                      34.88 kB │ gzip:    10.08 kB
../../../saas/admin-dist/assets/index-DoGD-omq.js                                      35.14 kB │ gzip:    13.01 kB
../../../saas/admin-dist/assets/index-0QzgZDKF.js                                      36.39 kB │ gzip:     9.34 kB
../../../saas/admin-dist/assets/index-DPfHgV9F.js                                      36.84 kB │ gzip:     9.51 kB
../../../saas/admin-dist/assets/index-DU0WuSwn.js                                      50.86 kB │ gzip:    13.54 kB
../../../saas/admin-dist/assets/data-table-DlIax__K.js                                 56.96 kB │ gzip:    16.64 kB
../../../saas/admin-dist/assets/create-data-grid-column-helper-DWqidcnq.js             64.66 kB │ gzip:    20.74 kB
../../../saas/admin-dist/assets/schemas-CyIhfvh1.js                                    66.77 kB │ gzip:    17.97 kB
../../../saas/admin-dist/assets/combobox-Biaw4Stp.js                                   85.74 kB │ gzip:    28.92 kB
../../../saas/admin-dist/assets/index-BVMUnM18.js                                     109.14 kB │ gzip:    33.71 kB
../../../saas/admin-dist/assets/date-picker-Kglm15jj.js                               177.99 kB │ gzip:    58.32 kB
../../../saas/admin-dist/assets/index-RV42HRDv.js                                   4,374.59 kB │ gzip: 1,260.71 kB

(!) Some chunks are larger than 500 kB after minification. Consider:
- Using dynamic import() to code-split the application
- Use build.rollupOptions.output.manualChunks to improve chunking: https://rollupjs.org/configuration-options/#output-manualchunks
- Adjust chunk size limit for this warning via build.chunkSizeWarningLimit.
✓ built in 15.36s
