vite v5.4.21 building for production...
transforming...
✓ 5638 modules transformed.
rendering chunks...
computing gzip size...
../../../saas/admin-dist/index.html                                                     0.41 kB │ gzip:     0.27 kB
../../../saas/admin-dist/assets/RobotoMono-Medium-B0UKl2Zn.ttf                         87.17 kB
../../../saas/admin-dist/assets/RobotoMono-Regular-44XoGH_Y.ttf                        87.24 kB
../../../saas/admin-dist/assets/Inter-Regular-DYjygwQm.ttf                            310.25 kB
../../../saas/admin-dist/assets/Inter-Medium-CKLJZXR2.ttf                             315.13 kB
../../../saas/admin-dist/assets/index-xS_9j7sN.css                                    105.72 kB │ gzip:    17.29 kB
../../../saas/admin-dist/assets/create-data-table-command-helper-C3wntDfO.js            0.05 kB │ gzip:     0.07 kB
../../../saas/admin-dist/assets/constants-BfSFfP0q.js                                   0.05 kB │ gzip:     0.07 kB
../../../saas/admin-dist/assets/constants-Ctly4bhN.js                                   0.05 kB │ gzip:     0.07 kB
../../../saas/admin-dist/assets/order-item-C81j_XSg.js                                  0.07 kB │ gzip:     0.08 kB
../../../saas/admin-dist/assets/create-data-table-filter-helper-BDq3TjGS.js             0.07 kB │ gzip:     0.09 kB
../../../saas/admin-dist/assets/cast-number--GkmTDK9.js                                 0.08 kB │ gzip:     0.10 kB
../../../saas/admin-dist/assets/compat-DiYjOc9-.js                                      0.10 kB │ gzip:     0.10 kB
../../../saas/admin-dist/assets/format-currency-DQuszszE.js                             0.12 kB │ gzip:     0.13 kB
../../../saas/admin-dist/assets/visually-hidden-Cg6p4qJU.js                             0.13 kB │ gzip:     0.13 kB
../../../saas/admin-dist/assets/use-require-rbac-feature-D1vMZx7q.js                    0.15 kB │ gzip:     0.15 kB
../../../saas/admin-dist/assets/sales-channel-table-renderers-DIdOadwf.js               0.15 kB │ gzip:     0.15 kB
../../../saas/admin-dist/assets/parse-filter-param-LeLAJylQ.js                          0.16 kB │ gzip:     0.15 kB
../../../saas/admin-dist/assets/format-provider-pW7pxCCk.js                             0.16 kB │ gzip:     0.15 kB
../../../saas/admin-dist/assets/use-query-params-tgRmA9EH.js                            0.17 kB │ gzip:     0.16 kB
../../../saas/admin-dist/assets/index-Lfey8Sqa.js                                       0.17 kB │ gzip:     0.16 kB
../../../saas/admin-dist/assets/percentage-helpers-DGMLEdzo.js                          0.17 kB │ gzip:     0.16 kB
../../../saas/admin-dist/assets/constants-DaNPMP00.js                                   0.20 kB │ gzip:     0.17 kB
../../../saas/admin-dist/assets/constants--g-zvmhg.js                                   0.21 kB │ gzip:     0.14 kB
../../../saas/admin-dist/assets/use-date-table-filters-xY54__-s.js                      0.23 kB │ gzip:     0.18 kB
../../../saas/admin-dist/assets/index-qdy7ldxE.js                                       0.23 kB │ gzip:     0.17 kB
../../../saas/admin-dist/assets/product-variants-DJJ3r-kX.js                            0.23 kB │ gzip:     0.19 kB
../../../saas/admin-dist/assets/index-BuVQaNnK.js                                       0.24 kB │ gzip:     0.20 kB
../../../saas/admin-dist/assets/constants-BXu6M9C7.js                                   0.25 kB │ gzip:     0.19 kB
../../../saas/admin-dist/assets/plugins-BkkRC2oT.js                                     0.29 kB │ gzip:     0.24 kB
../../../saas/admin-dist/assets/orders-Bde_YXVi.js                                      0.29 kB │ gzip:     0.21 kB
../../../saas/admin-dist/assets/constants-OVgk2M-7.js                                   0.30 kB │ gzip:     0.24 kB
../../../saas/admin-dist/assets/item-placeholder--uCUd7-2.js                            0.32 kB │ gzip:     0.25 kB
../../../saas/admin-dist/assets/promotion-list-table-renderers-BJ5hLDcb.js              0.39 kB │ gzip:     0.26 kB
../../../saas/admin-dist/assets/link-button-Crlw2nfr.js                                 0.39 kB │ gzip:     0.27 kB
../../../saas/admin-dist/assets/detail-page-defaults-CwBneYqU.js                        0.40 kB │ gzip:     0.25 kB
../../../saas/admin-dist/assets/keybound-form-B1wYygGZ.js                               0.41 kB │ gzip:     0.30 kB
../../../saas/admin-dist/assets/description-cell-_Qw1i4ab.js                            0.41 kB │ gzip:     0.24 kB
../../../saas/admin-dist/assets/handle-input-Tr0_Az3N.js                                0.43 kB │ gzip:     0.31 kB
../../../saas/admin-dist/assets/prism-json-xwnKirkR.js                                  0.45 kB │ gzip:     0.28 kB
../../../saas/admin-dist/assets/form-helpers-C2rf7EQ5.js                                0.47 kB │ gzip:     0.26 kB
../../../saas/admin-dist/assets/country-select-L7QLelBn.js                              0.52 kB │ gzip:     0.37 kB
../../../saas/admin-dist/assets/use-delete-product-category-action-BYM6fc4_.js          0.52 kB │ gzip:     0.34 kB
../../../saas/admin-dist/assets/use-delete-price-list-action-BAkcpJr6.js                0.53 kB │ gzip:     0.33 kB
../../../saas/admin-dist/assets/use-delete-product-type-action-BbLzXpir.js              0.54 kB │ gzip:     0.35 kB
../../../saas/admin-dist/assets/use-delete-product-tag-action-DvqTuShT.js               0.55 kB │ gzip:     0.35 kB
../../../saas/admin-dist/assets/utils-BmHdQtUM.js                                       0.56 kB │ gzip:     0.32 kB
../../../saas/admin-dist/assets/section-row-CTMBuun9.js                                 0.56 kB │ gzip:     0.37 kB
../../../saas/admin-dist/assets/use-delete-shipping-option-type-action-D0zKJYxq.js      0.58 kB │ gzip:     0.36 kB
../../../saas/admin-dist/assets/icon-avatar-Bxqiv428.js                                 0.66 kB │ gzip:     0.35 kB
../../../saas/admin-dist/assets/switch-box-sSU6NIV5.js                                  0.66 kB │ gzip:     0.42 kB
../../../saas/admin-dist/assets/index-BvpnHgkP.js                                       0.67 kB │ gzip:     0.41 kB
../../../saas/admin-dist/assets/list-summary-DEg5-y7e.js                                0.67 kB │ gzip:     0.41 kB
../../../saas/admin-dist/assets/index-PjLZizdU.js                                       0.68 kB │ gzip:     0.41 kB
../../../saas/admin-dist/assets/index-uqLBF3c4.js                                       0.68 kB │ gzip:     0.42 kB
../../../saas/admin-dist/assets/index-DSFEDepj.js                                       0.68 kB │ gzip:     0.42 kB
../../../saas/admin-dist/assets/status-cell-rfBVv2B5.js                                 0.68 kB │ gzip:     0.38 kB
../../../saas/admin-dist/assets/inline-tip-BtPOuxcG.js                                  0.69 kB │ gzip:     0.40 kB
../../../saas/admin-dist/assets/shipping-options-DbXuoyCH.js                            0.69 kB │ gzip:     0.31 kB
../../../saas/admin-dist/assets/index-CIIoaU_a.js                                       0.69 kB │ gzip:     0.42 kB
../../../saas/admin-dist/assets/index-D2xzjcdZ.js                                       0.69 kB │ gzip:     0.42 kB
../../../saas/admin-dist/assets/index-BmKUYzgw.js                                       0.69 kB │ gzip:     0.42 kB
../../../saas/admin-dist/assets/index-DYv67rjd.js                                       0.69 kB │ gzip:     0.42 kB
../../../saas/admin-dist/assets/index-BsrztDp_.js                                       0.70 kB │ gzip:     0.43 kB
../../../saas/admin-dist/assets/index-BepeccY_.js                                       0.70 kB │ gzip:     0.42 kB
../../../saas/admin-dist/assets/index-ngK8-QjW.js                                       0.70 kB │ gzip:     0.42 kB
../../../saas/admin-dist/assets/index-DGWTJKOM.js                                       0.70 kB │ gzip:     0.42 kB
../../../saas/admin-dist/assets/index-DuaXu1q7.js                                       0.71 kB │ gzip:     0.42 kB
../../../saas/admin-dist/assets/index-BKYxt-qf.js                                       0.71 kB │ gzip:     0.43 kB
../../../saas/admin-dist/assets/index-ufDD92pn.js                                       0.72 kB │ gzip:     0.44 kB
../../../saas/admin-dist/assets/index-DtkA2ykC.js                                       0.73 kB │ gzip:     0.44 kB
../../../saas/admin-dist/assets/index-B2RC648F.js                                       0.73 kB │ gzip:     0.44 kB
../../../saas/admin-dist/assets/index-DIexqoKt.js                                       0.74 kB │ gzip:     0.44 kB
../../../saas/admin-dist/assets/index-Bct-lH2k.js                                       0.74 kB │ gzip:     0.43 kB
../../../saas/admin-dist/assets/promotions-Cxkem1wl.js                                  0.74 kB │ gzip:     0.40 kB
../../../saas/admin-dist/assets/index-D31bxFVO.js                                       0.75 kB │ gzip:     0.46 kB
../../../saas/admin-dist/assets/text-cell-CWue14gP.js                                   0.79 kB │ gzip:     0.36 kB
../../../saas/admin-dist/assets/use-locales-table-query-q7a9d0zB.js                     0.81 kB │ gzip:     0.46 kB
../../../saas/admin-dist/assets/addresses-CNv88SXl.js                                   0.81 kB │ gzip:     0.43 kB
../../../saas/admin-dist/assets/use-currencies-table-query-DO3mnvUL.js                  0.83 kB │ gzip:     0.48 kB
../../../saas/admin-dist/assets/use-data-table-date-columns-OvvoneAX.js                 0.83 kB │ gzip:     0.37 kB
../../../saas/admin-dist/assets/index-B8wZS-NE.js                                       0.85 kB │ gzip:     0.42 kB
../../../saas/admin-dist/assets/validation-BU_gjEnJ.js                                  0.85 kB │ gzip:     0.46 kB
../../../saas/admin-dist/assets/product-types-D9fMGjhh.js                               0.86 kB │ gzip:     0.36 kB
../../../saas/admin-dist/assets/invites-DCQn9N0a.js                                     0.87 kB │ gzip:     0.38 kB
../../../saas/admin-dist/assets/alert-BE5J9T35.js                                       0.87 kB │ gzip:     0.51 kB
../../../saas/admin-dist/assets/status-badge-DKesgKM9.js                                0.88 kB │ gzip:     0.48 kB
../../../saas/admin-dist/assets/index-CA3HJygM.js                                       0.89 kB │ gzip:     0.48 kB
../../../saas/admin-dist/assets/refund-reasons-C8GDraeX.js                              0.90 kB │ gzip:     0.36 kB
../../../saas/admin-dist/assets/tax-regions-QDMncIfr.js                                 0.90 kB │ gzip:     0.38 kB
../../../saas/admin-dist/assets/shipping-option-types-CUecpi_y.js                       0.90 kB │ gzip:     0.36 kB
../../../saas/admin-dist/assets/tags-CJo3_bvh.js                                        0.90 kB │ gzip:     0.38 kB
../../../saas/admin-dist/assets/plus-CF6QEg-v.js                                        0.90 kB │ gzip:     0.54 kB
../../../saas/admin-dist/assets/plus-mini-ibGm3Irj.js                                   0.91 kB │ gzip:     0.54 kB
../../../saas/admin-dist/assets/shipping-profiles-D7I8byPl.js                           0.93 kB │ gzip:     0.37 kB
../../../saas/admin-dist/assets/use-product-table-query-BJJTDxTh.js                     0.93 kB │ gzip:     0.46 kB
../../../saas/admin-dist/assets/use-product-type-table-columns-C9dowSZv.js              0.93 kB │ gzip:     0.48 kB
../../../saas/admin-dist/assets/hooks-D5QmzwSL.js                                       0.94 kB │ gzip:     0.55 kB
../../../saas/admin-dist/assets/arrow-right-DntJBrTj.js                                 0.94 kB │ gzip:     0.56 kB
../../../saas/admin-dist/assets/shipping-options-DDFjPHoZ.js                            0.94 kB │ gzip:     0.39 kB
../../../saas/admin-dist/assets/return-reasons-BNQcIzzQ.js                              0.95 kB │ gzip:     0.38 kB
../../../saas/admin-dist/assets/inventory-item-general-section-Be1Bgel9.js              0.97 kB │ gzip:     0.53 kB
../../../saas/admin-dist/assets/descending-sorting-C9KTCM_Q.js                          1.00 kB │ gzip:     0.59 kB
../../../saas/admin-dist/assets/tax-rates-DVqUdsH4.js                                   1.01 kB │ gzip:     0.39 kB
../../../saas/admin-dist/assets/regions-B9764BQX.js                                     1.02 kB │ gzip:     0.38 kB
../../../saas/admin-dist/assets/use-customer-group-table-columns-DLpaACaP.js            1.07 kB │ gzip:     0.58 kB
../../../saas/admin-dist/assets/arrow-down-right-mini-DdaOg42B.js                       1.09 kB │ gzip:     0.60 kB
../../../saas/admin-dist/assets/trash-D8rcPff6.js                                       1.09 kB │ gzip:     0.64 kB
../../../saas/admin-dist/assets/triangle-left-mini-DXbU4caP.js                          1.09 kB │ gzip:     0.64 kB
../../../saas/admin-dist/assets/collections-Dy3BJ3GE.js                                 1.14 kB │ gzip:     0.37 kB
../../../saas/admin-dist/assets/date-range-display-MgtkBuMD.js                          1.14 kB │ gzip:     0.50 kB
../../../saas/admin-dist/assets/use-data-table-date-filters-S41jqmeb.js                 1.16 kB │ gzip:     0.50 kB
../../../saas/admin-dist/assets/x-circle-CdF-xcPg.js                                    1.16 kB │ gzip:     0.65 kB
../../../saas/admin-dist/assets/fulfillment-sets-DzUBUpSr.js                            1.16 kB │ gzip:     0.38 kB
../../../saas/admin-dist/assets/categories-CBPd4Ukq.js                                  1.17 kB │ gzip:     0.40 kB
../../../saas/admin-dist/assets/use-country-table-query-CfajMr-5.js                     1.17 kB │ gzip:     0.66 kB
../../../saas/admin-dist/assets/useInfiniteQuery-CfPU8btI.js                            1.17 kB │ gzip:     0.51 kB
../../../saas/admin-dist/assets/index-CA9LTKky.js                                       1.17 kB │ gzip:     0.63 kB
../../../saas/admin-dist/assets/index.modern-D02wvoTa.js                                1.18 kB │ gzip:     0.64 kB
../../../saas/admin-dist/assets/use-data-table-DKjx0lQ7.js                              1.20 kB │ gzip:     0.64 kB
../../../saas/admin-dist/assets/pencil-square-DvgC7GH-.js                               1.21 kB │ gzip:     0.69 kB
../../../saas/admin-dist/assets/component-Bxekcth2.js                                   1.22 kB │ gzip:     0.66 kB
../../../saas/admin-dist/assets/information-circle-rjZ4eFKQ.js                          1.22 kB │ gzip:     0.69 kB
../../../saas/admin-dist/assets/index-C0rBVquT.js                                       1.23 kB │ gzip:     0.64 kB
../../../saas/admin-dist/assets/index-D1CyeRUd.js                                       1.23 kB │ gzip:     0.64 kB
../../../saas/admin-dist/assets/action-menu-Alt7A7Yo.js                                 1.23 kB │ gzip:     0.56 kB
../../../saas/admin-dist/assets/constants-CmNptDhH.js                                   1.24 kB │ gzip:     0.44 kB
../../../saas/admin-dist/assets/arrow-path-C7uJCd49.js                                  1.26 kB │ gzip:     0.69 kB
../../../saas/admin-dist/assets/key-D2f4QR9j.js                                         1.28 kB │ gzip:     0.73 kB
../../../saas/admin-dist/assets/use-combobox-data-B7DhrHpj.js                           1.31 kB │ gzip:     0.69 kB
../../../saas/admin-dist/assets/use-order-table-filters-C_Ph_auQ.js                     1.32 kB │ gzip:     0.62 kB
../../../saas/admin-dist/assets/triangles-mini-BH7feUn9.js                              1.37 kB │ gzip:     0.74 kB
../../../saas/admin-dist/assets/channels-DmfFNV4-.js                                    1.37 kB │ gzip:     0.71 kB
../../../saas/admin-dist/assets/translations-CV2swFI9.js                                1.39 kB │ gzip:     0.63 kB
../../../saas/admin-dist/assets/rma-CPkD96xP.js                                         1.40 kB │ gzip:     0.77 kB
../../../saas/admin-dist/assets/data-table-order-by-DfhboMpA.js                         1.43 kB │ gzip:     0.70 kB
../../../saas/admin-dist/assets/index-vW0_BSVo.js                                       1.45 kB │ gzip:     0.81 kB
../../../saas/admin-dist/assets/popover-DDt1FwXv.js                                     1.47 kB │ gzip:     0.64 kB
../../../saas/admin-dist/assets/utils-DYMSA_WN.js                                       1.48 kB │ gzip:     0.57 kB
../../../saas/admin-dist/assets/chip-group-B7vPcX6o.js                                  1.48 kB │ gzip:     0.71 kB
../../../saas/admin-dist/assets/use-product-table-filters-BpJDLl3z.js                   1.50 kB │ gzip:     0.58 kB
../../../saas/admin-dist/assets/api-keys-fqPnUt_M.js                                    1.51 kB │ gzip:     0.43 kB
../../../saas/admin-dist/assets/empty-table-content-DfltvN3_.js                         1.53 kB │ gzip:     0.59 kB
../../../saas/admin-dist/assets/price-lists-vfRrux3x.js                                 1.57 kB │ gzip:     0.49 kB
../../../saas/admin-dist/assets/use-product-table-columns-ga5kGE-L.js                   1.61 kB │ gzip:     0.67 kB
../../../saas/admin-dist/assets/form-extension-zone-BTGnvOBU.js                         1.62 kB │ gzip:     0.77 kB
../../../saas/admin-dist/assets/globe-europe-CSgZW6ts.js                                1.63 kB │ gzip:     0.91 kB
../../../saas/admin-dist/assets/create-data-grid-price-columns-DtKz1tfv.js              1.64 kB │ gzip:     0.65 kB
../../../saas/admin-dist/assets/index-RhKpp3h9.js                                       1.64 kB │ gzip:     0.85 kB
../../../saas/admin-dist/assets/use-promotion-table-query-Cw7sPoUK.js                   1.65 kB │ gzip:     0.76 kB
../../../saas/admin-dist/assets/use-inventory-table-query-DmIBRJB1.js                   1.67 kB │ gzip:     0.70 kB
../../../saas/admin-dist/assets/sales-channels-CG3aQRsr.js                              1.73 kB │ gzip:     0.46 kB
../../../saas/admin-dist/assets/index-jt_KJ0tH.js                                       1.75 kB │ gzip:     0.90 kB
../../../saas/admin-dist/assets/index-CuEaCo-N.js                                       1.76 kB │ gzip:     0.89 kB
../../../saas/admin-dist/assets/index-JvJe7B-A.js                                       1.78 kB │ gzip:     0.88 kB
../../../saas/admin-dist/assets/arrow-up-mini-BwcTct92.js                               1.83 kB │ gzip:     0.68 kB
../../../saas/admin-dist/assets/utils-CLXcAu7B.js                                       1.84 kB │ gzip:     0.74 kB
../../../saas/admin-dist/assets/index-DcWGMQwH.js                                       1.85 kB │ gzip:     0.99 kB
../../../saas/admin-dist/assets/index-Ds670Fwf.js                                       1.85 kB │ gzip:     0.84 kB
../../../saas/admin-dist/assets/index-DnOIbkUH.js                                       1.86 kB │ gzip:     0.84 kB
../../../saas/admin-dist/assets/index-BCbkwSu6.js                                       1.87 kB │ gzip:     0.85 kB
../../../saas/admin-dist/assets/stock-locations-D5WrM_2C.js                             1.87 kB │ gzip:     0.52 kB
../../../saas/admin-dist/assets/index-Bjikk4Wh.js                                       1.88 kB │ gzip:     0.92 kB
../../../saas/admin-dist/assets/percentage-input-DckJx-NX.js                            1.89 kB │ gzip:     0.85 kB
../../../saas/admin-dist/assets/index-D1EIeh1e.js                                       1.90 kB │ gzip:     0.91 kB
../../../saas/admin-dist/assets/index-C7-u20KJ.js                                       1.90 kB │ gzip:     0.91 kB
../../../saas/admin-dist/assets/currency-input-B27q4pjS.js                              1.91 kB │ gzip:     0.87 kB
../../../saas/admin-dist/assets/index-DgVF7ng7.js                                       1.92 kB │ gzip:     0.91 kB
../../../saas/admin-dist/assets/index-BH7pdE50.js                                       1.93 kB │ gzip:     0.93 kB
../../../saas/admin-dist/assets/thumbnail-badge-DgQ9ya2Q.js                             1.96 kB │ gzip:     0.97 kB
../../../saas/admin-dist/assets/index-CXk1JWCT.js                                       2.00 kB │ gzip:     0.94 kB
../../../saas/admin-dist/assets/index-u-AvT_Hr.js                                       2.00 kB │ gzip:     0.89 kB
../../../saas/admin-dist/assets/index-B1Xm0Cb7.js                                       2.08 kB │ gzip:     0.96 kB
../../../saas/admin-dist/assets/sidebar-link-Cj-eeyEX.js                                2.11 kB │ gzip:     1.02 kB
../../../saas/admin-dist/assets/index-BYjz3yjJ.js                                       2.16 kB │ gzip:     0.96 kB
../../../saas/admin-dist/assets/index-LgsBLS1Q.js                                       2.17 kB │ gzip:     0.96 kB
../../../saas/admin-dist/assets/index-BUbZmzBQ.js                                       2.17 kB │ gzip:     1.10 kB
../../../saas/admin-dist/assets/data-grid-toggleable-number-cell-Dn4NMIbK.js            2.21 kB │ gzip:     1.11 kB
../../../saas/admin-dist/assets/index-Cfcozv4g.js                                       2.22 kB │ gzip:     1.07 kB
../../../saas/admin-dist/assets/use-sales-channel-table-query-DsEaNa4Q.js               2.26 kB │ gzip:     0.85 kB
../../../saas/admin-dist/assets/index-DzS7REOy.js                                       2.26 kB │ gzip:     1.04 kB
../../../saas/admin-dist/assets/create-campaign-form-7t5rQ4Ny.js                        2.27 kB │ gzip:     1.01 kB
../../../saas/admin-dist/assets/price-list-customer-group-rule-form-CdJpHvwE.js         2.31 kB │ gzip:     1.19 kB
../../../saas/admin-dist/assets/focus-modal-Dvvv_OL9.js                                 2.32 kB │ gzip:     0.82 kB
../../../saas/admin-dist/assets/index-DT8iyHnb.js                                       2.33 kB │ gzip:     1.00 kB
../../../saas/admin-dist/assets/index-BjgHEldE.js                                       2.37 kB │ gzip:     1.14 kB
../../../saas/admin-dist/assets/index-Bpn5608g.js                                       2.39 kB │ gzip:     1.21 kB
../../../saas/admin-dist/assets/index-Dp8pd5dW.js                                       2.42 kB │ gzip:     1.14 kB
../../../saas/admin-dist/assets/index-BoXQQYYl.js                                       2.49 kB │ gzip:     1.17 kB
../../../saas/admin-dist/assets/index-DULr5SJt.js                                       2.50 kB │ gzip:     1.07 kB
../../../saas/admin-dist/assets/index-C9DMcCgY.js                                       2.56 kB │ gzip:     1.03 kB
../../../saas/admin-dist/assets/radio-group-DCikC4ad.js                                 2.64 kB │ gzip:     0.84 kB
../../../saas/admin-dist/assets/placeholders-D6wUSIFY.js                                2.65 kB │ gzip:     1.11 kB
../../../saas/admin-dist/assets/index-Cn-mTOaa.js                                       2.66 kB │ gzip:     1.25 kB
../../../saas/admin-dist/assets/index-D5szzr_3.js                                       2.67 kB │ gzip:     1.04 kB
../../../saas/admin-dist/assets/index-BdSjfFRz.js                                       2.68 kB │ gzip:     1.13 kB
../../../saas/admin-dist/assets/file-upload-81CbVcii.js                                 2.72 kB │ gzip:     1.43 kB
../../../saas/admin-dist/assets/index-DnxL3mis.js                                       2.72 kB │ gzip:     1.05 kB
../../../saas/admin-dist/assets/stacked-focus-modal-Brg8783j.js                         2.75 kB │ gzip:     1.10 kB
../../../saas/admin-dist/assets/avatar-box-0F7va_LQ.js                                  2.77 kB │ gzip:     1.24 kB
../../../saas/admin-dist/assets/use-tax-region-table-BUFln99M.js                        2.78 kB │ gzip:     1.30 kB
../../../saas/admin-dist/assets/index-CICKVE6w.js                                       2.80 kB │ gzip:     1.05 kB
../../../saas/admin-dist/assets/index-CTtSKweJ.js                                       2.82 kB │ gzip:     1.33 kB
../../../saas/admin-dist/assets/index-CzsTp0GA.js                                       2.82 kB │ gzip:     1.15 kB
../../../saas/admin-dist/assets/command-bar-BlBO9WXW.js                                 2.86 kB │ gzip:     1.16 kB
../../../saas/admin-dist/assets/index-CgMahNkO.js                                       2.88 kB │ gzip:     1.13 kB
../../../saas/admin-dist/assets/switch-DsN-Sd3c.js                                      2.91 kB │ gzip:     1.37 kB
../../../saas/admin-dist/assets/index-BuU7giOk.js                                       2.95 kB │ gzip:     1.23 kB
../../../saas/admin-dist/assets/index-hnsOq7SU.js                                       2.97 kB │ gzip:     1.50 kB
../../../saas/admin-dist/assets/use-customer-table-columns-DUk3ZOs_.js                  3.00 kB │ gzip:     1.10 kB
../../../saas/admin-dist/assets/index-7mWjpdNH.js                                       3.01 kB │ gzip:     1.16 kB
../../../saas/admin-dist/assets/add-locales-form-HsSZwKWi.js                            3.02 kB │ gzip:     1.51 kB
../../../saas/admin-dist/assets/customer-groups-D6pTTmla.js                             3.05 kB │ gzip:     0.61 kB
../../../saas/admin-dist/assets/index-BsNm-P2V.js                                       3.05 kB │ gzip:     1.25 kB
../../../saas/admin-dist/assets/index-CFRzv_Jm.js                                       3.08 kB │ gzip:     1.07 kB
../../../saas/admin-dist/assets/route-focus-modal-DTAV1j7s.js                           3.09 kB │ gzip:     1.44 kB
../../../saas/admin-dist/assets/index-B7gTmcNi.js                                       3.19 kB │ gzip:     1.06 kB
../../../saas/admin-dist/assets/exchanges-BYr1jFFH.js                                   3.19 kB │ gzip:     0.62 kB
../../../saas/admin-dist/assets/checkbox-B2SjycJP.js                                    3.20 kB │ gzip:     1.50 kB
../../../saas/admin-dist/assets/index-DBE0VL7n.js                                       3.22 kB │ gzip:     1.55 kB
../../../saas/admin-dist/assets/index-C64bTAxf.js                                       3.24 kB │ gzip:     1.32 kB
../../../saas/admin-dist/assets/index-8T9d3_hV.js                                       3.25 kB │ gzip:     1.51 kB
../../../saas/admin-dist/assets/index-DNIemyNv.js                                       3.26 kB │ gzip:     1.44 kB
../../../saas/admin-dist/assets/table-BkvnLvvT.js                                       3.32 kB │ gzip:     1.28 kB
../../../saas/admin-dist/assets/index-Du-agKIi.js                                       3.36 kB │ gzip:     1.37 kB
../../../saas/admin-dist/assets/index-7F3o35ZL.js                                       3.42 kB │ gzip:     1.38 kB
../../../saas/admin-dist/assets/copy-cBUiHGuk.js                                        3.42 kB │ gzip:     1.38 kB
../../../saas/admin-dist/assets/index-B7zBzxgd.js                                       3.43 kB │ gzip:     1.58 kB
../../../saas/admin-dist/assets/zod-Osfs6r8J.js                                         3.43 kB │ gzip:     1.36 kB
../../../saas/admin-dist/assets/index-DK0YeXMl.js                                       3.43 kB │ gzip:     1.19 kB
../../../saas/admin-dist/assets/use-order-table-columns-CnFss3NF.js                     3.45 kB │ gzip:     1.12 kB
../../../saas/admin-dist/assets/index-Brvg2i8H.js                                       3.47 kB │ gzip:     1.73 kB
../../../saas/admin-dist/assets/index-vr0MiWY6.js                                       3.48 kB │ gzip:     1.60 kB
../../../saas/admin-dist/assets/mfa-C1gxFwop.js                                         3.50 kB │ gzip:     1.65 kB
../../../saas/admin-dist/assets/index-Bwz8SgUl.js                                       3.57 kB │ gzip:     1.63 kB
../../../saas/admin-dist/assets/claims-LMDOtvRd.js                                      3.58 kB │ gzip:     0.61 kB
../../../saas/admin-dist/assets/index-Dk4zMRMH.js                                       3.59 kB │ gzip:     1.59 kB
../../../saas/admin-dist/assets/index-iKJdMtTb.js                                       3.59 kB │ gzip:     1.72 kB
../../../saas/admin-dist/assets/tax-badge-BPToNXEl.js                                   3.61 kB │ gzip:     1.24 kB
../../../saas/admin-dist/assets/index-7_c3HxLN.js                                       3.64 kB │ gzip:     1.55 kB
../../../saas/admin-dist/assets/index-BmLmCVLK.js                                       3.64 kB │ gzip:     1.34 kB
../../../saas/admin-dist/assets/folder-illustration-zT4-jTnn.js                         3.69 kB │ gzip:     1.24 kB
../../../saas/admin-dist/assets/index-DTYLrSqr.js                                       3.77 kB │ gzip:     1.71 kB
../../../saas/admin-dist/assets/index-B7g2MQzB.js                                       3.78 kB │ gzip:     1.79 kB
../../../saas/admin-dist/assets/index-klN-aJA3.js                                       3.87 kB │ gzip:     1.80 kB
../../../saas/admin-dist/assets/index-CZ8t5b35.js                                       3.87 kB │ gzip:     1.57 kB
../../../saas/admin-dist/assets/index-BUeUPaI4.js                                       3.89 kB │ gzip:     1.80 kB
../../../saas/admin-dist/assets/index-BTphg4pj.js                                       3.89 kB │ gzip:     1.62 kB
../../../saas/admin-dist/assets/index-Vo-JANO3.js                                       3.92 kB │ gzip:     1.83 kB
../../../saas/admin-dist/assets/index-LuPeynOS.js                                       3.99 kB │ gzip:     1.91 kB
../../../saas/admin-dist/assets/index-UL4fEii2.js                                       4.01 kB │ gzip:     1.35 kB
../../../saas/admin-dist/assets/index-BJ6dSgg4.js                                       4.05 kB │ gzip:     1.94 kB
../../../saas/admin-dist/assets/index-r3DFIJDW.js                                       4.05 kB │ gzip:     1.94 kB
../../../saas/admin-dist/assets/index-GkFcIFkD.js                                       4.07 kB │ gzip:     1.92 kB
../../../saas/admin-dist/assets/index-crJ6kZQ1.js                                       4.07 kB │ gzip:     1.84 kB
../../../saas/admin-dist/assets/index-DUev-8pG.js                                       4.08 kB │ gzip:     1.68 kB
../../../saas/admin-dist/assets/index-CPKDzXmQ.js                                       4.11 kB │ gzip:     1.67 kB
../../../saas/admin-dist/assets/index-CCe4vg03.js                                       4.19 kB │ gzip:     1.98 kB
../../../saas/admin-dist/assets/geo-zone-form-9rwha9Wf.js                               4.19 kB │ gzip:     1.88 kB
../../../saas/admin-dist/assets/index-DLD9vdbq.js                                       4.21 kB │ gzip:     1.86 kB
../../../saas/admin-dist/assets/index-Cv8xvgfU.js                                       4.22 kB │ gzip:     1.97 kB
../../../saas/admin-dist/assets/chip-input-oWdbiFuE.js                                  4.28 kB │ gzip:     2.01 kB
../../../saas/admin-dist/assets/index-tr0jqga-.js                                       4.31 kB │ gzip:     1.78 kB
../../../saas/admin-dist/assets/index-BpS5aDNg.js                                       4.37 kB │ gzip:     1.93 kB
../../../saas/admin-dist/assets/index-DMkJ3urV.js                                       4.39 kB │ gzip:     1.26 kB
../../../saas/admin-dist/assets/index-3xCCGIyL.js                                       4.46 kB │ gzip:     1.23 kB
../../../saas/admin-dist/assets/index-Cqqww1Na.js                                       4.47 kB │ gzip:     2.04 kB
../../../saas/admin-dist/assets/index-C5aCcH-D.js                                       4.49 kB │ gzip:     2.01 kB
../../../saas/admin-dist/assets/index-1lvw1wDQ.js                                       4.51 kB │ gzip:     1.95 kB
../../../saas/admin-dist/assets/index-DVbGcqpO.js                                       4.54 kB │ gzip:     2.05 kB
../../../saas/admin-dist/assets/index-CcKtkOlx.js                                       4.55 kB │ gzip:     1.66 kB
../../../saas/admin-dist/assets/index-4yPErr8p.js                                       4.55 kB │ gzip:     1.63 kB
../../../saas/admin-dist/assets/returns-M5rxN1-l.js                                     4.56 kB │ gzip:     0.67 kB
../../../saas/admin-dist/assets/index-oJKvEpxN.js                                       4.59 kB │ gzip:     1.44 kB
../../../saas/admin-dist/assets/index-DDH37DTS.js                                       4.62 kB │ gzip:     2.06 kB
../../../saas/admin-dist/assets/index-DXLL8BnM.js                                       4.63 kB │ gzip:     1.32 kB
../../../saas/admin-dist/assets/index-CYTHS5JZ.js                                       4.64 kB │ gzip:     1.68 kB
../../../saas/admin-dist/assets/index-25BcHW-r.js                                       4.69 kB │ gzip:     1.60 kB
../../../saas/admin-dist/assets/index-D6FqD_eh.js                                       4.71 kB │ gzip:     1.65 kB
../../../saas/admin-dist/assets/index-DdPUhHJN.js                                       4.73 kB │ gzip:     2.11 kB
../../../saas/admin-dist/assets/index-CqlV40NO.js                                       4.76 kB │ gzip:     2.18 kB
../../../saas/admin-dist/assets/index--21asVWS.js                                       4.83 kB │ gzip:     1.30 kB
../../../saas/admin-dist/assets/index-BN7Ca3gE.js                                       4.83 kB │ gzip:     2.16 kB
../../../saas/admin-dist/assets/index-C09-Ig3V.js                                       4.89 kB │ gzip:     1.96 kB
../../../saas/admin-dist/assets/index-Cp0e8gIS.js                                       4.89 kB │ gzip:     2.15 kB
../../../saas/admin-dist/assets/index-Csr1eaty.js                                       4.92 kB │ gzip:     1.35 kB
../../../saas/admin-dist/assets/index-zS5JO2jH.js                                       4.95 kB │ gzip:     1.81 kB
../../../saas/admin-dist/assets/index-Ors4y_cG.js                                       4.97 kB │ gzip:     1.99 kB
../../../saas/admin-dist/assets/index-CLByLSak.js                                       4.99 kB │ gzip:     1.37 kB
../../../saas/admin-dist/assets/progress-tabs-BmK29kd5.js                               5.00 kB │ gzip:     2.22 kB
../../../saas/admin-dist/assets/index-DxNUU53h.js                                       5.03 kB │ gzip:     2.10 kB
../../../saas/admin-dist/assets/index-CXVQwD_l.js                                       5.04 kB │ gzip:     1.78 kB
../../../saas/admin-dist/assets/index-C75PGtnl.js                                       5.11 kB │ gzip:     2.26 kB
../../../saas/admin-dist/assets/utils-Dm2Nij7c.js                                       5.12 kB │ gzip:     1.78 kB
../../../saas/admin-dist/assets/index-B_xGZeaZ.js                                       5.13 kB │ gzip:     2.17 kB
../../../saas/admin-dist/assets/index-nZbukJ__.js                                       5.14 kB │ gzip:     2.09 kB
../../../saas/admin-dist/assets/index-DYavTIlg.js                                       5.16 kB │ gzip:     2.29 kB
../../../saas/admin-dist/assets/tax-region-card-ZzHf2SEn.js                             5.16 kB │ gzip:     2.18 kB
../../../saas/admin-dist/assets/index-D_HVQVnm.js                                       5.17 kB │ gzip:     2.18 kB
../../../saas/admin-dist/assets/index-B5eYZJcX.js                                       5.19 kB │ gzip:     2.00 kB
../../../saas/admin-dist/assets/index-C-1LVLPV.js                                       5.23 kB │ gzip:     2.32 kB
../../../saas/admin-dist/assets/index-Bz_ZJZbQ.js                                       5.23 kB │ gzip:     1.85 kB
../../../saas/admin-dist/assets/index-C0jorb6D.js                                       5.26 kB │ gzip:     2.37 kB
../../../saas/admin-dist/assets/index-BXVKVrE7.js                                       5.35 kB │ gzip:     2.26 kB
../../../saas/admin-dist/assets/index-DDbmWDK3.js                                       5.37 kB │ gzip:     2.05 kB
../../../saas/admin-dist/assets/create-campaign-form-fields-DywQ2Ojz.js                 5.47 kB │ gzip:     1.54 kB
../../../saas/admin-dist/assets/index-C2GLgJX9.js                                       5.50 kB │ gzip:     2.32 kB
../../../saas/admin-dist/assets/index-CNPOD3Iq.js                                       5.51 kB │ gzip:     2.17 kB
../../../saas/admin-dist/assets/index-DuV16T8r.js                                       5.58 kB │ gzip:     2.01 kB
../../../saas/admin-dist/assets/index-BLA3PSiO.js                                       5.65 kB │ gzip:     2.29 kB
../../../saas/admin-dist/assets/index-Jpt1VhJy.js                                       5.68 kB │ gzip:     2.40 kB
../../../saas/admin-dist/assets/index-BWAk4k2g.js                                       5.88 kB │ gzip:     2.35 kB
../../../saas/admin-dist/assets/index-BHVsBuft.js                                       5.92 kB │ gzip:     2.22 kB
../../../saas/admin-dist/assets/index-Cv1r7RZh.js                                       6.10 kB │ gzip:     2.50 kB
../../../saas/admin-dist/assets/index-Bv2Og1IY.js                                       6.11 kB │ gzip:     2.38 kB
../../../saas/admin-dist/assets/index-DcWnu0As.js                                       6.12 kB │ gzip:     2.08 kB
../../../saas/admin-dist/assets/upload-media-form-item-5NWCjy3Z.js                      6.16 kB │ gzip:     2.44 kB
../../../saas/admin-dist/assets/index-COs-mPa2.js                                       6.17 kB │ gzip:     2.33 kB
../../../saas/admin-dist/assets/data-table-Dc2gqYEQ.js                                  6.27 kB │ gzip:     2.57 kB
../../../saas/admin-dist/assets/index-ChErYwOZ.js                                       6.68 kB │ gzip:     2.60 kB
../../../saas/admin-dist/assets/metadata-form-pInqse1r.js                               6.69 kB │ gzip:     2.71 kB
../../../saas/admin-dist/assets/index-CKw9pXqW.js                                       6.71 kB │ gzip:     2.16 kB
../../../saas/admin-dist/assets/index-BLJyb5hr.js                                       6.79 kB │ gzip:     2.72 kB
../../../saas/admin-dist/assets/index-vjpwUNBn.js                                       6.84 kB │ gzip:     2.37 kB
../../../saas/admin-dist/assets/index-Dm34R5Uu.js                                       6.85 kB │ gzip:     2.69 kB
../../../saas/admin-dist/assets/category-combobox-D_VAn66L.js                           7.10 kB │ gzip:     2.71 kB
../../../saas/admin-dist/assets/add-campaign-promotion-form-DZOcIRxz.js                 7.14 kB │ gzip:     1.97 kB
../../../saas/admin-dist/assets/index-CeZb4wjY.js                                       7.24 kB │ gzip:     2.92 kB
../../../saas/admin-dist/assets/index-Bc3Bxhy9.js                                       7.26 kB │ gzip:     2.45 kB
../../../saas/admin-dist/assets/index-abMS9BHX.js                                       7.30 kB │ gzip:     2.49 kB
../../../saas/admin-dist/assets/index-BbEw-JCV.js                                       7.50 kB │ gzip:     2.85 kB
../../../saas/admin-dist/assets/index-B4iISXMf.js                                       7.57 kB │ gzip:     2.87 kB
../../../saas/admin-dist/assets/index-BWMsvW-l.js                                       7.66 kB │ gzip:     2.77 kB
../../../saas/admin-dist/assets/index-Bq4Zq2pC.js                                       7.76 kB │ gzip:     2.43 kB
../../../saas/admin-dist/assets/index-Bd-lWexs.js                                       7.79 kB │ gzip:     2.21 kB
../../../saas/admin-dist/assets/index-C9uDkCVm.js                                       7.94 kB │ gzip:     2.80 kB
../../../saas/admin-dist/assets/index-CbDA1WNd.js                                       8.03 kB │ gzip:     3.15 kB
../../../saas/admin-dist/assets/index-B5YO8uLP.js                                       8.14 kB │ gzip:     3.11 kB
../../../saas/admin-dist/assets/index-B1ouvX8I.js                                       8.19 kB │ gzip:     3.42 kB
../../../saas/admin-dist/assets/rules-form-field-6D_hWnKn.js                            8.22 kB │ gzip:     2.87 kB
../../../saas/admin-dist/assets/index-Dk7HOXLC.js                                       8.38 kB │ gzip:     3.55 kB
../../../saas/admin-dist/assets/index-DiT9ZzhG.js                                       8.41 kB │ gzip:     2.23 kB
../../../saas/admin-dist/assets/index-BwEdpTOL.js                                       8.48 kB │ gzip:     3.21 kB
../../../saas/admin-dist/assets/index-D2ndob0i.js                                       8.68 kB │ gzip:     3.30 kB
../../../saas/admin-dist/assets/index-D1Z5ONAG.js                                       8.71 kB │ gzip:     2.72 kB
../../../saas/admin-dist/assets/index-Br7joiee.js                                       8.71 kB │ gzip:     3.67 kB
../../../saas/admin-dist/assets/use-tax-override-table-CzWDC3aO.js                      8.74 kB │ gzip:     2.93 kB
../../../saas/admin-dist/assets/tax-region-tax-override-edit-form-73Rjt6x4.js           8.76 kB │ gzip:     2.89 kB
../../../saas/admin-dist/assets/utils-DN3A0Smk.js                                       8.82 kB │ gzip:     2.77 kB
../../../saas/admin-dist/assets/index-CgnuyO90.js                                       9.42 kB │ gzip:     2.97 kB
../../../saas/admin-dist/assets/index-IzUPXIT1.js                                       9.49 kB │ gzip:     3.19 kB
../../../saas/admin-dist/assets/index-DMZK94nj.js                                       9.49 kB │ gzip:     3.52 kB
../../../saas/admin-dist/assets/index-CqUU0j8p.js                                       9.49 kB │ gzip:     3.22 kB
../../../saas/admin-dist/assets/index-Db1d2AId.js                                       9.56 kB │ gzip:     2.97 kB
../../../saas/admin-dist/assets/index-DZrHCqhU.js                                       9.82 kB │ gzip:     3.72 kB
../../../saas/admin-dist/assets/index.esm-DhlAA597.js                                   9.93 kB │ gzip:     3.92 kB
../../../saas/admin-dist/assets/index-BePRq1V2.js                                      10.09 kB │ gzip:     3.48 kB
../../../saas/admin-dist/assets/index-BAvzbwRx.js                                      10.21 kB │ gzip:     3.91 kB
../../../saas/admin-dist/assets/index-C1hZLycp.js                                      10.40 kB │ gzip:     3.50 kB
../../../saas/admin-dist/assets/index-D7y8PXSQ.js                                      10.43 kB │ gzip:     3.03 kB
../../../saas/admin-dist/assets/index-DLLZRVTy.js                                      11.02 kB │ gzip:     3.60 kB
../../../saas/admin-dist/assets/index-BV7BUztf.js                                      11.29 kB │ gzip:     3.88 kB
../../../saas/admin-dist/assets/use-shipping-option-price-columns-BctFKIay.js          11.32 kB │ gzip:     3.08 kB
../../../saas/admin-dist/assets/index-BO9SZr20.js                                      11.36 kB │ gzip:     3.83 kB
../../../saas/admin-dist/assets/index-BobBHGzq.js                                      11.75 kB │ gzip:     4.21 kB
../../../saas/admin-dist/assets/index-z2_rmgcg.js                                      11.78 kB │ gzip:     3.97 kB
../../../saas/admin-dist/assets/index-m8kqyPNs.js                                      11.90 kB │ gzip:     3.59 kB
../../../saas/admin-dist/assets/index-Dn-sOPUA.js                                      12.35 kB │ gzip:     3.86 kB
../../../saas/admin-dist/assets/index-C0mQhbVM.js                                      12.53 kB │ gzip:     4.20 kB
../../../saas/admin-dist/assets/index-CTkBcdus.js                                      12.68 kB │ gzip:     3.51 kB
../../../saas/admin-dist/assets/schemas-BHIo8qYc.js                                    12.78 kB │ gzip:     4.28 kB
../../../saas/admin-dist/assets/index-CQSnASQO.js                                      13.16 kB │ gzip:     3.96 kB
../../../saas/admin-dist/assets/tiered-price-form-4hT9_RT0.js                          13.24 kB │ gzip:     4.91 kB
../../../saas/admin-dist/assets/index-CgynxDJ8.js                                      13.36 kB │ gzip:     4.06 kB
../../../saas/admin-dist/assets/index-CYMY-BQ9.js                                      13.67 kB │ gzip:     4.47 kB
../../../saas/admin-dist/assets/index-VUgEv05l.js                                      15.06 kB │ gzip:     4.95 kB
../../../saas/admin-dist/assets/index-Cc0LQFa0.js                                      16.17 kB │ gzip:     5.38 kB
../../../saas/admin-dist/assets/index-CB-rK6IM.js                                      17.17 kB │ gzip:     4.92 kB
../../../saas/admin-dist/assets/data-table-filter-EhKJpmsM.js                          17.21 kB │ gzip:     5.01 kB
../../../saas/admin-dist/assets/category-tree-BodoIxce.js                              17.73 kB │ gzip:     5.92 kB
../../../saas/admin-dist/assets/index-CEqxXrHT.js                                      18.59 kB │ gzip:     5.91 kB
../../../saas/admin-dist/assets/index-M1zu-KCv.js                                      19.34 kB │ gzip:     4.81 kB
../../../saas/admin-dist/assets/configurable-data-table-CiLlIyTR.js                    19.72 kB │ gzip:     7.15 kB
../../../saas/admin-dist/assets/select-BLZ2y0KC.js                                     21.87 kB │ gzip:     7.65 kB
../../../saas/admin-dist/assets/index-IkiGFdtQ.js                                      22.62 kB │ gzip:     7.31 kB
../../../saas/admin-dist/assets/country-states-DPI7CVnp.js                             22.75 kB │ gzip:     9.80 kB
../../../saas/admin-dist/assets/index-0dzIrxMY.js                                      27.25 kB │ gzip:     6.68 kB
../../../saas/admin-dist/assets/index-EiWiFsrc.js                                      34.88 kB │ gzip:    10.08 kB
../../../saas/admin-dist/assets/index-C51eMG9f.js                                      35.14 kB │ gzip:    13.01 kB
../../../saas/admin-dist/assets/index-Bb0BB4DP.js                                      36.39 kB │ gzip:     9.35 kB
../../../saas/admin-dist/assets/index-CuILfo7u.js                                      36.84 kB │ gzip:     9.51 kB
../../../saas/admin-dist/assets/index-CC6jsziF.js                                      50.86 kB │ gzip:    13.54 kB
../../../saas/admin-dist/assets/data-table-Psa5oABz.js                                 56.96 kB │ gzip:    16.64 kB
../../../saas/admin-dist/assets/create-data-grid-column-helper-B_tgh0mZ.js             64.66 kB │ gzip:    20.73 kB
../../../saas/admin-dist/assets/schemas-CyIhfvh1.js                                    66.77 kB │ gzip:    17.97 kB
../../../saas/admin-dist/assets/combobox-B0ZRbV-a.js                                   85.74 kB │ gzip:    28.92 kB
../../../saas/admin-dist/assets/index-CmmO4EKh.js                                     109.14 kB │ gzip:    33.71 kB
../../../saas/admin-dist/assets/date-picker-CqcJnW59.js                               177.99 kB │ gzip:    58.32 kB
../../../saas/admin-dist/assets/index-CK0A8mTK.js                                   4,374.75 kB │ gzip: 1,260.75 kB

(!) Some chunks are larger than 500 kB after minification. Consider:
- Using dynamic import() to code-split the application
- Use build.rollupOptions.output.manualChunks to improve chunking: https://rollupjs.org/configuration-options/#output-manualchunks
- Adjust chunk size limit for this warning via build.chunkSizeWarningLimit.
✓ built in 14.99s
