vite v5.4.21 building for production...
transforming...
Browserslist: browsers data (caniuse-lite) is 10 months old. Please run:
  npx update-browserslist-db@latest
  Why you should do it regularly: https://github.com/browserslist/update-db#readme
✓ 5638 modules transformed.
rendering chunks...
computing gzip size...
../../../saas/admin-dist/index.html                                                     0.41 kB │ gzip:     0.27 kB
../../../saas/admin-dist/assets/RobotoMono-Medium-B0UKl2Zn.ttf                         87.17 kB
../../../saas/admin-dist/assets/RobotoMono-Regular-44XoGH_Y.ttf                        87.24 kB
../../../saas/admin-dist/assets/Inter-Regular-DYjygwQm.ttf                            310.25 kB
../../../saas/admin-dist/assets/Inter-Medium-CKLJZXR2.ttf                             315.13 kB
../../../saas/admin-dist/assets/index-xS_9j7sN.css                                    105.72 kB │ gzip:    17.29 kB
../../../saas/admin-dist/assets/create-data-table-command-helper-C3wntDfO.js            0.05 kB │ gzip:     0.07 kB
../../../saas/admin-dist/assets/constants-BfSFfP0q.js                                   0.05 kB │ gzip:     0.07 kB
../../../saas/admin-dist/assets/constants-Ctly4bhN.js                                   0.05 kB │ gzip:     0.07 kB
../../../saas/admin-dist/assets/order-item-C81j_XSg.js                                  0.07 kB │ gzip:     0.08 kB
../../../saas/admin-dist/assets/create-data-table-filter-helper-BDq3TjGS.js             0.07 kB │ gzip:     0.09 kB
../../../saas/admin-dist/assets/cast-number--GkmTDK9.js                                 0.08 kB │ gzip:     0.10 kB
../../../saas/admin-dist/assets/compat-DiYjOc9-.js                                      0.10 kB │ gzip:     0.10 kB
../../../saas/admin-dist/assets/format-currency-DQuszszE.js                             0.12 kB │ gzip:     0.13 kB
../../../saas/admin-dist/assets/visually-hidden-CjPYZNvO.js                             0.13 kB │ gzip:     0.13 kB
../../../saas/admin-dist/assets/use-require-rbac-feature-BUqN_rek.js                    0.15 kB │ gzip:     0.15 kB
../../../saas/admin-dist/assets/sales-channel-table-renderers-C1RJfgPh.js               0.15 kB │ gzip:     0.15 kB
../../../saas/admin-dist/assets/parse-filter-param-LeLAJylQ.js                          0.16 kB │ gzip:     0.15 kB
../../../saas/admin-dist/assets/format-provider-pW7pxCCk.js                             0.16 kB │ gzip:     0.15 kB
../../../saas/admin-dist/assets/use-query-params-DNdFB9Kh.js                            0.17 kB │ gzip:     0.17 kB
../../../saas/admin-dist/assets/index-OdZEOA7s.js                                       0.17 kB │ gzip:     0.17 kB
../../../saas/admin-dist/assets/percentage-helpers-DGMLEdzo.js                          0.17 kB │ gzip:     0.16 kB
../../../saas/admin-dist/assets/constants-DaNPMP00.js                                   0.20 kB │ gzip:     0.17 kB
../../../saas/admin-dist/assets/constants--g-zvmhg.js                                   0.21 kB │ gzip:     0.14 kB
../../../saas/admin-dist/assets/use-date-table-filters-DVIgA81k.js                      0.23 kB │ gzip:     0.18 kB
../../../saas/admin-dist/assets/index-JDIXlzFt.js                                       0.23 kB │ gzip:     0.17 kB
../../../saas/admin-dist/assets/product-variants-Dc_vfP47.js                            0.23 kB │ gzip:     0.19 kB
../../../saas/admin-dist/assets/index-D5AYvNIr.js                                       0.24 kB │ gzip:     0.20 kB
../../../saas/admin-dist/assets/constants-BXu6M9C7.js                                   0.25 kB │ gzip:     0.19 kB
../../../saas/admin-dist/assets/plugins-DGviN7g2.js                                     0.29 kB │ gzip:     0.24 kB
../../../saas/admin-dist/assets/orders-Bde_YXVi.js                                      0.29 kB │ gzip:     0.21 kB
../../../saas/admin-dist/assets/constants-YPIfQL7L.js                                   0.30 kB │ gzip:     0.24 kB
../../../saas/admin-dist/assets/item-placeholder-D1rw5VEA.js                            0.32 kB │ gzip:     0.25 kB
../../../saas/admin-dist/assets/promotion-list-table-renderers-xg3JBg2o.js              0.39 kB │ gzip:     0.26 kB
../../../saas/admin-dist/assets/link-button-D0LGFryx.js                                 0.39 kB │ gzip:     0.27 kB
../../../saas/admin-dist/assets/detail-page-defaults-B0q6GJQy.js                        0.40 kB │ gzip:     0.25 kB
../../../saas/admin-dist/assets/keybound-form-DKOOoaYT.js                               0.41 kB │ gzip:     0.30 kB
../../../saas/admin-dist/assets/description-cell-C_pnsTyP.js                            0.41 kB │ gzip:     0.24 kB
../../../saas/admin-dist/assets/handle-input-CzORonNH.js                                0.43 kB │ gzip:     0.31 kB
../../../saas/admin-dist/assets/prism-json-xwnKirkR.js                                  0.45 kB │ gzip:     0.28 kB
../../../saas/admin-dist/assets/form-helpers-C2rf7EQ5.js                                0.47 kB │ gzip:     0.26 kB
../../../saas/admin-dist/assets/country-select-CDLvp-tQ.js                              0.52 kB │ gzip:     0.37 kB
../../../saas/admin-dist/assets/use-delete-product-category-action-Bc2KFlx0.js          0.52 kB │ gzip:     0.34 kB
../../../saas/admin-dist/assets/use-delete-price-list-action-DPSn77B2.js                0.53 kB │ gzip:     0.33 kB
../../../saas/admin-dist/assets/use-delete-product-type-action-CH607gOh.js              0.54 kB │ gzip:     0.35 kB
../../../saas/admin-dist/assets/use-delete-product-tag-action-Bg2nfdyA.js               0.55 kB │ gzip:     0.36 kB
../../../saas/admin-dist/assets/utils-BmHdQtUM.js                                       0.56 kB │ gzip:     0.32 kB
../../../saas/admin-dist/assets/section-row-EIjNJ1hI.js                                 0.56 kB │ gzip:     0.37 kB
../../../saas/admin-dist/assets/use-delete-shipping-option-type-action-CPGufbWB.js      0.58 kB │ gzip:     0.36 kB
../../../saas/admin-dist/assets/icon-avatar-C_lSuIl2.js                                 0.66 kB │ gzip:     0.35 kB
../../../saas/admin-dist/assets/switch-box-GBlyDSWg.js                                  0.66 kB │ gzip:     0.42 kB
../../../saas/admin-dist/assets/index-daso6DnE.js                                       0.67 kB │ gzip:     0.41 kB
../../../saas/admin-dist/assets/list-summary-Co1KEh4B.js                                0.67 kB │ gzip:     0.41 kB
../../../saas/admin-dist/assets/index-Bbue9AM4.js                                       0.68 kB │ gzip:     0.41 kB
../../../saas/admin-dist/assets/index-DCt0KVQ5.js                                       0.68 kB │ gzip:     0.42 kB
../../../saas/admin-dist/assets/index-D1OctS19.js                                       0.68 kB │ gzip:     0.42 kB
../../../saas/admin-dist/assets/status-cell-TQCratv9.js                                 0.68 kB │ gzip:     0.38 kB
../../../saas/admin-dist/assets/inline-tip-Crt1okT9.js                                  0.69 kB │ gzip:     0.40 kB
../../../saas/admin-dist/assets/shipping-options-DbXuoyCH.js                            0.69 kB │ gzip:     0.31 kB
../../../saas/admin-dist/assets/index-DWbS_-sU.js                                       0.69 kB │ gzip:     0.42 kB
../../../saas/admin-dist/assets/index-CIjAKy8I.js                                       0.69 kB │ gzip:     0.43 kB
../../../saas/admin-dist/assets/index-D3nk5-7t.js                                       0.69 kB │ gzip:     0.42 kB
../../../saas/admin-dist/assets/index-Dif-8pfM.js                                       0.69 kB │ gzip:     0.43 kB
../../../saas/admin-dist/assets/index-78AJJM85.js                                       0.70 kB │ gzip:     0.43 kB
../../../saas/admin-dist/assets/index-BLWTq3wC.js                                       0.70 kB │ gzip:     0.42 kB
../../../saas/admin-dist/assets/index-CO53ztbO.js                                       0.70 kB │ gzip:     0.42 kB
../../../saas/admin-dist/assets/index-YBSY1QvW.js                                       0.70 kB │ gzip:     0.42 kB
../../../saas/admin-dist/assets/index-DV3rEulU.js                                       0.71 kB │ gzip:     0.43 kB
../../../saas/admin-dist/assets/index-B61lYriN.js                                       0.71 kB │ gzip:     0.43 kB
../../../saas/admin-dist/assets/index-C6L2rAAi.js                                       0.72 kB │ gzip:     0.44 kB
../../../saas/admin-dist/assets/index-DeG0WqJE.js                                       0.73 kB │ gzip:     0.44 kB
../../../saas/admin-dist/assets/index-TkE0TEZa.js                                       0.73 kB │ gzip:     0.44 kB
../../../saas/admin-dist/assets/index-CR6iRD1f.js                                       0.74 kB │ gzip:     0.45 kB
../../../saas/admin-dist/assets/index-DEvSvJKO.js                                       0.74 kB │ gzip:     0.43 kB
../../../saas/admin-dist/assets/promotions-CV7-VrL8.js                                  0.74 kB │ gzip:     0.41 kB
../../../saas/admin-dist/assets/index-BZ2tyBiR.js                                       0.75 kB │ gzip:     0.46 kB
../../../saas/admin-dist/assets/text-cell-CQXXOck7.js                                   0.79 kB │ gzip:     0.36 kB
../../../saas/admin-dist/assets/use-locales-table-query-Cmx80vWr.js                     0.81 kB │ gzip:     0.46 kB
../../../saas/admin-dist/assets/addresses-BCDoTAXU.js                                   0.81 kB │ gzip:     0.43 kB
../../../saas/admin-dist/assets/use-currencies-table-query-Bdo5Lz4w.js                  0.83 kB │ gzip:     0.48 kB
../../../saas/admin-dist/assets/use-data-table-date-columns-D0Jjka9r.js                 0.83 kB │ gzip:     0.37 kB
../../../saas/admin-dist/assets/index-0pVEf77V.js                                       0.85 kB │ gzip:     0.42 kB
../../../saas/admin-dist/assets/validation-D5mtTi4m.js                                  0.85 kB │ gzip:     0.46 kB
../../../saas/admin-dist/assets/product-types-DkpbBgvE.js                               0.86 kB │ gzip:     0.36 kB
../../../saas/admin-dist/assets/invites-DO-64GLT.js                                     0.87 kB │ gzip:     0.38 kB
../../../saas/admin-dist/assets/alert-DuyRorIi.js                                       0.87 kB │ gzip:     0.51 kB
../../../saas/admin-dist/assets/status-badge-Bbjpnfex.js                                0.88 kB │ gzip:     0.48 kB
../../../saas/admin-dist/assets/index-Ca2TbbE8.js                                       0.89 kB │ gzip:     0.47 kB
../../../saas/admin-dist/assets/refund-reasons-CQlZY43n.js                              0.90 kB │ gzip:     0.36 kB
../../../saas/admin-dist/assets/tax-regions-6VsWS0cT.js                                 0.90 kB │ gzip:     0.39 kB
../../../saas/admin-dist/assets/shipping-option-types-CBeplUMx.js                       0.90 kB │ gzip:     0.37 kB
../../../saas/admin-dist/assets/tags-CH2g_ypM.js                                        0.90 kB │ gzip:     0.38 kB
../../../saas/admin-dist/assets/plus-DG4m08OS.js                                        0.90 kB │ gzip:     0.54 kB
../../../saas/admin-dist/assets/plus-mini-BSyPBJmV.js                                   0.91 kB │ gzip:     0.54 kB
../../../saas/admin-dist/assets/shipping-profiles-jFvajAd6.js                           0.93 kB │ gzip:     0.37 kB
../../../saas/admin-dist/assets/use-product-table-query-CqKtkrPh.js                     0.93 kB │ gzip:     0.46 kB
../../../saas/admin-dist/assets/use-product-type-table-columns-B6PJcXAG.js              0.93 kB │ gzip:     0.48 kB
../../../saas/admin-dist/assets/hooks-ChxDF2Qd.js                                       0.94 kB │ gzip:     0.55 kB
../../../saas/admin-dist/assets/arrow-right-Dr8NUCtB.js                                 0.94 kB │ gzip:     0.56 kB
../../../saas/admin-dist/assets/shipping-options-DUbSd8ef.js                            0.94 kB │ gzip:     0.39 kB
../../../saas/admin-dist/assets/return-reasons-CfQ1a7vW.js                              0.95 kB │ gzip:     0.38 kB
../../../saas/admin-dist/assets/inventory-item-general-section-B1C3Pq0q.js              0.97 kB │ gzip:     0.53 kB
../../../saas/admin-dist/assets/descending-sorting-cBCkdNb6.js                          1.00 kB │ gzip:     0.59 kB
../../../saas/admin-dist/assets/tax-rates-B0ltPzPv.js                                   1.01 kB │ gzip:     0.39 kB
../../../saas/admin-dist/assets/regions-p85t0uix.js                                     1.02 kB │ gzip:     0.38 kB
../../../saas/admin-dist/assets/use-customer-group-table-columns-CaWKmFWn.js            1.07 kB │ gzip:     0.58 kB
../../../saas/admin-dist/assets/arrow-down-right-mini-CeZhkgCb.js                       1.09 kB │ gzip:     0.60 kB
../../../saas/admin-dist/assets/trash-DtyyrAJp.js                                       1.09 kB │ gzip:     0.64 kB
../../../saas/admin-dist/assets/triangle-left-mini-B7EOKgEm.js                          1.09 kB │ gzip:     0.64 kB
../../../saas/admin-dist/assets/collections-D0wrVVQq.js                                 1.14 kB │ gzip:     0.37 kB
../../../saas/admin-dist/assets/date-range-display-Bydyz84v.js                          1.14 kB │ gzip:     0.50 kB
../../../saas/admin-dist/assets/use-data-table-date-filters-CqJ-1Kuv.js                 1.16 kB │ gzip:     0.50 kB
../../../saas/admin-dist/assets/x-circle-BvSipV_m.js                                    1.16 kB │ gzip:     0.65 kB
../../../saas/admin-dist/assets/fulfillment-sets-Dvu6si7d.js                            1.16 kB │ gzip:     0.37 kB
../../../saas/admin-dist/assets/categories-FQcWF0qh.js                                  1.17 kB │ gzip:     0.40 kB
../../../saas/admin-dist/assets/use-country-table-query-C4JBolys.js                     1.17 kB │ gzip:     0.66 kB
../../../saas/admin-dist/assets/useInfiniteQuery-C-HAinN9.js                            1.17 kB │ gzip:     0.51 kB
../../../saas/admin-dist/assets/index-DaQPIPMg.js                                       1.17 kB │ gzip:     0.62 kB
../../../saas/admin-dist/assets/index.modern-B_q0R5Ye.js                                1.18 kB │ gzip:     0.64 kB
../../../saas/admin-dist/assets/use-data-table-81Rd5vTc.js                              1.20 kB │ gzip:     0.65 kB
../../../saas/admin-dist/assets/pencil-square-NG9e0YbV.js                               1.21 kB │ gzip:     0.69 kB
../../../saas/admin-dist/assets/component-DiPomVwB.js                                   1.22 kB │ gzip:     0.66 kB
../../../saas/admin-dist/assets/information-circle-D5McUeRB.js                          1.22 kB │ gzip:     0.69 kB
../../../saas/admin-dist/assets/index-CZj2LqOx.js                                       1.23 kB │ gzip:     0.64 kB
../../../saas/admin-dist/assets/index-DOi67Tea.js                                       1.23 kB │ gzip:     0.64 kB
../../../saas/admin-dist/assets/action-menu-BCROCJ2G.js                                 1.23 kB │ gzip:     0.56 kB
../../../saas/admin-dist/assets/constants-CmNptDhH.js                                   1.24 kB │ gzip:     0.44 kB
../../../saas/admin-dist/assets/arrow-path-B5k4M_j6.js                                  1.26 kB │ gzip:     0.69 kB
../../../saas/admin-dist/assets/key-BxeGVESj.js                                         1.28 kB │ gzip:     0.73 kB
../../../saas/admin-dist/assets/use-combobox-data-BU2fwjVh.js                           1.31 kB │ gzip:     0.69 kB
../../../saas/admin-dist/assets/use-order-table-filters-COAlyujL.js                     1.32 kB │ gzip:     0.62 kB
../../../saas/admin-dist/assets/triangles-mini-4hI9SWlV.js                              1.37 kB │ gzip:     0.74 kB
../../../saas/admin-dist/assets/channels-CUD1hlmA.js                                    1.37 kB │ gzip:     0.71 kB
../../../saas/admin-dist/assets/translations-BosIK7qX.js                                1.39 kB │ gzip:     0.63 kB
../../../saas/admin-dist/assets/rma-jekdrk99.js                                         1.40 kB │ gzip:     0.77 kB
../../../saas/admin-dist/assets/data-table-order-by-CQJ10UxG.js                         1.43 kB │ gzip:     0.69 kB
../../../saas/admin-dist/assets/index-DxB7xmcu.js                                       1.45 kB │ gzip:     0.81 kB
../../../saas/admin-dist/assets/popover-BWjGmu2M.js                                     1.47 kB │ gzip:     0.64 kB
../../../saas/admin-dist/assets/utils-DYMSA_WN.js                                       1.48 kB │ gzip:     0.57 kB
../../../saas/admin-dist/assets/chip-group-UUh-iCE7.js                                  1.48 kB │ gzip:     0.71 kB
../../../saas/admin-dist/assets/use-product-table-filters-DFqCyfCf.js                   1.50 kB │ gzip:     0.58 kB
../../../saas/admin-dist/assets/api-keys-CJkRH_rz.js                                    1.51 kB │ gzip:     0.44 kB
../../../saas/admin-dist/assets/empty-table-content-B8LAvq8o.js                         1.53 kB │ gzip:     0.59 kB
../../../saas/admin-dist/assets/price-lists-Di0dJpvW.js                                 1.57 kB │ gzip:     0.49 kB
../../../saas/admin-dist/assets/use-product-table-columns-ByPx__tD.js                   1.61 kB │ gzip:     0.67 kB
../../../saas/admin-dist/assets/form-extension-zone-Cysmwkmg.js                         1.62 kB │ gzip:     0.77 kB
../../../saas/admin-dist/assets/globe-europe-Zp8vblol.js                                1.63 kB │ gzip:     0.91 kB
../../../saas/admin-dist/assets/create-data-grid-price-columns-CfEpCdq2.js              1.64 kB │ gzip:     0.65 kB
../../../saas/admin-dist/assets/index-D2rk4vpT.js                                       1.64 kB │ gzip:     0.86 kB
../../../saas/admin-dist/assets/use-promotion-table-query-B01977Fh.js                   1.65 kB │ gzip:     0.76 kB
../../../saas/admin-dist/assets/use-inventory-table-query-Dufrnbt4.js                   1.67 kB │ gzip:     0.69 kB
../../../saas/admin-dist/assets/sales-channels-D-ALwGnJ.js                              1.73 kB │ gzip:     0.46 kB
../../../saas/admin-dist/assets/index-AZpQsU0H.js                                       1.75 kB │ gzip:     0.89 kB
../../../saas/admin-dist/assets/index-CWRzk1iM.js                                       1.76 kB │ gzip:     0.89 kB
../../../saas/admin-dist/assets/index-kXbQohfT.js                                       1.78 kB │ gzip:     0.88 kB
../../../saas/admin-dist/assets/arrow-up-mini-TlpDl2Ks.js                               1.83 kB │ gzip:     0.68 kB
../../../saas/admin-dist/assets/utils-BYFiSvA5.js                                       1.83 kB │ gzip:     0.74 kB
../../../saas/admin-dist/assets/index-xQpWeC3L.js                                       1.85 kB │ gzip:     0.99 kB
../../../saas/admin-dist/assets/index-Ap1SNg5N.js                                       1.85 kB │ gzip:     0.84 kB
../../../saas/admin-dist/assets/index-CREmYft-.js                                       1.86 kB │ gzip:     0.84 kB
../../../saas/admin-dist/assets/index-CESVfAF_.js                                       1.87 kB │ gzip:     0.85 kB
../../../saas/admin-dist/assets/stock-locations-CxspZzUY.js                             1.87 kB │ gzip:     0.52 kB
../../../saas/admin-dist/assets/index-Cyi87Ka4.js                                       1.88 kB │ gzip:     0.92 kB
../../../saas/admin-dist/assets/percentage-input-57JR9fgp.js                            1.89 kB │ gzip:     0.85 kB
../../../saas/admin-dist/assets/index-DfB-lrE-.js                                       1.90 kB │ gzip:     0.91 kB
../../../saas/admin-dist/assets/index-DjMrkzqb.js                                       1.90 kB │ gzip:     0.91 kB
../../../saas/admin-dist/assets/currency-input-Bioc5VXz.js                              1.91 kB │ gzip:     0.88 kB
../../../saas/admin-dist/assets/index-C9N5vGex.js                                       1.92 kB │ gzip:     0.91 kB
../../../saas/admin-dist/assets/index-BGbZyLS5.js                                       1.93 kB │ gzip:     0.93 kB
../../../saas/admin-dist/assets/thumbnail-badge-DhyKTqpl.js                             1.96 kB │ gzip:     0.97 kB
../../../saas/admin-dist/assets/index-BrERkfbF.js                                       2.00 kB │ gzip:     0.94 kB
../../../saas/admin-dist/assets/index-CrD_NuNJ.js                                       2.00 kB │ gzip:     0.89 kB
../../../saas/admin-dist/assets/index-CWYkDKVl.js                                       2.08 kB │ gzip:     0.96 kB
../../../saas/admin-dist/assets/sidebar-link-CoHpV5Wj.js                                2.11 kB │ gzip:     1.02 kB
../../../saas/admin-dist/assets/index-BkDq_L9_.js                                       2.16 kB │ gzip:     0.96 kB
../../../saas/admin-dist/assets/index-DRklL-U6.js                                       2.17 kB │ gzip:     0.96 kB
../../../saas/admin-dist/assets/index-ClgY-8wT.js                                       2.17 kB │ gzip:     1.10 kB
../../../saas/admin-dist/assets/data-grid-toggleable-number-cell-u7Yf3Zr9.js            2.21 kB │ gzip:     1.11 kB
../../../saas/admin-dist/assets/index-BCufSIpd.js                                       2.22 kB │ gzip:     1.07 kB
../../../saas/admin-dist/assets/use-sales-channel-table-query-DZRveOyb.js               2.26 kB │ gzip:     0.85 kB
../../../saas/admin-dist/assets/index-Cmk78wLJ.js                                       2.26 kB │ gzip:     1.04 kB
../../../saas/admin-dist/assets/create-campaign-form-C92ilxpM.js                        2.27 kB │ gzip:     1.01 kB
../../../saas/admin-dist/assets/price-list-customer-group-rule-form-CnHdryzP.js         2.31 kB │ gzip:     1.19 kB
../../../saas/admin-dist/assets/focus-modal-C0DuDC36.js                                 2.32 kB │ gzip:     0.82 kB
../../../saas/admin-dist/assets/index-xKzzKmnU.js                                       2.33 kB │ gzip:     1.00 kB
../../../saas/admin-dist/assets/index-BpaDcUlR.js                                       2.37 kB │ gzip:     1.14 kB
../../../saas/admin-dist/assets/index-CYn1HrIR.js                                       2.38 kB │ gzip:     1.21 kB
../../../saas/admin-dist/assets/index-DuPYz5XK.js                                       2.42 kB │ gzip:     1.14 kB
../../../saas/admin-dist/assets/index-D9jX-8Dk.js                                       2.49 kB │ gzip:     1.17 kB
../../../saas/admin-dist/assets/index-h4pIP6ZJ.js                                       2.50 kB │ gzip:     1.07 kB
../../../saas/admin-dist/assets/index-Bc5_yjdU.js                                       2.56 kB │ gzip:     1.03 kB
../../../saas/admin-dist/assets/radio-group-Cb_1atno.js                                 2.64 kB │ gzip:     0.83 kB
../../../saas/admin-dist/assets/placeholders-HSMuGJBx.js                                2.65 kB │ gzip:     1.11 kB
../../../saas/admin-dist/assets/index-Dl9PLeni.js                                       2.66 kB │ gzip:     1.25 kB
../../../saas/admin-dist/assets/index-C45Qns_s.js                                       2.67 kB │ gzip:     1.04 kB
../../../saas/admin-dist/assets/index-zs03WRwu.js                                       2.68 kB │ gzip:     1.13 kB
../../../saas/admin-dist/assets/file-upload-CXiWlwZo.js                                 2.72 kB │ gzip:     1.43 kB
../../../saas/admin-dist/assets/index-NrAWoV8N.js                                       2.72 kB │ gzip:     1.05 kB
../../../saas/admin-dist/assets/stacked-focus-modal-NW2m2xYz.js                         2.75 kB │ gzip:     1.10 kB
../../../saas/admin-dist/assets/avatar-box-HuD5NSy-.js                                  2.77 kB │ gzip:     1.24 kB
../../../saas/admin-dist/assets/use-tax-region-table-CvTl02nv.js                        2.78 kB │ gzip:     1.30 kB
../../../saas/admin-dist/assets/index-BkV7rM-x.js                                       2.80 kB │ gzip:     1.05 kB
../../../saas/admin-dist/assets/index-B78tqr2D.js                                       2.82 kB │ gzip:     1.33 kB
../../../saas/admin-dist/assets/index-BavRo87P.js                                       2.82 kB │ gzip:     1.15 kB
../../../saas/admin-dist/assets/command-bar-CIHhcwA_.js                                 2.86 kB │ gzip:     1.16 kB
../../../saas/admin-dist/assets/index-Cj834sRz.js                                       2.88 kB │ gzip:     1.13 kB
../../../saas/admin-dist/assets/switch-DGEDBfNr.js                                      2.91 kB │ gzip:     1.37 kB
../../../saas/admin-dist/assets/index-CKNAzKX8.js                                       2.95 kB │ gzip:     1.24 kB
../../../saas/admin-dist/assets/index-Db2fXynU.js                                       2.97 kB │ gzip:     1.50 kB
../../../saas/admin-dist/assets/use-customer-table-columns-7JNAyess.js                  3.00 kB │ gzip:     1.10 kB
../../../saas/admin-dist/assets/index-Dr2jL-l_.js                                       3.01 kB │ gzip:     1.16 kB
../../../saas/admin-dist/assets/add-locales-form--BBGNyzX.js                            3.02 kB │ gzip:     1.51 kB
../../../saas/admin-dist/assets/customer-groups-6tqSFSPz.js                             3.05 kB │ gzip:     0.62 kB
../../../saas/admin-dist/assets/index-D-JI8PDA.js                                       3.05 kB │ gzip:     1.25 kB
../../../saas/admin-dist/assets/index-Dy3yAo8A.js                                       3.08 kB │ gzip:     1.07 kB
../../../saas/admin-dist/assets/route-focus-modal-DHzRMux7.js                           3.09 kB │ gzip:     1.44 kB
../../../saas/admin-dist/assets/index-DhXOoxG5.js                                       3.19 kB │ gzip:     1.06 kB
../../../saas/admin-dist/assets/exchanges-t7di0W4Z.js                                   3.19 kB │ gzip:     0.63 kB
../../../saas/admin-dist/assets/checkbox-bfie28ma.js                                    3.20 kB │ gzip:     1.50 kB
../../../saas/admin-dist/assets/index-Dy2J5h4x.js                                       3.22 kB │ gzip:     1.56 kB
../../../saas/admin-dist/assets/index-Bn0Sh-GE.js                                       3.24 kB │ gzip:     1.32 kB
../../../saas/admin-dist/assets/index-B2reHc-W.js                                       3.25 kB │ gzip:     1.51 kB
../../../saas/admin-dist/assets/index-CRwbJDzr.js                                       3.26 kB │ gzip:     1.44 kB
../../../saas/admin-dist/assets/table-CPlB-qEE.js                                       3.32 kB │ gzip:     1.28 kB
../../../saas/admin-dist/assets/index-CgXh38jl.js                                       3.36 kB │ gzip:     1.37 kB
../../../saas/admin-dist/assets/index-YFrs2xYB.js                                       3.42 kB │ gzip:     1.37 kB
../../../saas/admin-dist/assets/copy-DxwCANVb.js                                        3.42 kB │ gzip:     1.38 kB
../../../saas/admin-dist/assets/index-DoSx2lWy.js                                       3.43 kB │ gzip:     1.58 kB
../../../saas/admin-dist/assets/zod-DtFq1rL9.js                                         3.43 kB │ gzip:     1.36 kB
../../../saas/admin-dist/assets/index-DY7Pf5F2.js                                       3.43 kB │ gzip:     1.19 kB
../../../saas/admin-dist/assets/use-order-table-columns-C_bP1zrR.js                     3.45 kB │ gzip:     1.12 kB
../../../saas/admin-dist/assets/index-UF8jhzMW.js                                       3.47 kB │ gzip:     1.72 kB
../../../saas/admin-dist/assets/index-9cs1_t88.js                                       3.48 kB │ gzip:     1.60 kB
../../../saas/admin-dist/assets/mfa-DFg5WmsI.js                                         3.50 kB │ gzip:     1.65 kB
../../../saas/admin-dist/assets/index-DG-p6x25.js                                       3.57 kB │ gzip:     1.63 kB
../../../saas/admin-dist/assets/claims-lt5lOxuS.js                                      3.58 kB │ gzip:     0.62 kB
../../../saas/admin-dist/assets/index-Dazp_ZwD.js                                       3.59 kB │ gzip:     1.59 kB
../../../saas/admin-dist/assets/index-z79mG05t.js                                       3.59 kB │ gzip:     1.72 kB
../../../saas/admin-dist/assets/tax-badge-98uKt2kH.js                                   3.61 kB │ gzip:     1.24 kB
../../../saas/admin-dist/assets/index-B9Hue-MN.js                                       3.64 kB │ gzip:     1.56 kB
../../../saas/admin-dist/assets/index-BGbSxf1I.js                                       3.64 kB │ gzip:     1.34 kB
../../../saas/admin-dist/assets/folder-illustration-CiwTBR00.js                         3.69 kB │ gzip:     1.24 kB
../../../saas/admin-dist/assets/index-BAREaV-w.js                                       3.77 kB │ gzip:     1.71 kB
../../../saas/admin-dist/assets/index-BiD3f6Jc.js                                       3.78 kB │ gzip:     1.79 kB
../../../saas/admin-dist/assets/index-BUmw1Lxd.js                                       3.87 kB │ gzip:     1.80 kB
../../../saas/admin-dist/assets/index-BDeDgHR2.js                                       3.87 kB │ gzip:     1.57 kB
../../../saas/admin-dist/assets/index-B84od-zi.js                                       3.89 kB │ gzip:     1.80 kB
../../../saas/admin-dist/assets/index-BE3SNq7e.js                                       3.89 kB │ gzip:     1.62 kB
../../../saas/admin-dist/assets/index-dGRyHahU.js                                       3.92 kB │ gzip:     1.83 kB
../../../saas/admin-dist/assets/index-D_TguA82.js                                       3.99 kB │ gzip:     1.90 kB
../../../saas/admin-dist/assets/index-DOWvSnrY.js                                       4.01 kB │ gzip:     1.35 kB
../../../saas/admin-dist/assets/index-DoAj16nG.js                                       4.05 kB │ gzip:     1.93 kB
../../../saas/admin-dist/assets/index-BwVsWQJb.js                                       4.05 kB │ gzip:     1.94 kB
../../../saas/admin-dist/assets/index-C8GgsGrO.js                                       4.07 kB │ gzip:     1.91 kB
../../../saas/admin-dist/assets/index-CGKACv2H.js                                       4.07 kB │ gzip:     1.84 kB
../../../saas/admin-dist/assets/index-BWDHOXYK.js                                       4.08 kB │ gzip:     1.67 kB
../../../saas/admin-dist/assets/index-DZGobpQZ.js                                       4.11 kB │ gzip:     1.67 kB
../../../saas/admin-dist/assets/index-ZiO7QvW3.js                                       4.19 kB │ gzip:     1.98 kB
../../../saas/admin-dist/assets/geo-zone-form-JemNB-kw.js                               4.19 kB │ gzip:     1.88 kB
../../../saas/admin-dist/assets/index-DsmB-PVW.js                                       4.21 kB │ gzip:     1.85 kB
../../../saas/admin-dist/assets/index-DVFwFPuT.js                                       4.22 kB │ gzip:     1.97 kB
../../../saas/admin-dist/assets/chip-input-GubdyKU3.js                                  4.28 kB │ gzip:     2.01 kB
../../../saas/admin-dist/assets/index-Dczx4ncQ.js                                       4.31 kB │ gzip:     1.78 kB
../../../saas/admin-dist/assets/index-Ck0T9D_O.js                                       4.37 kB │ gzip:     1.93 kB
../../../saas/admin-dist/assets/index-Fe5Qvylk.js                                       4.39 kB │ gzip:     1.27 kB
../../../saas/admin-dist/assets/index-BqLu6a7U.js                                       4.46 kB │ gzip:     1.23 kB
../../../saas/admin-dist/assets/index-DWHaGaFT.js                                       4.47 kB │ gzip:     2.04 kB
../../../saas/admin-dist/assets/index-sh3ZojvV.js                                       4.49 kB │ gzip:     2.01 kB
../../../saas/admin-dist/assets/index-CafJdF6c.js                                       4.51 kB │ gzip:     1.95 kB
../../../saas/admin-dist/assets/index-SeU1zBlQ.js                                       4.54 kB │ gzip:     2.05 kB
../../../saas/admin-dist/assets/index-DEnRPkJs.js                                       4.55 kB │ gzip:     1.66 kB
../../../saas/admin-dist/assets/index-D5JLPbPV.js                                       4.55 kB │ gzip:     1.64 kB
../../../saas/admin-dist/assets/returns-8zD3uR4h.js                                     4.56 kB │ gzip:     0.67 kB
../../../saas/admin-dist/assets/index-WBcBvKF6.js                                       4.59 kB │ gzip:     1.45 kB
../../../saas/admin-dist/assets/index-5epOZWSZ.js                                       4.62 kB │ gzip:     2.06 kB
../../../saas/admin-dist/assets/index-C1rOT-AC.js                                       4.63 kB │ gzip:     1.32 kB
../../../saas/admin-dist/assets/index-BWfXoKXN.js                                       4.64 kB │ gzip:     1.68 kB
../../../saas/admin-dist/assets/index-CyQjc0pE.js                                       4.69 kB │ gzip:     1.60 kB
../../../saas/admin-dist/assets/index-ycC8oHjD.js                                       4.71 kB │ gzip:     1.65 kB
../../../saas/admin-dist/assets/index-DDu_1lKP.js                                       4.73 kB │ gzip:     2.11 kB
../../../saas/admin-dist/assets/index-cb3HfWqh.js                                       4.76 kB │ gzip:     2.18 kB
../../../saas/admin-dist/assets/index-DfQH2uby.js                                       4.83 kB │ gzip:     1.30 kB
../../../saas/admin-dist/assets/index-D9a75QSu.js                                       4.83 kB │ gzip:     2.16 kB
../../../saas/admin-dist/assets/index-CD5x8txv.js                                       4.89 kB │ gzip:     1.96 kB
../../../saas/admin-dist/assets/index-B5gHbhjL.js                                       4.89 kB │ gzip:     2.15 kB
../../../saas/admin-dist/assets/index-TMbI3BbM.js                                       4.92 kB │ gzip:     1.35 kB
../../../saas/admin-dist/assets/index-Dt3QCGzN.js                                       4.95 kB │ gzip:     1.81 kB
../../../saas/admin-dist/assets/index-DVvPQNXg.js                                       4.97 kB │ gzip:     1.98 kB
../../../saas/admin-dist/assets/index-DtC2NW-p.js                                       4.99 kB │ gzip:     1.37 kB
../../../saas/admin-dist/assets/progress-tabs-D7akNUgG.js                               5.00 kB │ gzip:     2.22 kB
../../../saas/admin-dist/assets/index-CmR990KG.js                                       5.03 kB │ gzip:     2.10 kB
../../../saas/admin-dist/assets/index-BRGJLGCt.js                                       5.04 kB │ gzip:     1.78 kB
../../../saas/admin-dist/assets/index-BZNwtGub.js                                       5.11 kB │ gzip:     2.26 kB
../../../saas/admin-dist/assets/utils-CDNS9f1I.js                                       5.12 kB │ gzip:     1.78 kB
../../../saas/admin-dist/assets/index-CiMWGWAD.js                                       5.13 kB │ gzip:     2.16 kB
../../../saas/admin-dist/assets/index-FDZChbog.js                                       5.14 kB │ gzip:     2.10 kB
../../../saas/admin-dist/assets/index-Bbwrge34.js                                       5.16 kB │ gzip:     2.29 kB
../../../saas/admin-dist/assets/tax-region-card-BZ0teyTE.js                             5.16 kB │ gzip:     2.18 kB
../../../saas/admin-dist/assets/index-CoHOjQuf.js                                       5.17 kB │ gzip:     2.18 kB
../../../saas/admin-dist/assets/index-Cw4k7OeH.js                                       5.19 kB │ gzip:     2.00 kB
../../../saas/admin-dist/assets/index-CoTh4LwQ.js                                       5.23 kB │ gzip:     2.32 kB
../../../saas/admin-dist/assets/index-BN9pbHOK.js                                       5.23 kB │ gzip:     1.85 kB
../../../saas/admin-dist/assets/index-7CWOfgcN.js                                       5.26 kB │ gzip:     2.37 kB
../../../saas/admin-dist/assets/index-CrjkjglO.js                                       5.35 kB │ gzip:     2.26 kB
../../../saas/admin-dist/assets/index-7av2NOvd.js                                       5.37 kB │ gzip:     2.05 kB
../../../saas/admin-dist/assets/create-campaign-form-fields-BrOkv0KX.js                 5.47 kB │ gzip:     1.54 kB
../../../saas/admin-dist/assets/index-BP3uUPpm.js                                       5.50 kB │ gzip:     2.32 kB
../../../saas/admin-dist/assets/index-Dievba5J.js                                       5.51 kB │ gzip:     2.17 kB
../../../saas/admin-dist/assets/index-dJ2Hldo8.js                                       5.58 kB │ gzip:     2.00 kB
../../../saas/admin-dist/assets/index-D3lZLkpZ.js                                       5.65 kB │ gzip:     2.29 kB
../../../saas/admin-dist/assets/index-Cibty4h-.js                                       5.68 kB │ gzip:     2.39 kB
../../../saas/admin-dist/assets/index-DfvF6B4t.js                                       5.88 kB │ gzip:     2.35 kB
../../../saas/admin-dist/assets/index-BEWhP0yn.js                                       5.92 kB │ gzip:     2.22 kB
../../../saas/admin-dist/assets/index-CGKjO5q8.js                                       6.10 kB │ gzip:     2.50 kB
../../../saas/admin-dist/assets/index-D6qoh6eG.js                                       6.11 kB │ gzip:     2.38 kB
../../../saas/admin-dist/assets/index-C_9WuWE8.js                                       6.12 kB │ gzip:     2.08 kB
../../../saas/admin-dist/assets/upload-media-form-item-BfCZ0sM5.js                      6.16 kB │ gzip:     2.44 kB
../../../saas/admin-dist/assets/index-C9AvrOaL.js                                       6.17 kB │ gzip:     2.33 kB
../../../saas/admin-dist/assets/data-table-C8vQX1q1.js                                  6.27 kB │ gzip:     2.57 kB
../../../saas/admin-dist/assets/index-4cOekf4b.js                                       6.68 kB │ gzip:     2.60 kB
../../../saas/admin-dist/assets/metadata-form-BiWSnyYs.js                               6.69 kB │ gzip:     2.71 kB
../../../saas/admin-dist/assets/index-qzfC76IG.js                                       6.71 kB │ gzip:     2.16 kB
../../../saas/admin-dist/assets/index-CH35p4OJ.js                                       6.79 kB │ gzip:     2.72 kB
../../../saas/admin-dist/assets/index-C2C60pxD.js                                       6.84 kB │ gzip:     2.37 kB
../../../saas/admin-dist/assets/index-BQ7HHZYs.js                                       6.85 kB │ gzip:     2.69 kB
../../../saas/admin-dist/assets/category-combobox-BghMBZ4s.js                           7.10 kB │ gzip:     2.71 kB
../../../saas/admin-dist/assets/add-campaign-promotion-form-iSL-pKfk.js                 7.14 kB │ gzip:     1.97 kB
../../../saas/admin-dist/assets/index-2JHgjBUU.js                                       7.24 kB │ gzip:     2.92 kB
../../../saas/admin-dist/assets/index--hP6wBhI.js                                       7.26 kB │ gzip:     2.46 kB
../../../saas/admin-dist/assets/index-a7N0Cwbm.js                                       7.30 kB │ gzip:     2.49 kB
../../../saas/admin-dist/assets/index-DvFncUxY.js                                       7.50 kB │ gzip:     2.85 kB
../../../saas/admin-dist/assets/index-QEUxdyum.js                                       7.57 kB │ gzip:     2.87 kB
../../../saas/admin-dist/assets/index-D7v_laKL.js                                       7.66 kB │ gzip:     2.77 kB
../../../saas/admin-dist/assets/index-DztE_ZV3.js                                       7.76 kB │ gzip:     2.43 kB
../../../saas/admin-dist/assets/index-rTZQ1Yb1.js                                       7.79 kB │ gzip:     2.21 kB
../../../saas/admin-dist/assets/index-DuLzOQoK.js                                       7.94 kB │ gzip:     2.80 kB
../../../saas/admin-dist/assets/index-DHxDTFbu.js                                       8.03 kB │ gzip:     3.15 kB
../../../saas/admin-dist/assets/index-DoHemkmk.js                                       8.14 kB │ gzip:     3.10 kB
../../../saas/admin-dist/assets/index-Cvp_zOUy.js                                       8.19 kB │ gzip:     3.42 kB
../../../saas/admin-dist/assets/rules-form-field-rNyDHWVQ.js                            8.22 kB │ gzip:     2.87 kB
../../../saas/admin-dist/assets/index-y7dqCmsj.js                                       8.38 kB │ gzip:     3.56 kB
../../../saas/admin-dist/assets/index-otPiXUgd.js                                       8.41 kB │ gzip:     2.24 kB
../../../saas/admin-dist/assets/index-CUZqrlYN.js                                       8.48 kB │ gzip:     3.21 kB
../../../saas/admin-dist/assets/index-BaUPJjsy.js                                       8.68 kB │ gzip:     3.30 kB
../../../saas/admin-dist/assets/index-Bd4ROD9N.js                                       8.71 kB │ gzip:     2.72 kB
../../../saas/admin-dist/assets/index-CYg8QTdD.js                                       8.71 kB │ gzip:     3.66 kB
../../../saas/admin-dist/assets/use-tax-override-table-BoxeTHqM.js                      8.74 kB │ gzip:     2.93 kB
../../../saas/admin-dist/assets/tax-region-tax-override-edit-form-ByZw3qer.js           8.76 kB │ gzip:     2.90 kB
../../../saas/admin-dist/assets/utils-BGUQhgiL.js                                       8.82 kB │ gzip:     2.77 kB
../../../saas/admin-dist/assets/index-Bskp0PlG.js                                       9.42 kB │ gzip:     2.97 kB
../../../saas/admin-dist/assets/index-DC6t7yWn.js                                       9.49 kB │ gzip:     3.19 kB
../../../saas/admin-dist/assets/index-DZ8iginA.js                                       9.49 kB │ gzip:     3.52 kB
../../../saas/admin-dist/assets/index-C4m6x7vx.js                                       9.49 kB │ gzip:     3.22 kB
../../../saas/admin-dist/assets/index-B0Rq8HbH.js                                       9.56 kB │ gzip:     2.98 kB
../../../saas/admin-dist/assets/index-C-sTcfjn.js                                       9.82 kB │ gzip:     3.72 kB
../../../saas/admin-dist/assets/index.esm-C4mO2pQ2.js                                   9.93 kB │ gzip:     3.92 kB
../../../saas/admin-dist/assets/index-DdFkv2FU.js                                      10.09 kB │ gzip:     3.48 kB
../../../saas/admin-dist/assets/index-DH6Qutrk.js                                      10.21 kB │ gzip:     3.91 kB
../../../saas/admin-dist/assets/index-DByKJsC8.js                                      10.40 kB │ gzip:     3.50 kB
../../../saas/admin-dist/assets/index-BdFwjPcv.js                                      10.43 kB │ gzip:     3.02 kB
../../../saas/admin-dist/assets/index-Djsf92A4.js                                      11.02 kB │ gzip:     3.60 kB
../../../saas/admin-dist/assets/index-CXEc3Nu5.js                                      11.29 kB │ gzip:     3.88 kB
../../../saas/admin-dist/assets/use-shipping-option-price-columns-Bca1iDeQ.js          11.32 kB │ gzip:     3.08 kB
../../../saas/admin-dist/assets/index-CS4qlySF.js                                      11.36 kB │ gzip:     3.83 kB
../../../saas/admin-dist/assets/index-pt0WDtB9.js                                      11.75 kB │ gzip:     4.20 kB
../../../saas/admin-dist/assets/index-DeYCwkB4.js                                      11.78 kB │ gzip:     3.97 kB
../../../saas/admin-dist/assets/index-DfiqFZWj.js                                      11.90 kB │ gzip:     3.59 kB
../../../saas/admin-dist/assets/index-BskU8V8j.js                                      12.35 kB │ gzip:     3.86 kB
../../../saas/admin-dist/assets/index-DEJw3DUr.js                                      12.53 kB │ gzip:     4.20 kB
../../../saas/admin-dist/assets/index-DIpm7SmX.js                                      12.68 kB │ gzip:     3.52 kB
../../../saas/admin-dist/assets/schemas-BZqH0MOY.js                                    12.78 kB │ gzip:     4.28 kB
../../../saas/admin-dist/assets/index-BfAC9KA8.js                                      13.16 kB │ gzip:     3.96 kB
../../../saas/admin-dist/assets/tiered-price-form-2b0sBnN8.js                          13.24 kB │ gzip:     4.91 kB
../../../saas/admin-dist/assets/index-w7gNq2iA.js                                      13.36 kB │ gzip:     4.06 kB
../../../saas/admin-dist/assets/index-TFxp3AwD.js                                      13.67 kB │ gzip:     4.48 kB
../../../saas/admin-dist/assets/index-FihK5pN8.js                                      15.06 kB │ gzip:     4.95 kB
../../../saas/admin-dist/assets/index-aV_PV6RL.js                                      16.17 kB │ gzip:     5.38 kB
../../../saas/admin-dist/assets/index-XlREgP31.js                                      17.17 kB │ gzip:     4.92 kB
../../../saas/admin-dist/assets/data-table-filter-8H8I9kDG.js                          17.21 kB │ gzip:     5.01 kB
../../../saas/admin-dist/assets/category-tree-CKmgpeJw.js                              17.73 kB │ gzip:     5.92 kB
../../../saas/admin-dist/assets/index-C2dx1PRf.js                                      18.59 kB │ gzip:     5.91 kB
../../../saas/admin-dist/assets/index-CAbAWepl.js                                      19.34 kB │ gzip:     4.81 kB
../../../saas/admin-dist/assets/configurable-data-table-Hte8jCaK.js                    19.72 kB │ gzip:     7.15 kB
../../../saas/admin-dist/assets/select-0R0KfrC2.js                                     21.87 kB │ gzip:     7.65 kB
../../../saas/admin-dist/assets/index-Dwx65Nj7.js                                      22.62 kB │ gzip:     7.31 kB
../../../saas/admin-dist/assets/country-states-DPI7CVnp.js                             22.75 kB │ gzip:     9.80 kB
../../../saas/admin-dist/assets/index-CIgfqGwY.js                                      27.25 kB │ gzip:     6.67 kB
../../../saas/admin-dist/assets/index-_aA5QVEs.js                                      34.88 kB │ gzip:    10.08 kB
../../../saas/admin-dist/assets/index-CRb8hJ-e.js                                      35.14 kB │ gzip:    13.01 kB
../../../saas/admin-dist/assets/index-CnyiFqQK.js                                      36.39 kB │ gzip:     9.35 kB
../../../saas/admin-dist/assets/index-CEWsjwW8.js                                      36.84 kB │ gzip:     9.51 kB
../../../saas/admin-dist/assets/index-CnYu6-12.js                                      50.86 kB │ gzip:    13.54 kB
../../../saas/admin-dist/assets/data-table-BmmuO_TJ.js                                 56.96 kB │ gzip:    16.64 kB
../../../saas/admin-dist/assets/create-data-grid-column-helper-Cr4XBM7t.js             64.66 kB │ gzip:    20.74 kB
../../../saas/admin-dist/assets/schemas-CyIhfvh1.js                                    66.77 kB │ gzip:    17.97 kB
../../../saas/admin-dist/assets/combobox-BSVbmZRz.js                                   85.69 kB │ gzip:    28.92 kB
../../../saas/admin-dist/assets/index-kbZUcixw.js                                     109.14 kB │ gzip:    33.71 kB
../../../saas/admin-dist/assets/date-picker-B09UW-tH.js                               177.99 kB │ gzip:    58.32 kB
../../../saas/admin-dist/assets/index-BYtMKM39.js                                   4,381.68 kB │ gzip: 1,262.60 kB

(!) Some chunks are larger than 500 kB after minification. Consider:
- Using dynamic import() to code-split the application
- Use build.rollupOptions.output.manualChunks to improve chunking: https://rollupjs.org/configuration-options/#output-manualchunks
- Adjust chunk size limit for this warning via build.chunkSizeWarningLimit.
✓ built in 14.37s
