vite v5.4.21 building for production...
transforming...
Browserslist: browsers data (caniuse-lite) is 10 months old. Please run:
  npx update-browserslist-db@latest
  Why you should do it regularly: https://github.com/browserslist/update-db#readme
✓ 5635 modules transformed.
rendering chunks...
computing gzip size...
../../../saas/admin-dist/index.html                                                     0.41 kB │ gzip:     0.27 kB
../../../saas/admin-dist/assets/RobotoMono-Medium-B0UKl2Zn.ttf                         87.17 kB
../../../saas/admin-dist/assets/RobotoMono-Regular-44XoGH_Y.ttf                        87.24 kB
../../../saas/admin-dist/assets/Inter-Regular-DYjygwQm.ttf                            310.25 kB
../../../saas/admin-dist/assets/Inter-Medium-CKLJZXR2.ttf                             315.13 kB
../../../saas/admin-dist/assets/index-xS_9j7sN.css                                    105.72 kB │ gzip:    17.29 kB
../../../saas/admin-dist/assets/create-data-table-command-helper-C3wntDfO.js            0.05 kB │ gzip:     0.07 kB
../../../saas/admin-dist/assets/constants-BfSFfP0q.js                                   0.05 kB │ gzip:     0.07 kB
../../../saas/admin-dist/assets/constants-Ctly4bhN.js                                   0.05 kB │ gzip:     0.07 kB
../../../saas/admin-dist/assets/order-item-C81j_XSg.js                                  0.07 kB │ gzip:     0.08 kB
../../../saas/admin-dist/assets/create-data-table-filter-helper-BDq3TjGS.js             0.07 kB │ gzip:     0.09 kB
../../../saas/admin-dist/assets/cast-number--GkmTDK9.js                                 0.08 kB │ gzip:     0.10 kB
../../../saas/admin-dist/assets/compat-DiYjOc9-.js                                      0.10 kB │ gzip:     0.10 kB
../../../saas/admin-dist/assets/format-currency-DQuszszE.js                             0.12 kB │ gzip:     0.13 kB
../../../saas/admin-dist/assets/visually-hidden-avpZuBhL.js                             0.13 kB │ gzip:     0.13 kB
../../../saas/admin-dist/assets/use-require-rbac-feature-DmdLm6FC.js                    0.15 kB │ gzip:     0.15 kB
../../../saas/admin-dist/assets/sales-channel-table-renderers-Cp2tZ_yj.js               0.15 kB │ gzip:     0.15 kB
../../../saas/admin-dist/assets/parse-filter-param-LeLAJylQ.js                          0.16 kB │ gzip:     0.15 kB
../../../saas/admin-dist/assets/format-provider-pW7pxCCk.js                             0.16 kB │ gzip:     0.15 kB
../../../saas/admin-dist/assets/use-query-params-BTkj6gxb.js                            0.17 kB │ gzip:     0.16 kB
../../../saas/admin-dist/assets/index-CkoL_yAw.js                                       0.17 kB │ gzip:     0.16 kB
../../../saas/admin-dist/assets/percentage-helpers-DGMLEdzo.js                          0.17 kB │ gzip:     0.16 kB
../../../saas/admin-dist/assets/constants-DaNPMP00.js                                   0.20 kB │ gzip:     0.17 kB
../../../saas/admin-dist/assets/constants--g-zvmhg.js                                   0.21 kB │ gzip:     0.14 kB
../../../saas/admin-dist/assets/use-date-table-filters-Cu89Xu4Y.js                      0.23 kB │ gzip:     0.18 kB
../../../saas/admin-dist/assets/index-gLzrazqL.js                                       0.23 kB │ gzip:     0.17 kB
../../../saas/admin-dist/assets/product-variants-D8OkB8OJ.js                            0.23 kB │ gzip:     0.19 kB
../../../saas/admin-dist/assets/index-CzaJLJPH.js                                       0.24 kB │ gzip:     0.20 kB
../../../saas/admin-dist/assets/constants-BXu6M9C7.js                                   0.25 kB │ gzip:     0.19 kB
../../../saas/admin-dist/assets/plugins-C3Gt7aE9.js                                     0.29 kB │ gzip:     0.24 kB
../../../saas/admin-dist/assets/orders-Bde_YXVi.js                                      0.29 kB │ gzip:     0.21 kB
../../../saas/admin-dist/assets/constants-DvX_3wgj.js                                   0.30 kB │ gzip:     0.24 kB
../../../saas/admin-dist/assets/item-placeholder-D7wx-hTm.js                            0.32 kB │ gzip:     0.25 kB
../../../saas/admin-dist/assets/promotion-list-table-renderers-BI8Cwqhy.js              0.39 kB │ gzip:     0.26 kB
../../../saas/admin-dist/assets/link-button-CqI1j-uY.js                                 0.39 kB │ gzip:     0.27 kB
../../../saas/admin-dist/assets/detail-page-defaults-2gsZH6mm.js                        0.40 kB │ gzip:     0.25 kB
../../../saas/admin-dist/assets/keybound-form-CdV2-uRQ.js                               0.41 kB │ gzip:     0.30 kB
../../../saas/admin-dist/assets/description-cell-BFT_REO-.js                            0.41 kB │ gzip:     0.24 kB
../../../saas/admin-dist/assets/handle-input-CGt_bo-b.js                                0.43 kB │ gzip:     0.31 kB
../../../saas/admin-dist/assets/prism-json-xwnKirkR.js                                  0.45 kB │ gzip:     0.28 kB
../../../saas/admin-dist/assets/form-helpers-C2rf7EQ5.js                                0.47 kB │ gzip:     0.26 kB
../../../saas/admin-dist/assets/country-select-BCeQO4Vk.js                              0.52 kB │ gzip:     0.37 kB
../../../saas/admin-dist/assets/use-delete-product-category-action-DyTh7_s1.js          0.52 kB │ gzip:     0.33 kB
../../../saas/admin-dist/assets/use-delete-price-list-action-xxZXaS43.js                0.53 kB │ gzip:     0.33 kB
../../../saas/admin-dist/assets/use-delete-product-type-action-DCXn2Al4.js              0.54 kB │ gzip:     0.35 kB
../../../saas/admin-dist/assets/use-delete-product-tag-action-C3U2RlKe.js               0.55 kB │ gzip:     0.35 kB
../../../saas/admin-dist/assets/utils-BmHdQtUM.js                                       0.56 kB │ gzip:     0.32 kB
../../../saas/admin-dist/assets/section-row-o5oPcF3T.js                                 0.56 kB │ gzip:     0.37 kB
../../../saas/admin-dist/assets/use-delete-shipping-option-type-action-D1A2rsBD.js      0.58 kB │ gzip:     0.36 kB
../../../saas/admin-dist/assets/icon-avatar-QmKhVLst.js                                 0.66 kB │ gzip:     0.35 kB
../../../saas/admin-dist/assets/switch-box-QhoPVDaG.js                                  0.66 kB │ gzip:     0.42 kB
../../../saas/admin-dist/assets/index-DE6eBNAB.js                                       0.67 kB │ gzip:     0.41 kB
../../../saas/admin-dist/assets/list-summary-D_yAQ5tW.js                                0.67 kB │ gzip:     0.41 kB
../../../saas/admin-dist/assets/index-BDc1aON6.js                                       0.68 kB │ gzip:     0.41 kB
../../../saas/admin-dist/assets/index-BSyo_zEu.js                                       0.68 kB │ gzip:     0.42 kB
../../../saas/admin-dist/assets/index-C3zWHV0b.js                                       0.68 kB │ gzip:     0.41 kB
../../../saas/admin-dist/assets/status-cell-Cqw4KtdX.js                                 0.68 kB │ gzip:     0.38 kB
../../../saas/admin-dist/assets/inline-tip-MmVQVPj9.js                                  0.69 kB │ gzip:     0.40 kB
../../../saas/admin-dist/assets/shipping-options-DbXuoyCH.js                            0.69 kB │ gzip:     0.31 kB
../../../saas/admin-dist/assets/index-KudJiEo8.js                                       0.69 kB │ gzip:     0.42 kB
../../../saas/admin-dist/assets/index-DtiPDW5H.js                                       0.69 kB │ gzip:     0.42 kB
../../../saas/admin-dist/assets/index-xQLpdGd9.js                                       0.69 kB │ gzip:     0.41 kB
../../../saas/admin-dist/assets/index-6ug6Vtbw.js                                       0.69 kB │ gzip:     0.42 kB
../../../saas/admin-dist/assets/index-IwCRl3Ui.js                                       0.70 kB │ gzip:     0.42 kB
../../../saas/admin-dist/assets/index-BFc_XHtF.js                                       0.70 kB │ gzip:     0.42 kB
../../../saas/admin-dist/assets/index-seK7LGJW.js                                       0.70 kB │ gzip:     0.42 kB
../../../saas/admin-dist/assets/index-BNNyTMDg.js                                       0.70 kB │ gzip:     0.42 kB
../../../saas/admin-dist/assets/index-IOW4zWoa.js                                       0.71 kB │ gzip:     0.42 kB
../../../saas/admin-dist/assets/index-DzGQeLJD.js                                       0.71 kB │ gzip:     0.43 kB
../../../saas/admin-dist/assets/index-CmHrL_si.js                                       0.72 kB │ gzip:     0.44 kB
../../../saas/admin-dist/assets/index-QP6t6bOz.js                                       0.73 kB │ gzip:     0.43 kB
../../../saas/admin-dist/assets/index-DrmxT1y2.js                                       0.73 kB │ gzip:     0.44 kB
../../../saas/admin-dist/assets/index-CIVz13Kb.js                                       0.74 kB │ gzip:     0.44 kB
../../../saas/admin-dist/assets/index-CpnrFN74.js                                       0.74 kB │ gzip:     0.43 kB
../../../saas/admin-dist/assets/promotions-BtvTeC94.js                                  0.74 kB │ gzip:     0.40 kB
../../../saas/admin-dist/assets/index-Co84JCie.js                                       0.75 kB │ gzip:     0.46 kB
../../../saas/admin-dist/assets/text-cell-Dv2f7hN3.js                                   0.79 kB │ gzip:     0.35 kB
../../../saas/admin-dist/assets/use-locales-table-query-DXOGvt6t.js                     0.81 kB │ gzip:     0.46 kB
../../../saas/admin-dist/assets/addresses-NaruSrjs.js                                   0.81 kB │ gzip:     0.42 kB
../../../saas/admin-dist/assets/use-currencies-table-query-ZpC23uOU.js                  0.83 kB │ gzip:     0.48 kB
../../../saas/admin-dist/assets/use-data-table-date-columns-Cfuh_CxZ.js                 0.83 kB │ gzip:     0.37 kB
../../../saas/admin-dist/assets/index-o4UvI7Lg.js                                       0.85 kB │ gzip:     0.42 kB
../../../saas/admin-dist/assets/validation-Ck9NBYga.js                                  0.85 kB │ gzip:     0.46 kB
../../../saas/admin-dist/assets/product-types-1dDsQ2U5.js                               0.86 kB │ gzip:     0.36 kB
../../../saas/admin-dist/assets/invites-BKCmOEyw.js                                     0.87 kB │ gzip:     0.37 kB
../../../saas/admin-dist/assets/alert-DCtxKXUF.js                                       0.87 kB │ gzip:     0.51 kB
../../../saas/admin-dist/assets/status-badge-ChBIdrp6.js                                0.88 kB │ gzip:     0.48 kB
../../../saas/admin-dist/assets/index-CcsT0_LC.js                                       0.89 kB │ gzip:     0.47 kB
../../../saas/admin-dist/assets/refund-reasons-XJahllWi.js                              0.90 kB │ gzip:     0.36 kB
../../../saas/admin-dist/assets/tax-regions-Dft1CtCi.js                                 0.90 kB │ gzip:     0.38 kB
../../../saas/admin-dist/assets/shipping-option-types-BJnTdZHx.js                       0.90 kB │ gzip:     0.36 kB
../../../saas/admin-dist/assets/tags-DZBZAOMz.js                                        0.90 kB │ gzip:     0.38 kB
../../../saas/admin-dist/assets/plus-l2yFGdu_.js                                        0.90 kB │ gzip:     0.54 kB
../../../saas/admin-dist/assets/plus-mini-CfVApI2o.js                                   0.91 kB │ gzip:     0.54 kB
../../../saas/admin-dist/assets/shipping-profiles-CRpif9rn.js                           0.93 kB │ gzip:     0.37 kB
../../../saas/admin-dist/assets/use-product-table-query-CdyaSNQF.js                     0.93 kB │ gzip:     0.46 kB
../../../saas/admin-dist/assets/use-product-type-table-columns-Dx-MDVoH.js              0.93 kB │ gzip:     0.48 kB
../../../saas/admin-dist/assets/hooks-Fu7ziySI.js                                       0.94 kB │ gzip:     0.55 kB
../../../saas/admin-dist/assets/arrow-right-Dqw82mG_.js                                 0.94 kB │ gzip:     0.56 kB
../../../saas/admin-dist/assets/shipping-options-ByYL4vIN.js                            0.94 kB │ gzip:     0.39 kB
../../../saas/admin-dist/assets/return-reasons-C_AG00JW.js                              0.95 kB │ gzip:     0.38 kB
../../../saas/admin-dist/assets/inventory-item-general-section-mkquzOeJ.js              0.97 kB │ gzip:     0.53 kB
../../../saas/admin-dist/assets/descending-sorting-D5rE6g5z.js                          1.00 kB │ gzip:     0.59 kB
../../../saas/admin-dist/assets/tax-rates-CF5ikvnP.js                                   1.01 kB │ gzip:     0.39 kB
../../../saas/admin-dist/assets/regions-DguL_YBT.js                                     1.02 kB │ gzip:     0.38 kB
../../../saas/admin-dist/assets/use-customer-group-table-columns-CfTK5aKO.js            1.07 kB │ gzip:     0.57 kB
../../../saas/admin-dist/assets/arrow-down-right-mini-DR05XdV3.js                       1.09 kB │ gzip:     0.60 kB
../../../saas/admin-dist/assets/trash-BAAGHdFS.js                                       1.09 kB │ gzip:     0.64 kB
../../../saas/admin-dist/assets/triangle-left-mini-DnyAARMy.js                          1.09 kB │ gzip:     0.64 kB
../../../saas/admin-dist/assets/collections-B4hivtqc.js                                 1.14 kB │ gzip:     0.37 kB
../../../saas/admin-dist/assets/date-range-display-jpjIazO_.js                          1.14 kB │ gzip:     0.50 kB
../../../saas/admin-dist/assets/use-data-table-date-filters-DCyc39a_.js                 1.16 kB │ gzip:     0.50 kB
../../../saas/admin-dist/assets/x-circle-CLPKQ0Kf.js                                    1.16 kB │ gzip:     0.65 kB
../../../saas/admin-dist/assets/fulfillment-sets-BJPe28zm.js                            1.16 kB │ gzip:     0.37 kB
../../../saas/admin-dist/assets/categories-BD3uTF4g.js                                  1.17 kB │ gzip:     0.39 kB
../../../saas/admin-dist/assets/use-country-table-query-BH7tDR6x.js                     1.17 kB │ gzip:     0.65 kB
../../../saas/admin-dist/assets/useInfiniteQuery-Bv542gWw.js                            1.17 kB │ gzip:     0.51 kB
../../../saas/admin-dist/assets/index-DDkGOfbC.js                                       1.17 kB │ gzip:     0.63 kB
../../../saas/admin-dist/assets/index.modern-DZHJ9pOK.js                                1.18 kB │ gzip:     0.64 kB
../../../saas/admin-dist/assets/use-data-table-QNG5isSq.js                              1.20 kB │ gzip:     0.64 kB
../../../saas/admin-dist/assets/pencil-square-B32hbcrz.js                               1.21 kB │ gzip:     0.69 kB
../../../saas/admin-dist/assets/component-B4XrR4wk.js                                   1.22 kB │ gzip:     0.66 kB
../../../saas/admin-dist/assets/information-circle-DPhe4MVH.js                          1.22 kB │ gzip:     0.69 kB
../../../saas/admin-dist/assets/index-B-wT_CLW.js                                       1.23 kB │ gzip:     0.64 kB
../../../saas/admin-dist/assets/index-DTUkWr1U.js                                       1.23 kB │ gzip:     0.64 kB
../../../saas/admin-dist/assets/action-menu-D0MEyvta.js                                 1.23 kB │ gzip:     0.56 kB
../../../saas/admin-dist/assets/constants-CmNptDhH.js                                   1.24 kB │ gzip:     0.44 kB
../../../saas/admin-dist/assets/arrow-path-DjAquix6.js                                  1.26 kB │ gzip:     0.69 kB
../../../saas/admin-dist/assets/key-CXqrWbvS.js                                         1.28 kB │ gzip:     0.73 kB
../../../saas/admin-dist/assets/use-combobox-data-SzPuUOAk.js                           1.31 kB │ gzip:     0.69 kB
../../../saas/admin-dist/assets/use-order-table-filters-DL-Yec1C.js                     1.32 kB │ gzip:     0.62 kB
../../../saas/admin-dist/assets/triangles-mini--DFu-reB.js                              1.37 kB │ gzip:     0.74 kB
../../../saas/admin-dist/assets/channels-Chep2-io.js                                    1.37 kB │ gzip:     0.71 kB
../../../saas/admin-dist/assets/translations-LP_6igpY.js                                1.39 kB │ gzip:     0.64 kB
../../../saas/admin-dist/assets/rma-vYqFBUVg.js                                         1.40 kB │ gzip:     0.77 kB
../../../saas/admin-dist/assets/data-table-order-by-CRzBuujQ.js                         1.43 kB │ gzip:     0.69 kB
../../../saas/admin-dist/assets/index-CbyGEXav.js                                       1.45 kB │ gzip:     0.81 kB
../../../saas/admin-dist/assets/popover-D4xcBFf6.js                                     1.47 kB │ gzip:     0.63 kB
../../../saas/admin-dist/assets/utils-DYMSA_WN.js                                       1.48 kB │ gzip:     0.57 kB
../../../saas/admin-dist/assets/chip-group-IAKxCg2y.js                                  1.48 kB │ gzip:     0.70 kB
../../../saas/admin-dist/assets/use-product-table-filters-CqwcDHeQ.js                   1.50 kB │ gzip:     0.58 kB
../../../saas/admin-dist/assets/api-keys-DG9TyUg5.js                                    1.51 kB │ gzip:     0.44 kB
../../../saas/admin-dist/assets/empty-table-content-ByTw3B85.js                         1.53 kB │ gzip:     0.59 kB
../../../saas/admin-dist/assets/price-lists-B6gtjVxM.js                                 1.57 kB │ gzip:     0.49 kB
../../../saas/admin-dist/assets/use-product-table-columns-GvRC3XAE.js                   1.61 kB │ gzip:     0.67 kB
../../../saas/admin-dist/assets/form-extension-zone-GGw5qTFj.js                         1.62 kB │ gzip:     0.77 kB
../../../saas/admin-dist/assets/globe-europe-jmJKLB9J.js                                1.63 kB │ gzip:     0.91 kB
../../../saas/admin-dist/assets/create-data-grid-price-columns-Gm9WqbA-.js              1.64 kB │ gzip:     0.65 kB
../../../saas/admin-dist/assets/index-DzOkDQci.js                                       1.64 kB │ gzip:     0.86 kB
../../../saas/admin-dist/assets/use-promotion-table-query-BHgC0vjt.js                   1.65 kB │ gzip:     0.75 kB
../../../saas/admin-dist/assets/use-inventory-table-query-DU3GDobX.js                   1.67 kB │ gzip:     0.69 kB
../../../saas/admin-dist/assets/sales-channels-BxYP_SE7.js                              1.73 kB │ gzip:     0.46 kB
../../../saas/admin-dist/assets/index-BvVRh7mu.js                                       1.75 kB │ gzip:     0.89 kB
../../../saas/admin-dist/assets/index-C3BGl1JQ.js                                       1.76 kB │ gzip:     0.89 kB
../../../saas/admin-dist/assets/index-C62spxi4.js                                       1.78 kB │ gzip:     0.88 kB
../../../saas/admin-dist/assets/arrow-up-mini-BhjsCxLo.js                               1.83 kB │ gzip:     0.68 kB
../../../saas/admin-dist/assets/utils-DOkbQEBC.js                                       1.83 kB │ gzip:     0.74 kB
../../../saas/admin-dist/assets/index-BmGJQERP.js                                       1.85 kB │ gzip:     0.99 kB
../../../saas/admin-dist/assets/index-Dnu157XB.js                                       1.85 kB │ gzip:     0.84 kB
../../../saas/admin-dist/assets/index-B4CQRY2-.js                                       1.86 kB │ gzip:     0.84 kB
../../../saas/admin-dist/assets/index-CSWor60A.js                                       1.87 kB │ gzip:     0.85 kB
../../../saas/admin-dist/assets/stock-locations-DAokjpvd.js                             1.87 kB │ gzip:     0.52 kB
../../../saas/admin-dist/assets/index-CgLiuXUL.js                                       1.88 kB │ gzip:     0.92 kB
../../../saas/admin-dist/assets/percentage-input-GsQ42nbW.js                            1.89 kB │ gzip:     0.85 kB
../../../saas/admin-dist/assets/index-BLkpNSqE.js                                       1.90 kB │ gzip:     0.91 kB
../../../saas/admin-dist/assets/index-Cn02kFnM.js                                       1.90 kB │ gzip:     0.91 kB
../../../saas/admin-dist/assets/currency-input-BhehrXSA.js                              1.91 kB │ gzip:     0.87 kB
../../../saas/admin-dist/assets/index-i7oKyhFy.js                                       1.92 kB │ gzip:     0.91 kB
../../../saas/admin-dist/assets/index-DFzA0Fgs.js                                       1.93 kB │ gzip:     0.93 kB
../../../saas/admin-dist/assets/thumbnail-badge-OQvT2il6.js                             1.96 kB │ gzip:     0.97 kB
../../../saas/admin-dist/assets/index-CDleM46O.js                                       2.00 kB │ gzip:     0.94 kB
../../../saas/admin-dist/assets/index-Ce_qE1rh.js                                       2.00 kB │ gzip:     0.89 kB
../../../saas/admin-dist/assets/index-DYL4XTPV.js                                       2.08 kB │ gzip:     0.96 kB
../../../saas/admin-dist/assets/sidebar-link-BAGTS9KB.js                                2.11 kB │ gzip:     1.02 kB
../../../saas/admin-dist/assets/index-BRlGuHR2.js                                       2.16 kB │ gzip:     0.95 kB
../../../saas/admin-dist/assets/index-DXc1Z7WS.js                                       2.17 kB │ gzip:     0.96 kB
../../../saas/admin-dist/assets/index-Cm2hEP6D.js                                       2.17 kB │ gzip:     1.10 kB
../../../saas/admin-dist/assets/data-grid-toggleable-number-cell-kvGINg1G.js            2.21 kB │ gzip:     1.11 kB
../../../saas/admin-dist/assets/index-B0GBB6TL.js                                       2.22 kB │ gzip:     1.07 kB
../../../saas/admin-dist/assets/use-sales-channel-table-query-Csz_9MnR.js               2.26 kB │ gzip:     0.85 kB
../../../saas/admin-dist/assets/index-D63ipPsj.js                                       2.26 kB │ gzip:     1.04 kB
../../../saas/admin-dist/assets/create-campaign-form-sna39HXH.js                        2.27 kB │ gzip:     1.01 kB
../../../saas/admin-dist/assets/price-list-customer-group-rule-form-DYmR1YXF.js         2.31 kB │ gzip:     1.18 kB
../../../saas/admin-dist/assets/focus-modal-BhyWnYOl.js                                 2.32 kB │ gzip:     0.82 kB
../../../saas/admin-dist/assets/index-C-xRK_gz.js                                       2.33 kB │ gzip:     1.00 kB
../../../saas/admin-dist/assets/index-8pw4SfCx.js                                       2.37 kB │ gzip:     1.14 kB
../../../saas/admin-dist/assets/index-DN8CTTH3.js                                       2.38 kB │ gzip:     1.20 kB
../../../saas/admin-dist/assets/index-CEDxyO17.js                                       2.42 kB │ gzip:     1.14 kB
../../../saas/admin-dist/assets/index-CHIYACqc.js                                       2.49 kB │ gzip:     1.17 kB
../../../saas/admin-dist/assets/index-u97XUq_d.js                                       2.50 kB │ gzip:     1.06 kB
../../../saas/admin-dist/assets/index-1odf9vzO.js                                       2.56 kB │ gzip:     1.03 kB
../../../saas/admin-dist/assets/radio-group-CcYHk5AD.js                                 2.64 kB │ gzip:     0.83 kB
../../../saas/admin-dist/assets/placeholders-5A0Nldns.js                                2.65 kB │ gzip:     1.11 kB
../../../saas/admin-dist/assets/index-CNJDT3yW.js                                       2.66 kB │ gzip:     1.25 kB
../../../saas/admin-dist/assets/index-CNybF2Ev.js                                       2.67 kB │ gzip:     1.03 kB
../../../saas/admin-dist/assets/index-CtROGG70.js                                       2.68 kB │ gzip:     1.13 kB
../../../saas/admin-dist/assets/file-upload-DaoQ4FF5.js                                 2.72 kB │ gzip:     1.43 kB
../../../saas/admin-dist/assets/index-BvmMibYj.js                                       2.72 kB │ gzip:     1.05 kB
../../../saas/admin-dist/assets/stacked-focus-modal-CCX29lWF.js                         2.75 kB │ gzip:     1.10 kB
../../../saas/admin-dist/assets/avatar-box-D_uVvSl0.js                                  2.77 kB │ gzip:     1.24 kB
../../../saas/admin-dist/assets/use-tax-region-table-oLZ-JqEX.js                        2.78 kB │ gzip:     1.30 kB
../../../saas/admin-dist/assets/index-b6FM3NCX.js                                       2.80 kB │ gzip:     1.05 kB
../../../saas/admin-dist/assets/index-YZojakSC.js                                       2.82 kB │ gzip:     1.32 kB
../../../saas/admin-dist/assets/index-Cvt5JzsT.js                                       2.82 kB │ gzip:     1.15 kB
../../../saas/admin-dist/assets/command-bar-ChCFS0M2.js                                 2.86 kB │ gzip:     1.16 kB
../../../saas/admin-dist/assets/index-Dkg7cCzp.js                                       2.88 kB │ gzip:     1.13 kB
../../../saas/admin-dist/assets/switch-BJVtyRZI.js                                      2.91 kB │ gzip:     1.37 kB
../../../saas/admin-dist/assets/index-BnPzXyUi.js                                       2.95 kB │ gzip:     1.23 kB
../../../saas/admin-dist/assets/index-D2CHggc0.js                                       2.97 kB │ gzip:     1.49 kB
../../../saas/admin-dist/assets/use-customer-table-columns-DZo_bTWp.js                  3.00 kB │ gzip:     1.10 kB
../../../saas/admin-dist/assets/index-CQo6mkde.js                                       3.01 kB │ gzip:     1.16 kB
../../../saas/admin-dist/assets/add-locales-form-BGFOsoCB.js                            3.02 kB │ gzip:     1.51 kB
../../../saas/admin-dist/assets/customer-groups-sFx4PtlE.js                             3.05 kB │ gzip:     0.62 kB
../../../saas/admin-dist/assets/index-DMZesdZq.js                                       3.05 kB │ gzip:     1.25 kB
../../../saas/admin-dist/assets/index-C6svuFZq.js                                       3.08 kB │ gzip:     1.06 kB
../../../saas/admin-dist/assets/route-focus-modal-DjGmJUGr.js                           3.09 kB │ gzip:     1.44 kB
../../../saas/admin-dist/assets/index-MgTR-JIq.js                                       3.19 kB │ gzip:     1.06 kB
../../../saas/admin-dist/assets/exchanges-CCGxDwyr.js                                   3.19 kB │ gzip:     0.62 kB
../../../saas/admin-dist/assets/checkbox-DfXnhDAh.js                                    3.20 kB │ gzip:     1.50 kB
../../../saas/admin-dist/assets/index-DThgaswh.js                                       3.22 kB │ gzip:     1.55 kB
../../../saas/admin-dist/assets/index-C2L_YwjU.js                                       3.24 kB │ gzip:     1.32 kB
../../../saas/admin-dist/assets/index-nab4oKXk.js                                       3.25 kB │ gzip:     1.51 kB
../../../saas/admin-dist/assets/index-DjxiJ1MX.js                                       3.26 kB │ gzip:     1.44 kB
../../../saas/admin-dist/assets/table-Dm9Boa0i.js                                       3.32 kB │ gzip:     1.28 kB
../../../saas/admin-dist/assets/index-h-OvlmdK.js                                       3.36 kB │ gzip:     1.37 kB
../../../saas/admin-dist/assets/index-DI4EwONw.js                                       3.42 kB │ gzip:     1.37 kB
../../../saas/admin-dist/assets/copy-BFsxczUp.js                                        3.42 kB │ gzip:     1.39 kB
../../../saas/admin-dist/assets/index-ldouxK3s.js                                       3.43 kB │ gzip:     1.58 kB
../../../saas/admin-dist/assets/zod-CUzJruw2.js                                         3.43 kB │ gzip:     1.36 kB
../../../saas/admin-dist/assets/index-kpDBVDNi.js                                       3.43 kB │ gzip:     1.18 kB
../../../saas/admin-dist/assets/use-order-table-columns-BGSLHwPY.js                     3.45 kB │ gzip:     1.12 kB
../../../saas/admin-dist/assets/index-D0Lx4R-7.js                                       3.47 kB │ gzip:     1.72 kB
../../../saas/admin-dist/assets/index-BbrVH0qS.js                                       3.48 kB │ gzip:     1.60 kB
../../../saas/admin-dist/assets/mfa-DXsOkupm.js                                         3.50 kB │ gzip:     1.65 kB
../../../saas/admin-dist/assets/index-CrUZIpAi.js                                       3.57 kB │ gzip:     1.62 kB
../../../saas/admin-dist/assets/claims-CtubN7xc.js                                      3.58 kB │ gzip:     0.61 kB
../../../saas/admin-dist/assets/index-DgaFfI4r.js                                       3.59 kB │ gzip:     1.58 kB
../../../saas/admin-dist/assets/index-CEJH_VtE.js                                       3.59 kB │ gzip:     1.72 kB
../../../saas/admin-dist/assets/tax-badge-DzCOsQEa.js                                   3.61 kB │ gzip:     1.24 kB
../../../saas/admin-dist/assets/index-ChAu0ti8.js                                       3.64 kB │ gzip:     1.55 kB
../../../saas/admin-dist/assets/index-Dwza5Woj.js                                       3.64 kB │ gzip:     1.34 kB
../../../saas/admin-dist/assets/folder-illustration-wdg8GyVz.js                         3.69 kB │ gzip:     1.24 kB
../../../saas/admin-dist/assets/index-B2-6BQwD.js                                       3.77 kB │ gzip:     1.71 kB
../../../saas/admin-dist/assets/index-mMlWoo-K.js                                       3.78 kB │ gzip:     1.78 kB
../../../saas/admin-dist/assets/index-VwUgp5oI.js                                       3.87 kB │ gzip:     1.79 kB
../../../saas/admin-dist/assets/index-ntZfssez.js                                       3.87 kB │ gzip:     1.57 kB
../../../saas/admin-dist/assets/index-BAFG-0pK.js                                       3.89 kB │ gzip:     1.79 kB
../../../saas/admin-dist/assets/index-oBlM_K0Y.js                                       3.89 kB │ gzip:     1.62 kB
../../../saas/admin-dist/assets/index-Bap-Fh8k.js                                       3.92 kB │ gzip:     1.83 kB
../../../saas/admin-dist/assets/index-CI9aFO-q.js                                       3.99 kB │ gzip:     1.90 kB
../../../saas/admin-dist/assets/index-BU9E-7Xf.js                                       4.01 kB │ gzip:     1.34 kB
../../../saas/admin-dist/assets/index-BOWKb6S7.js                                       4.05 kB │ gzip:     1.93 kB
../../../saas/admin-dist/assets/index-scJKkvY0.js                                       4.05 kB │ gzip:     1.94 kB
../../../saas/admin-dist/assets/index-DCPPF3SW.js                                       4.07 kB │ gzip:     1.91 kB
../../../saas/admin-dist/assets/index-DgtUK_-Y.js                                       4.07 kB │ gzip:     1.83 kB
../../../saas/admin-dist/assets/index-DnXswL0M.js                                       4.08 kB │ gzip:     1.67 kB
../../../saas/admin-dist/assets/index-DkI3I0Gp.js                                       4.11 kB │ gzip:     1.67 kB
../../../saas/admin-dist/assets/index-DkZ8S3In.js                                       4.19 kB │ gzip:     1.98 kB
../../../saas/admin-dist/assets/geo-zone-form-CB5eQ2jM.js                               4.19 kB │ gzip:     1.87 kB
../../../saas/admin-dist/assets/index-BfVzQeT4.js                                       4.21 kB │ gzip:     1.85 kB
../../../saas/admin-dist/assets/index-BuhekkWC.js                                       4.22 kB │ gzip:     1.96 kB
../../../saas/admin-dist/assets/chip-input-DkZwW_Vh.js                                  4.28 kB │ gzip:     2.01 kB
../../../saas/admin-dist/assets/index-CnFGp8JB.js                                       4.31 kB │ gzip:     1.78 kB
../../../saas/admin-dist/assets/index-DaTXHDGs.js                                       4.37 kB │ gzip:     1.93 kB
../../../saas/admin-dist/assets/index-Bj35Ty5R.js                                       4.39 kB │ gzip:     1.27 kB
../../../saas/admin-dist/assets/index-B4mlDFh2.js                                       4.46 kB │ gzip:     1.23 kB
../../../saas/admin-dist/assets/index-1D8QBkrx.js                                       4.47 kB │ gzip:     2.03 kB
../../../saas/admin-dist/assets/index-D4e4osWB.js                                       4.49 kB │ gzip:     2.01 kB
../../../saas/admin-dist/assets/index-B2dnleAt.js                                       4.51 kB │ gzip:     1.95 kB
../../../saas/admin-dist/assets/index-B2pY6NDB.js                                       4.54 kB │ gzip:     2.04 kB
../../../saas/admin-dist/assets/index-DZfVADYL.js                                       4.55 kB │ gzip:     1.66 kB
../../../saas/admin-dist/assets/index-BRapdMNA.js                                       4.55 kB │ gzip:     1.64 kB
../../../saas/admin-dist/assets/returns-DN1SVxPE.js                                     4.56 kB │ gzip:     0.67 kB
../../../saas/admin-dist/assets/index-BHMizesG.js                                       4.59 kB │ gzip:     1.45 kB
../../../saas/admin-dist/assets/index-DBFc08jT.js                                       4.62 kB │ gzip:     2.07 kB
../../../saas/admin-dist/assets/index-vn79G48x.js                                       4.63 kB │ gzip:     1.31 kB
../../../saas/admin-dist/assets/index-Bq11ijOf.js                                       4.64 kB │ gzip:     1.68 kB
../../../saas/admin-dist/assets/index-HXpcruWo.js                                       4.69 kB │ gzip:     1.60 kB
../../../saas/admin-dist/assets/index-BI-ZoUUl.js                                       4.71 kB │ gzip:     1.65 kB
../../../saas/admin-dist/assets/index-uhBWA9qq.js                                       4.73 kB │ gzip:     2.11 kB
../../../saas/admin-dist/assets/index-75LTWo0I.js                                       4.76 kB │ gzip:     2.17 kB
../../../saas/admin-dist/assets/index-CV2sE8yx.js                                       4.83 kB │ gzip:     1.30 kB
../../../saas/admin-dist/assets/index-CYR9IvB_.js                                       4.83 kB │ gzip:     2.15 kB
../../../saas/admin-dist/assets/index-DaIyo2Yy.js                                       4.89 kB │ gzip:     1.96 kB
../../../saas/admin-dist/assets/index-D9vzPXzx.js                                       4.89 kB │ gzip:     2.15 kB
../../../saas/admin-dist/assets/index-BZet2VHG.js                                       4.92 kB │ gzip:     1.35 kB
../../../saas/admin-dist/assets/index-BHZW4sn8.js                                       4.95 kB │ gzip:     1.80 kB
../../../saas/admin-dist/assets/index-DFSGhLmI.js                                       4.97 kB │ gzip:     1.98 kB
../../../saas/admin-dist/assets/index-BNwQOUgM.js                                       4.99 kB │ gzip:     1.37 kB
../../../saas/admin-dist/assets/progress-tabs-BSql6JsI.js                               5.00 kB │ gzip:     2.22 kB
../../../saas/admin-dist/assets/index-DwBrGnom.js                                       5.03 kB │ gzip:     2.10 kB
../../../saas/admin-dist/assets/index-DsBgt2l7.js                                       5.04 kB │ gzip:     1.78 kB
../../../saas/admin-dist/assets/index-BlZ2iJL0.js                                       5.11 kB │ gzip:     2.25 kB
../../../saas/admin-dist/assets/utils-CGEWlg72.js                                       5.12 kB │ gzip:     1.78 kB
../../../saas/admin-dist/assets/index-DoG3i9xE.js                                       5.13 kB │ gzip:     2.16 kB
../../../saas/admin-dist/assets/index-BHvDbKXF.js                                       5.14 kB │ gzip:     2.09 kB
../../../saas/admin-dist/assets/index-C5armCN5.js                                       5.16 kB │ gzip:     2.29 kB
../../../saas/admin-dist/assets/tax-region-card-C_11i_g_.js                             5.16 kB │ gzip:     2.18 kB
../../../saas/admin-dist/assets/index-CdW3dHPC.js                                       5.17 kB │ gzip:     2.18 kB
../../../saas/admin-dist/assets/index-BSa2uFnR.js                                       5.19 kB │ gzip:     2.00 kB
../../../saas/admin-dist/assets/index-DOttd1nQ.js                                       5.23 kB │ gzip:     2.32 kB
../../../saas/admin-dist/assets/index-DJ9IBrEx.js                                       5.23 kB │ gzip:     1.85 kB
../../../saas/admin-dist/assets/index-DUKenWb_.js                                       5.26 kB │ gzip:     2.37 kB
../../../saas/admin-dist/assets/index-BWyL7oot.js                                       5.35 kB │ gzip:     2.26 kB
../../../saas/admin-dist/assets/index-CWuYHlai.js                                       5.37 kB │ gzip:     2.05 kB
../../../saas/admin-dist/assets/create-campaign-form-fields-C27fyT91.js                 5.47 kB │ gzip:     1.54 kB
../../../saas/admin-dist/assets/index-CDgBROLt.js                                       5.50 kB │ gzip:     2.32 kB
../../../saas/admin-dist/assets/index-Dr3Gi8va.js                                       5.51 kB │ gzip:     2.17 kB
../../../saas/admin-dist/assets/index-TP3_wEuc.js                                       5.58 kB │ gzip:     2.00 kB
../../../saas/admin-dist/assets/index-D2HO6yQN.js                                       5.65 kB │ gzip:     2.29 kB
../../../saas/admin-dist/assets/index-B6miJXQ4.js                                       5.68 kB │ gzip:     2.39 kB
../../../saas/admin-dist/assets/index-DfW91q-l.js                                       5.88 kB │ gzip:     2.35 kB
../../../saas/admin-dist/assets/index-dZXBtANN.js                                       5.92 kB │ gzip:     2.22 kB
../../../saas/admin-dist/assets/index-DiRRy28h.js                                       6.10 kB │ gzip:     2.50 kB
../../../saas/admin-dist/assets/index-sOc0JiAZ.js                                       6.11 kB │ gzip:     2.37 kB
../../../saas/admin-dist/assets/index-ByJ93znf.js                                       6.12 kB │ gzip:     2.08 kB
../../../saas/admin-dist/assets/upload-media-form-item-BCG8o62U.js                      6.16 kB │ gzip:     2.44 kB
../../../saas/admin-dist/assets/index-DnZHjaMI.js                                       6.17 kB │ gzip:     2.33 kB
../../../saas/admin-dist/assets/data-table-0pr4uSqt.js                                  6.27 kB │ gzip:     2.57 kB
../../../saas/admin-dist/assets/index-Dj5JXg75.js                                       6.68 kB │ gzip:     2.59 kB
../../../saas/admin-dist/assets/metadata-form-CwcmIyem.js                               6.69 kB │ gzip:     2.71 kB
../../../saas/admin-dist/assets/index-D3lSK86F.js                                       6.71 kB │ gzip:     2.16 kB
../../../saas/admin-dist/assets/index-DvK23Zes.js                                       6.79 kB │ gzip:     2.72 kB
../../../saas/admin-dist/assets/index-DWfE6DP9.js                                       6.84 kB │ gzip:     2.37 kB
../../../saas/admin-dist/assets/index-BuNfgLs5.js                                       6.85 kB │ gzip:     2.69 kB
../../../saas/admin-dist/assets/category-combobox-_nh362F_.js                           7.10 kB │ gzip:     2.71 kB
../../../saas/admin-dist/assets/add-campaign-promotion-form-SCTGCCNN.js                 7.14 kB │ gzip:     1.97 kB
../../../saas/admin-dist/assets/index-VPx8h5ND.js                                       7.24 kB │ gzip:     2.91 kB
../../../saas/admin-dist/assets/index-_4UUF2gA.js                                       7.26 kB │ gzip:     2.45 kB
../../../saas/admin-dist/assets/index-CorSHxyz.js                                       7.30 kB │ gzip:     2.49 kB
../../../saas/admin-dist/assets/index-D2KVvn1m.js                                       7.50 kB │ gzip:     2.85 kB
../../../saas/admin-dist/assets/index-C5AUO5jv.js                                       7.57 kB │ gzip:     2.87 kB
../../../saas/admin-dist/assets/index-DoSAtCOL.js                                       7.66 kB │ gzip:     2.76 kB
../../../saas/admin-dist/assets/index-Bj_sDoef.js                                       7.76 kB │ gzip:     2.43 kB
../../../saas/admin-dist/assets/index-C_iDfPSH.js                                       7.79 kB │ gzip:     2.21 kB
../../../saas/admin-dist/assets/index-CB1yrK21.js                                       7.94 kB │ gzip:     2.80 kB
../../../saas/admin-dist/assets/index-5L2o0GDt.js                                       8.03 kB │ gzip:     3.15 kB
../../../saas/admin-dist/assets/index-DJ8pfHJT.js                                       8.14 kB │ gzip:     3.10 kB
../../../saas/admin-dist/assets/index-BWJzF3iu.js                                       8.19 kB │ gzip:     3.42 kB
../../../saas/admin-dist/assets/rules-form-field-DSxJ-EP-.js                            8.22 kB │ gzip:     2.87 kB
../../../saas/admin-dist/assets/index-D3Leu5bW.js                                       8.38 kB │ gzip:     3.54 kB
../../../saas/admin-dist/assets/index-Da5iTQUh.js                                       8.41 kB │ gzip:     2.24 kB
../../../saas/admin-dist/assets/index-BuR2tkA0.js                                       8.48 kB │ gzip:     3.20 kB
../../../saas/admin-dist/assets/index-DIaBLApP.js                                       8.68 kB │ gzip:     3.30 kB
../../../saas/admin-dist/assets/index-D566gqsz.js                                       8.71 kB │ gzip:     2.72 kB
../../../saas/admin-dist/assets/index-4Kt1xL20.js                                       8.71 kB │ gzip:     3.66 kB
../../../saas/admin-dist/assets/use-tax-override-table-BrzR6m3v.js                      8.74 kB │ gzip:     2.93 kB
../../../saas/admin-dist/assets/tax-region-tax-override-edit-form-NYCmh9xP.js           8.76 kB │ gzip:     2.89 kB
../../../saas/admin-dist/assets/utils-CCjBhfJJ.js                                       8.82 kB │ gzip:     2.77 kB
../../../saas/admin-dist/assets/index-DqcS5t-p.js                                       9.42 kB │ gzip:     2.97 kB
../../../saas/admin-dist/assets/index-gXWoys-3.js                                       9.49 kB │ gzip:     3.18 kB
../../../saas/admin-dist/assets/index-CRqvB-Mo.js                                       9.49 kB │ gzip:     3.52 kB
../../../saas/admin-dist/assets/index-Cf88hnkU.js                                       9.49 kB │ gzip:     3.21 kB
../../../saas/admin-dist/assets/index-C26rypmq.js                                       9.56 kB │ gzip:     2.98 kB
../../../saas/admin-dist/assets/index-BD7jBFKs.js                                       9.82 kB │ gzip:     3.72 kB
../../../saas/admin-dist/assets/index.esm-CLaY78ec.js                                   9.93 kB │ gzip:     3.92 kB
../../../saas/admin-dist/assets/index-Bjo6X5I-.js                                      10.09 kB │ gzip:     3.48 kB
../../../saas/admin-dist/assets/index-BiFUsaa3.js                                      10.21 kB │ gzip:     3.91 kB
../../../saas/admin-dist/assets/index-BEzx1IB9.js                                      10.40 kB │ gzip:     3.50 kB
../../../saas/admin-dist/assets/index-fhAuvb_t.js                                      10.43 kB │ gzip:     3.02 kB
../../../saas/admin-dist/assets/index-NRCyCPW9.js                                      11.02 kB │ gzip:     3.60 kB
../../../saas/admin-dist/assets/index-H81yJ5_Q.js                                      11.29 kB │ gzip:     3.88 kB
../../../saas/admin-dist/assets/use-shipping-option-price-columns-BrtLCunm.js          11.32 kB │ gzip:     3.08 kB
../../../saas/admin-dist/assets/index-B0K6obT9.js                                      11.36 kB │ gzip:     3.83 kB
../../../saas/admin-dist/assets/index-Bne6futn.js                                      11.75 kB │ gzip:     4.21 kB
../../../saas/admin-dist/assets/index-B-f_yVN6.js                                      11.78 kB │ gzip:     3.97 kB
../../../saas/admin-dist/assets/index-CjSRlF6j.js                                      11.90 kB │ gzip:     3.59 kB
../../../saas/admin-dist/assets/index-CG80r8rl.js                                      12.35 kB │ gzip:     3.86 kB
../../../saas/admin-dist/assets/index-CZvJOSuv.js                                      12.53 kB │ gzip:     4.20 kB
../../../saas/admin-dist/assets/index-BpGPgJOW.js                                      12.68 kB │ gzip:     3.52 kB
../../../saas/admin-dist/assets/schemas-yriluLz2.js                                    12.78 kB │ gzip:     4.28 kB
../../../saas/admin-dist/assets/index-BQr2JEIl.js                                      13.16 kB │ gzip:     3.96 kB
../../../saas/admin-dist/assets/tiered-price-form-5_CsTkQ2.js                          13.24 kB │ gzip:     4.91 kB
../../../saas/admin-dist/assets/index-Dv7Gfo02.js                                      13.36 kB │ gzip:     4.06 kB
../../../saas/admin-dist/assets/index-aH5fsL0j.js                                      13.67 kB │ gzip:     4.47 kB
../../../saas/admin-dist/assets/index-DErBUEkl.js                                      15.06 kB │ gzip:     4.95 kB
../../../saas/admin-dist/assets/index-DcF2Pynn.js                                      16.17 kB │ gzip:     5.38 kB
../../../saas/admin-dist/assets/index-E7X29fRi.js                                      17.17 kB │ gzip:     4.92 kB
../../../saas/admin-dist/assets/data-table-filter-C630aR8s.js                          17.21 kB │ gzip:     5.01 kB
../../../saas/admin-dist/assets/category-tree-9APGjfxW.js                              17.73 kB │ gzip:     5.92 kB
../../../saas/admin-dist/assets/index-Brn3oktV.js                                      18.59 kB │ gzip:     5.91 kB
../../../saas/admin-dist/assets/index-BrzbLA7m.js                                      19.34 kB │ gzip:     4.81 kB
../../../saas/admin-dist/assets/configurable-data-table-BTz7W4bA.js                    19.72 kB │ gzip:     7.15 kB
../../../saas/admin-dist/assets/select-DlsSbPmv.js                                     21.87 kB │ gzip:     7.65 kB
../../../saas/admin-dist/assets/index-B8S5aR6R.js                                      22.62 kB │ gzip:     7.31 kB
../../../saas/admin-dist/assets/country-states-DPI7CVnp.js                             22.75 kB │ gzip:     9.80 kB
../../../saas/admin-dist/assets/index-B9Jj940a.js                                      27.25 kB │ gzip:     6.67 kB
../../../saas/admin-dist/assets/index-Dr0eezXB.js                                      34.88 kB │ gzip:    10.08 kB
../../../saas/admin-dist/assets/index-YxPFkYiE.js                                      35.14 kB │ gzip:    13.01 kB
../../../saas/admin-dist/assets/index-BCnlR8Dv.js                                      36.39 kB │ gzip:     9.35 kB
../../../saas/admin-dist/assets/index-B-t05kj7.js                                      36.84 kB │ gzip:     9.51 kB
../../../saas/admin-dist/assets/index-CLdrB7l-.js                                      50.86 kB │ gzip:    13.54 kB
../../../saas/admin-dist/assets/data-table-D4rR6bvI.js                                 56.96 kB │ gzip:    16.63 kB
../../../saas/admin-dist/assets/create-data-grid-column-helper-CxOu410Y.js             64.66 kB │ gzip:    20.73 kB
../../../saas/admin-dist/assets/schemas-CyIhfvh1.js                                    66.77 kB │ gzip:    17.97 kB
../../../saas/admin-dist/assets/combobox-CBm7PDOX.js                                   85.69 kB │ gzip:    28.92 kB
../../../saas/admin-dist/assets/index-DGk86f1f.js                                     109.14 kB │ gzip:    33.71 kB
../../../saas/admin-dist/assets/date-picker-CMpTQrQ2.js                               177.99 kB │ gzip:    58.32 kB
../../../saas/admin-dist/assets/index-CarwAUXu.js                                   4,367.15 kB │ gzip: 1,258.83 kB

(!) Some chunks are larger than 500 kB after minification. Consider:
- Using dynamic import() to code-split the application
- Use build.rollupOptions.output.manualChunks to improve chunking: https://rollupjs.org/configuration-options/#output-manualchunks
- Adjust chunk size limit for this warning via build.chunkSizeWarningLimit.
✓ built in 16.43s
