vite v5.4.21 building for production...
transforming...
Browserslist: browsers data (caniuse-lite) is 10 months old. Please run:
  npx update-browserslist-db@latest
  Why you should do it regularly: https://github.com/browserslist/update-db#readme
✓ 5636 modules transformed.
rendering chunks...
computing gzip size...
dist/index.html                                                     0.46 kB │ gzip:     0.30 kB
dist/assets/RobotoMono-Medium-B0UKl2Zn.ttf                         87.17 kB
dist/assets/RobotoMono-Regular-44XoGH_Y.ttf                        87.24 kB
dist/assets/Inter-Regular-DYjygwQm.ttf                            310.25 kB
dist/assets/Inter-Medium-CKLJZXR2.ttf                             315.13 kB
dist/assets/index-Cve2MwO4.css                                    105.70 kB │ gzip:    17.28 kB
dist/assets/create-data-table-command-helper-C3wntDfO.js            0.05 kB │ gzip:     0.07 kB
dist/assets/constants-BfSFfP0q.js                                   0.05 kB │ gzip:     0.07 kB
dist/assets/constants-Ctly4bhN.js                                   0.05 kB │ gzip:     0.07 kB
dist/assets/order-item-C81j_XSg.js                                  0.07 kB │ gzip:     0.08 kB
dist/assets/create-data-table-filter-helper-BDq3TjGS.js             0.07 kB │ gzip:     0.09 kB
dist/assets/cast-number--GkmTDK9.js                                 0.08 kB │ gzip:     0.10 kB
dist/assets/compat-DiYjOc9-.js                                      0.10 kB │ gzip:     0.10 kB
dist/assets/format-currency-DQuszszE.js                             0.12 kB │ gzip:     0.13 kB
dist/assets/visually-hidden-D9pqV80r.js                             0.13 kB │ gzip:     0.13 kB
dist/assets/use-require-rbac-feature-bH8c5Qb8.js                    0.15 kB │ gzip:     0.15 kB
dist/assets/sales-channel-table-renderers-ougtZWWK.js               0.15 kB │ gzip:     0.15 kB
dist/assets/parse-filter-param-LeLAJylQ.js                          0.16 kB │ gzip:     0.15 kB
dist/assets/format-provider-pW7pxCCk.js                             0.16 kB │ gzip:     0.15 kB
dist/assets/use-query-params-C3DlOXl4.js                            0.17 kB │ gzip:     0.16 kB
dist/assets/index-BCPCx0lK.js                                       0.17 kB │ gzip:     0.16 kB
dist/assets/percentage-helpers-DGMLEdzo.js                          0.17 kB │ gzip:     0.16 kB
dist/assets/constants-DaNPMP00.js                                   0.20 kB │ gzip:     0.17 kB
dist/assets/constants--g-zvmhg.js                                   0.21 kB │ gzip:     0.14 kB
dist/assets/use-date-table-filters-CuLQIhxb.js                      0.23 kB │ gzip:     0.18 kB
dist/assets/index-CzA9aDfh.js                                       0.23 kB │ gzip:     0.17 kB
dist/assets/product-variants-BDnNZA89.js                            0.23 kB │ gzip:     0.19 kB
dist/assets/index-DYnS_Lqn.js                                       0.24 kB │ gzip:     0.20 kB
dist/assets/textarea-BHJFjP8k.js                                    0.24 kB │ gzip:     0.21 kB
dist/assets/constants-BXu6M9C7.js                                   0.25 kB │ gzip:     0.19 kB
dist/assets/orders-DPWaWmGw.js                                      0.29 kB │ gzip:     0.21 kB
dist/assets/constants-D2pt8gQe.js                                   0.30 kB │ gzip:     0.24 kB
dist/assets/item-placeholder-CPfFdE7d.js                            0.32 kB │ gzip:     0.25 kB
dist/assets/promotion-list-table-renderers-X6CggW9f.js              0.39 kB │ gzip:     0.26 kB
dist/assets/link-button-BefukxyG.js                                 0.39 kB │ gzip:     0.27 kB
dist/assets/detail-page-defaults-BhwIuPUX.js                        0.40 kB │ gzip:     0.25 kB
dist/assets/keybound-form-BXO0Z1Su.js                               0.41 kB │ gzip:     0.30 kB
dist/assets/description-cell-DLjxvSqX.js                            0.41 kB │ gzip:     0.24 kB
dist/assets/handle-input-D7kpKmC4.js                                0.43 kB │ gzip:     0.31 kB
dist/assets/prism-json-xwnKirkR.js                                  0.45 kB │ gzip:     0.28 kB
dist/assets/form-helpers-C2rf7EQ5.js                                0.47 kB │ gzip:     0.26 kB
dist/assets/country-select-BlN551Wp.js                              0.52 kB │ gzip:     0.37 kB
dist/assets/use-delete-product-category-action-BCykrnkS.js          0.52 kB │ gzip:     0.33 kB
dist/assets/use-delete-price-list-action-CaIJ5dMl.js                0.53 kB │ gzip:     0.33 kB
dist/assets/use-delete-product-type-action-RxgCM9U-.js              0.54 kB │ gzip:     0.34 kB
dist/assets/use-delete-product-tag-action-y8pA4U3G.js               0.55 kB │ gzip:     0.35 kB
dist/assets/utils-BmHdQtUM.js                                       0.56 kB │ gzip:     0.32 kB
dist/assets/section-row-CbVsKrVc.js                                 0.56 kB │ gzip:     0.37 kB
dist/assets/use-delete-shipping-option-type-action-ClOOj2oK.js      0.58 kB │ gzip:     0.36 kB
dist/assets/icon-avatar-C8CxzSKC.js                                 0.66 kB │ gzip:     0.34 kB
dist/assets/switch-box-KmbC2alA.js                                  0.66 kB │ gzip:     0.42 kB
dist/assets/plugins-D0MZjTFp.js                                     0.67 kB │ gzip:     0.35 kB
dist/assets/index-BvteynLC.js                                       0.67 kB │ gzip:     0.41 kB
dist/assets/list-summary-CHpJ-aHl.js                                0.67 kB │ gzip:     0.41 kB
dist/assets/index-BmUkh89R.js                                       0.68 kB │ gzip:     0.41 kB
dist/assets/index-CFV1x7ST.js                                       0.68 kB │ gzip:     0.42 kB
dist/assets/index-D745raRX.js                                       0.68 kB │ gzip:     0.42 kB
dist/assets/status-cell-CLpBUuIy.js                                 0.68 kB │ gzip:     0.38 kB
dist/assets/inline-tip-BSJAWhLw.js                                  0.69 kB │ gzip:     0.40 kB
dist/assets/shipping-options-DbXuoyCH.js                            0.69 kB │ gzip:     0.31 kB
dist/assets/index-DPUX8rEz.js                                       0.69 kB │ gzip:     0.42 kB
dist/assets/index-D5rGOpQC.js                                       0.69 kB │ gzip:     0.43 kB
dist/assets/index-CFzQxozD.js                                       0.69 kB │ gzip:     0.42 kB
dist/assets/index-DWPbGXrp.js                                       0.69 kB │ gzip:     0.43 kB
dist/assets/index-vnprgiYH.js                                       0.70 kB │ gzip:     0.43 kB
dist/assets/index-BeoxAB0L.js                                       0.70 kB │ gzip:     0.42 kB
dist/assets/index-Dx2_0PXO.js                                       0.70 kB │ gzip:     0.42 kB
dist/assets/index-CYeJLJ1W.js                                       0.70 kB │ gzip:     0.42 kB
dist/assets/index-Cd1S74ZO.js                                       0.71 kB │ gzip:     0.43 kB
dist/assets/index-CnFMNm8C.js                                       0.71 kB │ gzip:     0.44 kB
dist/assets/index-r78BEnJ6.js                                       0.72 kB │ gzip:     0.44 kB
dist/assets/index-DtDRJM0x.js                                       0.73 kB │ gzip:     0.44 kB
dist/assets/index-B2qZ3q53.js                                       0.73 kB │ gzip:     0.45 kB
dist/assets/index-F4YU_FhT.js                                       0.74 kB │ gzip:     0.45 kB
dist/assets/index-DyyelbrV.js                                       0.74 kB │ gzip:     0.43 kB
dist/assets/promotions-DLkoYUUr.js                                  0.74 kB │ gzip:     0.40 kB
dist/assets/index-Duuu6krj.js                                       0.75 kB │ gzip:     0.46 kB
dist/assets/text-cell-iclr9Q-m.js                                   0.79 kB │ gzip:     0.35 kB
dist/assets/use-locales-table-query-D7dQWGzN.js                     0.81 kB │ gzip:     0.46 kB
dist/assets/addresses-DOrSn2kx.js                                   0.81 kB │ gzip:     0.43 kB
dist/assets/use-currencies-table-query-dq-SRh03.js                  0.83 kB │ gzip:     0.48 kB
dist/assets/use-data-table-date-columns-Q-awi1Fz.js                 0.83 kB │ gzip:     0.37 kB
dist/assets/user-link-Cwjxw4At.js                                   0.84 kB │ gzip:     0.54 kB
dist/assets/index-BC5ZmjA0.js                                       0.85 kB │ gzip:     0.42 kB
dist/assets/validation-DEzcqg-c.js                                  0.85 kB │ gzip:     0.46 kB
dist/assets/product-types-CtRgeBdp.js                               0.86 kB │ gzip:     0.35 kB
dist/assets/invites-BoRX3w7g.js                                     0.87 kB │ gzip:     0.37 kB
dist/assets/alert-BGyVpira.js                                       0.87 kB │ gzip:     0.51 kB
dist/assets/status-badge-B1xBkSKG.js                                0.88 kB │ gzip:     0.48 kB
dist/assets/refund-reasons-BhTI8mt_.js                              0.90 kB │ gzip:     0.36 kB
dist/assets/tax-regions-Cfd4nq5R.js                                 0.90 kB │ gzip:     0.38 kB
dist/assets/shipping-option-types-DjoMdoGe.js                       0.90 kB │ gzip:     0.36 kB
dist/assets/tags-CiD_87b1.js                                        0.90 kB │ gzip:     0.37 kB
dist/assets/plus-mini-CfyEj-U5.js                                   0.91 kB │ gzip:     0.54 kB
dist/assets/index-2q4tKICW.js                                       0.92 kB │ gzip:     0.49 kB
dist/assets/shipping-profiles-ag01g1xX.js                           0.93 kB │ gzip:     0.37 kB
dist/assets/use-product-table-query-nwLpgM8r.js                     0.93 kB │ gzip:     0.46 kB
dist/assets/use-product-type-table-columns-BtehPUiQ.js              0.93 kB │ gzip:     0.48 kB
dist/assets/inventory-item-general-section-BtDmvH7j.js              0.93 kB │ gzip:     0.51 kB
dist/assets/hooks-wHws2_dw.js                                       0.94 kB │ gzip:     0.55 kB
dist/assets/arrow-right-BMMhUW7N.js                                 0.94 kB │ gzip:     0.56 kB
dist/assets/shipping-options-LvRsML7-.js                            0.94 kB │ gzip:     0.39 kB
dist/assets/return-reasons-B7DoLIlV.js                              0.95 kB │ gzip:     0.38 kB
dist/assets/descending-sorting-BIqVFK8o.js                          1.00 kB │ gzip:     0.59 kB
dist/assets/tax-rates-YI3c29QB.js                                   1.01 kB │ gzip:     0.39 kB
dist/assets/regions-Ci14YzEu.js                                     1.02 kB │ gzip:     0.38 kB
dist/assets/use-customer-group-table-columns-B6XWMULN.js            1.07 kB │ gzip:     0.58 kB
dist/assets/arrow-down-right-mini-F6jWwM4K.js                       1.09 kB │ gzip:     0.60 kB
dist/assets/trash-tA3rInoH.js                                       1.09 kB │ gzip:     0.64 kB
dist/assets/triangle-left-mini-DMKaADPQ.js                          1.09 kB │ gzip:     0.64 kB
dist/assets/collections-Be6DqhYu.js                                 1.14 kB │ gzip:     0.37 kB
dist/assets/date-range-display-DKE8Hf7I.js                          1.14 kB │ gzip:     0.50 kB
dist/assets/use-data-table-date-filters-DNRt_hJO.js                 1.16 kB │ gzip:     0.50 kB
dist/assets/x-circle-D-UoZb7Y.js                                    1.16 kB │ gzip:     0.65 kB
dist/assets/fulfillment-sets-9lfVhQkC.js                            1.16 kB │ gzip:     0.37 kB
dist/assets/index-CWB5iT0C.js                                       1.16 kB │ gzip:     0.62 kB
dist/assets/categories-DvXi1U8k.js                                  1.17 kB │ gzip:     0.40 kB
dist/assets/use-country-table-query-CLAqEBSU.js                     1.17 kB │ gzip:     0.66 kB
dist/assets/index.modern-CRy3ooNN.js                                1.18 kB │ gzip:     0.64 kB
dist/assets/index-gqhTlXRD.js                                       1.19 kB │ gzip:     0.63 kB
dist/assets/index-Bg-wTboa.js                                       1.19 kB │ gzip:     0.63 kB
dist/assets/pencil-square-Buq8Sag3.js                               1.21 kB │ gzip:     0.69 kB
dist/assets/component-DktFU-UX.js                                   1.22 kB │ gzip:     0.66 kB
dist/assets/information-circle-BcNYpvPu.js                          1.22 kB │ gzip:     0.69 kB
dist/assets/constants-CmNptDhH.js                                   1.24 kB │ gzip:     0.44 kB
dist/assets/arrow-path-CIEMSKt4.js                                  1.26 kB │ gzip:     0.69 kB
dist/assets/use-combobox-data-yYW2ydqj.js                           1.27 kB │ gzip:     0.66 kB
dist/assets/key-DSx8kP4E.js                                         1.28 kB │ gzip:     0.73 kB
dist/assets/use-order-table-filters-CChyptMi.js                     1.32 kB │ gzip:     0.62 kB
dist/assets/translations-CSkP6fBZ.js                                1.35 kB │ gzip:     0.61 kB
dist/assets/triangles-mini-YiGvILMp.js                              1.37 kB │ gzip:     0.74 kB
dist/assets/channels-CWrEAU-q.js                                    1.37 kB │ gzip:     0.71 kB
dist/assets/index-CEiKhut4.js                                       1.39 kB │ gzip:     0.79 kB
dist/assets/rma-CeFLmb9b.js                                         1.40 kB │ gzip:     0.77 kB
dist/assets/data-table-order-by-B-i_3GgU.js                         1.43 kB │ gzip:     0.70 kB
dist/assets/popover-DSYRyPBN.js                                     1.47 kB │ gzip:     0.64 kB
dist/assets/utils-DYMSA_WN.js                                       1.48 kB │ gzip:     0.57 kB
dist/assets/chip-group-DTvN3LqW.js                                  1.48 kB │ gzip:     0.70 kB
dist/assets/use-product-table-filters-D-ZMf1WE.js                   1.50 kB │ gzip:     0.58 kB
dist/assets/api-keys-BatA8FQJ.js                                    1.51 kB │ gzip:     0.43 kB
dist/assets/empty-table-content-DZT8AB4o.js                         1.53 kB │ gzip:     0.59 kB
dist/assets/price-lists-BK43Nteq.js                                 1.57 kB │ gzip:     0.49 kB
dist/assets/use-product-table-columns-B1zIqmWV.js                   1.61 kB │ gzip:     0.67 kB
dist/assets/form-extension-zone-CMA7NlN1.js                         1.62 kB │ gzip:     0.77 kB
dist/assets/globe-europe-CRskv7jU.js                                1.63 kB │ gzip:     0.91 kB
dist/assets/create-data-grid-price-columns-DQMmjjnl.js              1.64 kB │ gzip:     0.65 kB
dist/assets/index-oSVcKBwu.js                                       1.64 kB │ gzip:     0.86 kB
dist/assets/use-promotion-table-query-B_0VEW72.js                   1.65 kB │ gzip:     0.76 kB
dist/assets/use-inventory-table-query-Cy6YPA2L.js                   1.67 kB │ gzip:     0.69 kB
dist/assets/sales-channels-DlZKYvCq.js                              1.73 kB │ gzip:     0.46 kB
dist/assets/index-D07rIDfO.js                                       1.75 kB │ gzip:     0.89 kB
dist/assets/index-BgITx0bt.js                                       1.76 kB │ gzip:     0.89 kB
dist/assets/file-upload-DkmyVlqy.js                                 1.77 kB │ gzip:     0.95 kB
dist/assets/index-wyYsEx3J.js                                       1.78 kB │ gzip:     0.88 kB
dist/assets/index-DuoPD-hC.js                                       1.81 kB │ gzip:     0.97 kB
dist/assets/arrow-up-mini-CjvwbWBc.js                               1.83 kB │ gzip:     0.68 kB
dist/assets/utils-CvcU1SOc.js                                       1.83 kB │ gzip:     0.74 kB
dist/assets/order-edits-XAuu6tU_.js                                 1.85 kB │ gzip:     0.40 kB
dist/assets/index-SywO0Wgl.js                                       1.85 kB │ gzip:     0.84 kB
dist/assets/index-DCzkhKOE.js                                       1.86 kB │ gzip:     0.84 kB
dist/assets/index-UDgrBbr6.js                                       1.87 kB │ gzip:     0.86 kB
dist/assets/stock-locations-BmhBGwB-.js                             1.87 kB │ gzip:     0.52 kB
dist/assets/index-BenEuG2W.js                                       1.88 kB │ gzip:     0.92 kB
dist/assets/percentage-input-BxrO4GUs.js                            1.89 kB │ gzip:     0.85 kB
dist/assets/index-CVDUfnM3.js                                       1.90 kB │ gzip:     0.91 kB
dist/assets/index-BuszM8If.js                                       1.90 kB │ gzip:     0.91 kB
dist/assets/currency-input-CMHLJgm2.js                              1.91 kB │ gzip:     0.87 kB
dist/assets/index-CpAs6ufF.js                                       1.92 kB │ gzip:     0.91 kB
dist/assets/index-7Wd4vi2H.js                                       1.93 kB │ gzip:     0.93 kB
dist/assets/thumbnail-badge-U5LIoJaW.js                             1.96 kB │ gzip:     0.97 kB
dist/assets/index-CLt619l2.js                                       2.00 kB │ gzip:     0.94 kB
dist/assets/index-oO0JZsqW.js                                       2.00 kB │ gzip:     0.89 kB
dist/assets/sidebar-link-BK-CVAdH.js                                2.11 kB │ gzip:     1.02 kB
dist/assets/index-66KApD78.js                                       2.11 kB │ gzip:     0.98 kB
dist/assets/index-BOuIbQoo.js                                       2.13 kB │ gzip:     1.08 kB
dist/assets/index-80djZIgc.js                                       2.16 kB │ gzip:     0.96 kB
dist/assets/index-CEqGQ6Bw.js                                       2.17 kB │ gzip:     0.96 kB
dist/assets/data-grid-toggleable-number-cell-Dj6hzdF1.js            2.21 kB │ gzip:     1.10 kB
dist/assets/index-Dk8hDkGR.js                                       2.22 kB │ gzip:     1.07 kB
dist/assets/index-DyQm5Lrq.js                                       2.22 kB │ gzip:     1.02 kB
dist/assets/use-sales-channel-table-query-C0i8FdqL.js               2.26 kB │ gzip:     0.86 kB
dist/assets/create-campaign-form-B5UbEGsv.js                        2.27 kB │ gzip:     1.01 kB
dist/assets/price-list-customer-group-rule-form-BaV5Yvqk.js         2.27 kB │ gzip:     1.18 kB
dist/assets/focus-modal-D3tSWb7J.js                                 2.32 kB │ gzip:     0.82 kB
dist/assets/index-DBGkisRK.js                                       2.33 kB │ gzip:     1.00 kB
dist/assets/index-CsUXvEwe.js                                       2.34 kB │ gzip:     1.19 kB
dist/assets/index-Btkyd8Mk.js                                       2.37 kB │ gzip:     1.14 kB
dist/assets/index-5aLaHchv.js                                       2.42 kB │ gzip:     1.14 kB
dist/assets/index-SnAK5KcD.js                                       2.45 kB │ gzip:     1.15 kB
dist/assets/index-NVElychB.js                                       2.50 kB │ gzip:     1.07 kB
dist/assets/index-2if2VRCM.js                                       2.56 kB │ gzip:     1.03 kB
dist/assets/index-BNVFUw3S.js                                       2.62 kB │ gzip:     1.23 kB
dist/assets/radio-group-BSdCzXwn.js                                 2.64 kB │ gzip:     0.83 kB
dist/assets/placeholders-35urTGsl.js                                2.65 kB │ gzip:     1.11 kB
dist/assets/index-BEamdek1.js                                       2.71 kB │ gzip:     1.05 kB
dist/assets/index-BWZKWuFp.js                                       2.72 kB │ gzip:     1.15 kB
dist/assets/stacked-focus-modal-By_PNjnR.js                         2.75 kB │ gzip:     1.10 kB
dist/assets/index-5_QwDJOc.js                                       2.76 kB │ gzip:     1.07 kB
dist/assets/avatar-box-Dz_0Qneb.js                                  2.77 kB │ gzip:     1.24 kB
dist/assets/use-tax-region-table-DJMMz3QA.js                        2.78 kB │ gzip:     1.30 kB
dist/assets/index-CPGB6qTR.js                                       2.79 kB │ gzip:     1.31 kB
dist/assets/index-BfHtX5Gm.js                                       2.82 kB │ gzip:     1.15 kB
dist/assets/index-Dm9azRkK.js                                       2.83 kB │ gzip:     1.06 kB
dist/assets/command-bar-DeFdnqGn.js                                 2.86 kB │ gzip:     1.16 kB
dist/assets/switch-B3qbogwA.js                                      2.91 kB │ gzip:     1.37 kB
dist/assets/index-W1G0T085.js                                       2.91 kB │ gzip:     1.22 kB
dist/assets/index-DoaBvk5M.js                                       2.92 kB │ gzip:     1.15 kB
dist/assets/index-CWiHzJ8C.js                                       2.94 kB │ gzip:     1.48 kB
dist/assets/add-locales-form-D7t00W8F.js                            2.98 kB │ gzip:     1.50 kB
dist/assets/use-customer-table-columns-Bdx45QX8.js                  3.00 kB │ gzip:     1.10 kB
dist/assets/customer-groups-DSCtEWsK.js                             3.05 kB │ gzip:     0.62 kB
dist/assets/index-C7vwARq-.js                                       3.05 kB │ gzip:     1.17 kB
dist/assets/index-DMQ9CDyX.js                                       3.05 kB │ gzip:     1.25 kB
dist/assets/index-7hSXMZc8.js                                       3.08 kB │ gzip:     1.07 kB
dist/assets/route-focus-modal-cl7pPsA0.js                           3.09 kB │ gzip:     1.45 kB
dist/assets/index-DcrMsGRc.js                                       3.19 kB │ gzip:     1.06 kB
dist/assets/checkbox-DK4f8VOr.js                                    3.20 kB │ gzip:     1.50 kB
dist/assets/index-mUw8GuXK.js                                       3.23 kB │ gzip:     1.56 kB
dist/assets/index-pAxiP8tq.js                                       3.24 kB │ gzip:     1.32 kB
dist/assets/index-BinSHzwW.js                                       3.25 kB │ gzip:     1.51 kB
dist/assets/index-D9_-fu9I.js                                       3.26 kB │ gzip:     1.44 kB
dist/assets/table-E2nkNtew.js                                       3.32 kB │ gzip:     1.28 kB
dist/assets/index-CGADgWUb.js                                       3.36 kB │ gzip:     1.36 kB
dist/assets/index-BvpjBDfe.js                                       3.39 kB │ gzip:     1.36 kB
dist/assets/index-DLTNY9OY.js                                       3.40 kB │ gzip:     1.57 kB
dist/assets/copy-BsqHxWe1.js                                        3.42 kB │ gzip:     1.39 kB
dist/assets/index-JOE9l6If.js                                       3.43 kB │ gzip:     1.71 kB
dist/assets/zod-CqNOevtZ.js                                         3.43 kB │ gzip:     1.36 kB
dist/assets/index-QNw7H_zn.js                                       3.43 kB │ gzip:     1.19 kB
dist/assets/use-order-table-columns-DXgY4LUJ.js                     3.45 kB │ gzip:     1.12 kB
dist/assets/exchanges-C3BM7d9q.js                                   3.45 kB │ gzip:     0.62 kB
dist/assets/index-DEXX5Z7T.js                                       3.45 kB │ gzip:     1.59 kB
dist/assets/index-A1v0R31b.js                                       3.53 kB │ gzip:     1.62 kB
dist/assets/index-QyVNH_LB.js                                       3.54 kB │ gzip:     1.57 kB
dist/assets/index-Bmqld3SR.js                                       3.55 kB │ gzip:     1.71 kB
dist/assets/mfa-fFXakx5P.js                                         3.55 kB │ gzip:     1.68 kB
dist/assets/index-Bx3z_HKa.js                                       3.60 kB │ gzip:     1.54 kB
dist/assets/tax-badge-BywBlHy3.js                                   3.61 kB │ gzip:     1.24 kB
dist/assets/index-R0viefIv.js                                       3.68 kB │ gzip:     1.36 kB
dist/assets/folder-illustration-Cv9sNZSA.js                         3.69 kB │ gzip:     1.24 kB
dist/assets/index-D6i9LiFL.js                                       3.74 kB │ gzip:     1.70 kB
dist/assets/claims-BXz2YWaQ.js                                      3.83 kB │ gzip:     0.62 kB
dist/assets/index-29YpDMfS.js                                       3.84 kB │ gzip:     1.78 kB
dist/assets/index-82NfeCUS.js                                       3.84 kB │ gzip:     1.81 kB
dist/assets/index-DqjStfT4.js                                       3.85 kB │ gzip:     1.79 kB
dist/assets/index-BK6_BFDC.js                                       3.87 kB │ gzip:     1.57 kB
dist/assets/index-BYcyxtq7.js                                       3.93 kB │ gzip:     1.63 kB
dist/assets/index-B5RG0jHt.js                                       3.95 kB │ gzip:     1.89 kB
dist/assets/index-CW1UxBpJ.js                                       3.96 kB │ gzip:     1.85 kB
dist/assets/index-c1GpBNVN.js                                       4.01 kB │ gzip:     1.92 kB
dist/assets/index-BDfbUEoj.js                                       4.02 kB │ gzip:     1.93 kB
dist/assets/index-a7-9T0Zo.js                                       4.03 kB │ gzip:     1.65 kB
dist/assets/index-CK3fI0JV.js                                       4.03 kB │ gzip:     1.90 kB
dist/assets/index-exkno9l4.js                                       4.04 kB │ gzip:     1.36 kB
dist/assets/index-BMoJ3JMU.js                                       4.11 kB │ gzip:     1.67 kB
dist/assets/index-C7QZxxZV.js                                       4.15 kB │ gzip:     1.97 kB
dist/assets/geo-zone-form-Cadq68Uo.js                               4.16 kB │ gzip:     1.87 kB
dist/assets/index-CvjParlg.js                                       4.17 kB │ gzip:     1.84 kB
dist/assets/index-BYbFtU_X.js                                       4.19 kB │ gzip:     1.95 kB
dist/assets/index-8mSM_AVE.js                                       4.19 kB │ gzip:     1.87 kB
dist/assets/chip-input-D-O_kOyi.js                                  4.28 kB │ gzip:     2.01 kB
dist/assets/index-DsxDAVNf.js                                       4.30 kB │ gzip:     1.91 kB
dist/assets/index-B2uEhsiZ.js                                       4.31 kB │ gzip:     1.78 kB
dist/assets/index-Cy8UpLXc.js                                       4.39 kB │ gzip:     1.27 kB
dist/assets/index-B15Pbr-l.js                                       4.43 kB │ gzip:     2.03 kB
dist/assets/index-DFBl8oXl.js                                       4.45 kB │ gzip:     1.76 kB
dist/assets/index-BQoYw7Yu.js                                       4.45 kB │ gzip:     1.99 kB
dist/assets/index-phXkoyNU.js                                       4.46 kB │ gzip:     1.23 kB
dist/assets/index-DEt9_K8b.js                                       4.50 kB │ gzip:     2.04 kB
dist/assets/index-Cmft9SQM.js                                       4.51 kB │ gzip:     1.64 kB
dist/assets/index-Ci5EqtXu.js                                       4.53 kB │ gzip:     2.03 kB
dist/assets/index-Bs9TOKAP.js                                       4.54 kB │ gzip:     1.96 kB
dist/assets/index-w8R1XPzf.js                                       4.55 kB │ gzip:     1.64 kB
dist/assets/index-DfTi4KSS.js                                       4.59 kB │ gzip:     1.45 kB
dist/assets/index-C8xlpgWu.js                                       4.63 kB │ gzip:     1.32 kB
dist/assets/index-CSpdGe8W.js                                       4.64 kB │ gzip:     1.68 kB
dist/assets/index-CUCVD1GL.js                                       4.65 kB │ gzip:     1.58 kB
dist/assets/index-91G7nler.js                                       4.66 kB │ gzip:     2.08 kB
dist/assets/index-DksorgS4.js                                       4.68 kB │ gzip:     2.14 kB
dist/assets/index-B1wBeu56.js                                       4.75 kB │ gzip:     1.67 kB
dist/assets/index-B9de3cB8.js                                       4.82 kB │ gzip:     2.12 kB
dist/assets/index-DewPLHIM.js                                       4.83 kB │ gzip:     1.30 kB
dist/assets/returns-BW3El_wt.js                                     4.83 kB │ gzip:     0.67 kB
dist/assets/index-MoGAW-Lg.js                                       4.85 kB │ gzip:     1.94 kB
dist/assets/index-C1K0ZhYK.js                                       4.86 kB │ gzip:     2.17 kB
dist/assets/index-CDekwk3O.js                                       4.92 kB │ gzip:     1.35 kB
dist/assets/index-DSZCqylx.js                                       4.93 kB │ gzip:     1.97 kB
dist/assets/index-puH3fCqY.js                                       4.96 kB │ gzip:     2.07 kB
dist/assets/index-DYjBt2BK.js                                       4.98 kB │ gzip:     1.82 kB
dist/assets/index-CnS5BGfu.js                                       4.99 kB │ gzip:     1.37 kB
dist/assets/progress-tabs-C5UgdnW5.js                               5.00 kB │ gzip:     2.22 kB
dist/assets/index-CwvRztuK.js                                       5.00 kB │ gzip:     1.76 kB
dist/assets/index-CH_xSif1.js                                       5.03 kB │ gzip:     2.22 kB
dist/assets/index-BCMETT0y.js                                       5.06 kB │ gzip:     2.06 kB
dist/assets/index-Col8sXlS.js                                       5.07 kB │ gzip:     2.14 kB
dist/assets/tax-region-card-DdMrNGPx.js                             5.09 kB │ gzip:     2.15 kB
dist/assets/utils-DyLrMTW7.js                                       5.12 kB │ gzip:     1.78 kB
dist/assets/index-Qx0j5V8I.js                                       5.14 kB │ gzip:     2.17 kB
dist/assets/index-CRwxMY3l.js                                       5.15 kB │ gzip:     1.98 kB
dist/assets/index-Da8sL7rg.js                                       5.17 kB │ gzip:     2.29 kB
dist/assets/index-CQXnVPpw.js                                       5.19 kB │ gzip:     1.84 kB
dist/assets/index-B0VaIz7X.js                                       5.22 kB │ gzip:     2.35 kB
dist/assets/index-BQfoeshH.js                                       5.28 kB │ gzip:     2.24 kB
dist/assets/index-B6wZRzFn.js                                       5.37 kB │ gzip:     2.05 kB
dist/assets/index-C9wzCV90.js                                       5.41 kB │ gzip:     2.30 kB
dist/assets/index-vAU1SrDj.js                                       5.41 kB │ gzip:     2.29 kB
dist/assets/index-C6xyRdDA.js                                       5.43 kB │ gzip:     2.14 kB
dist/assets/create-campaign-form-fields-C0OO-hmu.js                 5.51 kB │ gzip:     1.56 kB
dist/assets/index-Bdp_VSDq.js                                       5.57 kB │ gzip:     2.26 kB
dist/assets/index-BZXNQecK.js                                       5.65 kB │ gzip:     2.37 kB
dist/assets/index-Clhj88rH.js                                       5.88 kB │ gzip:     2.20 kB
dist/assets/index-RmjeN1Qn.js                                       5.88 kB │ gzip:     2.35 kB
dist/assets/index-cUm8cD3K.js                                       6.02 kB │ gzip:     2.47 kB
dist/assets/index-C9o-kfFO.js                                       6.03 kB │ gzip:     2.36 kB
dist/assets/index-BcGEUS60.js                                       6.08 kB │ gzip:     2.07 kB
dist/assets/upload-media-form-item-oHR0kP8Z.js                      6.25 kB │ gzip:     2.49 kB
dist/assets/index-AZaXvyfR.js                                       6.55 kB │ gzip:     2.05 kB
dist/assets/index-1UmVkHDM.js                                       6.60 kB │ gzip:     2.56 kB
dist/assets/metadata-form-HqVAEkAa.js                               6.69 kB │ gzip:     2.71 kB
dist/assets/index-ChV7yQG0.js                                       6.71 kB │ gzip:     2.69 kB
dist/assets/index-DMRzyWdy.js                                       6.71 kB │ gzip:     2.16 kB
dist/assets/index-BWJD5VTv.js                                       6.76 kB │ gzip:     2.65 kB
dist/assets/index-Cu4lKTBt.js                                       6.80 kB │ gzip:     2.36 kB
dist/assets/category-combobox-DEFO3ZLj.js                           7.10 kB │ gzip:     2.71 kB
dist/assets/add-campaign-promotion-form-D2MVjn7k.js                 7.15 kB │ gzip:     1.98 kB
dist/assets/index--0m2dh26.js                                       7.17 kB │ gzip:     2.89 kB
dist/assets/index-BoM7IKFA.js                                       7.26 kB │ gzip:     2.48 kB
dist/assets/index-I5ZkiJ73.js                                       7.29 kB │ gzip:     2.47 kB
dist/assets/use-data-table-8KkndWdo.js                              7.40 kB │ gzip:     3.03 kB
dist/assets/index-CrxKraRk.js                                       7.42 kB │ gzip:     2.82 kB
dist/assets/index-B-SCsBiF.js                                       7.51 kB │ gzip:     2.84 kB
dist/assets/index-BAgCjGt6.js                                       7.76 kB │ gzip:     2.43 kB
dist/assets/index-BeFdsVs0.js                                       7.79 kB │ gzip:     2.21 kB
dist/assets/index-2lnsjXxD.js                                       7.90 kB │ gzip:     2.78 kB
dist/assets/index-BZjWvAsj.js                                       8.00 kB │ gzip:     3.13 kB
dist/assets/index-xzKKvZWG.js                                       8.03 kB │ gzip:     3.07 kB
dist/assets/index-kuv3HQn0.js                                       8.11 kB │ gzip:     3.39 kB
dist/assets/rules-form-field-DutijJ84.js                            8.22 kB │ gzip:     2.87 kB
dist/assets/index-BaAht0az.js                                       8.34 kB │ gzip:     3.54 kB
dist/assets/index-Cph8qXgV.js                                       8.37 kB │ gzip:     3.01 kB
dist/assets/index-C5vvKwmH.js                                       8.41 kB │ gzip:     2.24 kB
dist/assets/index-Ca0aWfLV.js                                       8.43 kB │ gzip:     3.19 kB
dist/assets/index-fQTKmUck.js                                       8.67 kB │ gzip:     3.64 kB
dist/assets/use-tax-override-table-iVsPOciR.js                      8.71 kB │ gzip:     2.91 kB
dist/assets/index-CzbQalzd.js                                       8.74 kB │ gzip:     2.74 kB
dist/assets/tax-region-tax-override-edit-form-Ck7QC3Jn.js           8.76 kB │ gzip:     2.89 kB
dist/assets/utils-8vAHiyEp.js                                       8.79 kB │ gzip:     2.76 kB
dist/assets/index-Bd9-2Cm9.js                                       9.41 kB │ gzip:     3.18 kB
dist/assets/index-DwDNEPYK.js                                       9.42 kB │ gzip:     3.16 kB
dist/assets/index-mVcI5OCb.js                                       9.52 kB │ gzip:     2.96 kB
dist/assets/index--HWCup6t.js                                       9.53 kB │ gzip:     3.54 kB
dist/assets/index-CQUp7mD9.js                                       9.82 kB │ gzip:     3.71 kB
dist/assets/index.esm-BXv7No1i.js                                   9.93 kB │ gzip:     3.92 kB
dist/assets/index-DMkyhEGr.js                                       9.98 kB │ gzip:     3.44 kB
dist/assets/index-D-CYv7I7.js                                      10.21 kB │ gzip:     3.91 kB
dist/assets/index-C8z-YozU.js                                      10.26 kB │ gzip:     2.94 kB
dist/assets/index-MDA16U3L.js                                      10.36 kB │ gzip:     3.48 kB
dist/assets/index-DBBNZRoy.js                                      10.55 kB │ gzip:     3.40 kB
dist/assets/index-Etn8NOMH.js                                      10.99 kB │ gzip:     3.59 kB
dist/assets/index-DF4o5NdZ.js                                      11.28 kB │ gzip:     3.80 kB
dist/assets/index-BDt__0Cj.js                                      11.29 kB │ gzip:     3.88 kB
dist/assets/use-shipping-option-price-columns-BiGB5caJ.js          11.32 kB │ gzip:     3.08 kB
dist/assets/index-o2kb1tkM.js                                      11.74 kB │ gzip:     3.95 kB
dist/assets/index-CXFMapdl.js                                      11.75 kB │ gzip:     4.20 kB
dist/assets/index-BWaQA1IH.js                                      11.86 kB │ gzip:     3.57 kB
dist/assets/index-DkCdmWnE.js                                      12.34 kB │ gzip:     3.86 kB
dist/assets/index-Dbu64V1h.js                                      12.50 kB │ gzip:     4.17 kB
dist/assets/index-DI4DZ7bF.js                                      12.64 kB │ gzip:     3.50 kB
dist/assets/schemas-B_JfHT4O.js                                    12.78 kB │ gzip:     4.28 kB
dist/assets/index-_tMQg-Ja.js                                      13.16 kB │ gzip:     3.96 kB
dist/assets/tiered-price-form-D0WMfOvf.js                          13.21 kB │ gzip:     4.90 kB
dist/assets/index-BZ1ZTo6l.js                                      13.26 kB │ gzip:     4.02 kB
dist/assets/index-BamypW9I.js                                      13.59 kB │ gzip:     4.45 kB
dist/assets/index-C6DsA0dQ.js                                      14.17 kB │ gzip:     4.67 kB
dist/assets/index-h0Zvklun.js                                      14.84 kB │ gzip:     5.17 kB
dist/assets/index-vUZYw8gj.js                                      15.03 kB │ gzip:     4.94 kB
dist/assets/index-7dtcVGdn.js                                      17.10 kB │ gzip:     4.89 kB
dist/assets/data-table-filter-DmCTHPL1.js                          17.21 kB │ gzip:     5.01 kB
dist/assets/category-tree-D7H1z6RR.js                              17.73 kB │ gzip:     5.92 kB
dist/assets/index-DPb_mgbP.js                                      18.55 kB │ gzip:     5.90 kB
dist/assets/index-BlApDI5H.js                                      19.33 kB │ gzip:     4.80 kB
dist/assets/configurable-data-table-Bg1ogx3R.js                    19.72 kB │ gzip:     7.15 kB
dist/assets/select-BDl-JHLR.js                                     21.87 kB │ gzip:     7.65 kB
dist/assets/index-D32mJeff.js                                      22.54 kB │ gzip:     7.28 kB
dist/assets/country-states-DPI7CVnp.js                             22.75 kB │ gzip:     9.80 kB
dist/assets/index-CsMQor6A.js                                      34.84 kB │ gzip:    10.06 kB
dist/assets/index-CAuHsVet.js                                      35.10 kB │ gzip:    12.99 kB
dist/assets/index-CBt2Jek2.js                                      36.32 kB │ gzip:     9.32 kB
dist/assets/index-97-dnbt5.js                                      36.76 kB │ gzip:     9.48 kB
dist/assets/index-BQAn3N3A.js                                      50.86 kB │ gzip:    13.54 kB
dist/assets/data-table-DSzX8bmX.js                                 56.92 kB │ gzip:    16.63 kB
dist/assets/create-data-grid-column-helper-DurRcsH2.js             64.70 kB │ gzip:    20.75 kB
dist/assets/schemas-CyIhfvh1.js                                    66.77 kB │ gzip:    17.97 kB
dist/assets/index-BQtHp7nw.js                                      79.53 kB │ gzip:    16.77 kB
dist/assets/combobox-DrESQRF_.js                                   85.69 kB │ gzip:    28.92 kB
dist/assets/index-BqlmeZUG.js                                     109.14 kB │ gzip:    33.70 kB
dist/assets/date-picker-BXFQ8FOp.js                               177.99 kB │ gzip:    58.32 kB
dist/assets/index-bpL1vwTQ.js                                   4,390.44 kB │ gzip: 1,264.70 kB

(!) Some chunks are larger than 500 kB after minification. Consider:
- Using dynamic import() to code-split the application
- Use build.rollupOptions.output.manualChunks to improve chunking: https://rollupjs.org/configuration-options/#output-manualchunks
- Adjust chunk size limit for this warning via build.chunkSizeWarningLimit.
✓ built in 26.09s
