TAP version 13
# Subtest: disabled adapter preserves native emailpass behavior and original provider IDs
ok 1 - disabled adapter preserves native emailpass behavior and original provider IDs
  ---
  duration_ms: 5.593428
  type: 'test'
  ...
# Subtest: enabled authentication requires a verified tenant and a trusted server actor
ok 2 - enabled authentication requires a verified tenant and a trusted server actor
  ---
  duration_ms: 4.251284
  type: 'test'
  ...
# Subtest: the same email has different native identities across tenants and user/customer actors
ok 3 - the same email has different native identities across tenants and user/customer actors
  ---
  duration_ms: 6.080543
  type: 'test'
  ...
# Subtest: native login selects the tenant/actor namespace and rejects a foreign tenant password
ok 4 - native login selects the tenant/actor namespace and rejects a foreign tenant password
  ---
  duration_ms: 2.992535
  type: 'test'
  ...
# Subtest: email case normalization cannot create duplicate scoped identities
ok 5 - email case normalization cannot create duplicate scoped identities
  ---
  duration_ms: 5.828353
  type: 'test'
  ...
# Subtest: client tenant fields and actor mismatches are rejected before provider writes
ok 6 - client tenant fields and actor mismatches are rejected before provider writes
  ---
  duration_ms: 0.918325
  type: 'test'
  ...
# Subtest: successful provider responses cannot authenticate an unbound or mismatched identity
ok 7 - successful provider responses cannot authenticate an unbound or mismatched identity
  ---
  duration_ms: 2.16778
  type: 'test'
  ...
# Subtest: trusted metadata writes use a transaction-local tenant setting and lock the visible identity
ok 8 - trusted metadata writes use a transaction-local tenant setting and lock the visible identity
  ---
  duration_ms: 3.053286
  type: 'test'
  ...
# Subtest: actor attachment verifies native visibility and forbids rebinding or a foreign auth identity
ok 9 - actor attachment verifies native visibility and forbids rebinding or a foreign auth identity
  ---
  duration_ms: 3.52624
  type: 'test'
  ...
# Subtest: 40 concurrent logins keep tenant and actor namespaces separate
ok 10 - 40 concurrent logins keep tenant and actor namespaces separate
  ---
  duration_ms: 6.008074
  type: 'test'
  ...
# Subtest: installation is idempotent and rejects changing the persistent namespace secret
ok 11 - installation is idempotent and rejects changing the persistent namespace secret
  ---
  duration_ms: 0.812756
  type: 'test'
  ...
1..11
# tests 11
# suites 0
# pass 11
# fail 0
# cancelled 0
# skipped 0
# todo 0
# duration_ms 726.920587
