vite v5.4.21 building for production...
transforming...
Browserslist: browsers data (caniuse-lite) is 10 months old. Please run:
  npx update-browserslist-db@latest
  Why you should do it regularly: https://github.com/browserslist/update-db#readme
✓ 5637 modules transformed.
rendering chunks...
computing gzip size...
../../../saas/admin-dist/index.html                                                     0.41 kB │ gzip:     0.27 kB
../../../saas/admin-dist/assets/RobotoMono-Medium-B0UKl2Zn.ttf                         87.17 kB
../../../saas/admin-dist/assets/RobotoMono-Regular-44XoGH_Y.ttf                        87.24 kB
../../../saas/admin-dist/assets/Inter-Regular-DYjygwQm.ttf                            310.25 kB
../../../saas/admin-dist/assets/Inter-Medium-CKLJZXR2.ttf                             315.13 kB
../../../saas/admin-dist/assets/index-xS_9j7sN.css                                    105.72 kB │ gzip:    17.29 kB
../../../saas/admin-dist/assets/create-data-table-command-helper-C3wntDfO.js            0.05 kB │ gzip:     0.07 kB
../../../saas/admin-dist/assets/constants-BfSFfP0q.js                                   0.05 kB │ gzip:     0.07 kB
../../../saas/admin-dist/assets/constants-Ctly4bhN.js                                   0.05 kB │ gzip:     0.07 kB
../../../saas/admin-dist/assets/order-item-C81j_XSg.js                                  0.07 kB │ gzip:     0.08 kB
../../../saas/admin-dist/assets/create-data-table-filter-helper-BDq3TjGS.js             0.07 kB │ gzip:     0.09 kB
../../../saas/admin-dist/assets/cast-number--GkmTDK9.js                                 0.08 kB │ gzip:     0.10 kB
../../../saas/admin-dist/assets/compat-DiYjOc9-.js                                      0.10 kB │ gzip:     0.10 kB
../../../saas/admin-dist/assets/format-currency-DQuszszE.js                             0.12 kB │ gzip:     0.13 kB
../../../saas/admin-dist/assets/visually-hidden-DF1A9rsA.js                             0.13 kB │ gzip:     0.13 kB
../../../saas/admin-dist/assets/use-require-rbac-feature-CzZjmLa1.js                    0.15 kB │ gzip:     0.15 kB
../../../saas/admin-dist/assets/sales-channel-table-renderers-4sebieIf.js               0.15 kB │ gzip:     0.15 kB
../../../saas/admin-dist/assets/parse-filter-param-LeLAJylQ.js                          0.16 kB │ gzip:     0.15 kB
../../../saas/admin-dist/assets/format-provider-pW7pxCCk.js                             0.16 kB │ gzip:     0.15 kB
../../../saas/admin-dist/assets/use-query-params-C_dGoqfN.js                            0.17 kB │ gzip:     0.16 kB
../../../saas/admin-dist/assets/index-vhe4_kkc.js                                       0.17 kB │ gzip:     0.16 kB
../../../saas/admin-dist/assets/percentage-helpers-DGMLEdzo.js                          0.17 kB │ gzip:     0.16 kB
../../../saas/admin-dist/assets/constants-DaNPMP00.js                                   0.20 kB │ gzip:     0.17 kB
../../../saas/admin-dist/assets/constants--g-zvmhg.js                                   0.21 kB │ gzip:     0.14 kB
../../../saas/admin-dist/assets/use-date-table-filters-CF4GMhX6.js                      0.23 kB │ gzip:     0.18 kB
../../../saas/admin-dist/assets/index-DzY9uhyR.js                                       0.23 kB │ gzip:     0.17 kB
../../../saas/admin-dist/assets/product-variants-Cle23G63.js                            0.23 kB │ gzip:     0.19 kB
../../../saas/admin-dist/assets/index-DnQrcTO8.js                                       0.24 kB │ gzip:     0.20 kB
../../../saas/admin-dist/assets/constants-BXu6M9C7.js                                   0.25 kB │ gzip:     0.19 kB
../../../saas/admin-dist/assets/plugins-zcf1ow1F.js                                     0.29 kB │ gzip:     0.24 kB
../../../saas/admin-dist/assets/orders-Bde_YXVi.js                                      0.29 kB │ gzip:     0.21 kB
../../../saas/admin-dist/assets/constants-CgkrO4pw.js                                   0.30 kB │ gzip:     0.24 kB
../../../saas/admin-dist/assets/item-placeholder-LcfEuv4N.js                            0.32 kB │ gzip:     0.25 kB
../../../saas/admin-dist/assets/promotion-list-table-renderers-Cf4r7cUy.js              0.39 kB │ gzip:     0.26 kB
../../../saas/admin-dist/assets/link-button-BjEGRKbd.js                                 0.39 kB │ gzip:     0.27 kB
../../../saas/admin-dist/assets/detail-page-defaults-D8jz3zjs.js                        0.40 kB │ gzip:     0.25 kB
../../../saas/admin-dist/assets/keybound-form-BkhsC0Gn.js                               0.41 kB │ gzip:     0.30 kB
../../../saas/admin-dist/assets/description-cell-BDzAwYFe.js                            0.41 kB │ gzip:     0.24 kB
../../../saas/admin-dist/assets/handle-input-zKANr0Dc.js                                0.43 kB │ gzip:     0.31 kB
../../../saas/admin-dist/assets/prism-json-xwnKirkR.js                                  0.45 kB │ gzip:     0.28 kB
../../../saas/admin-dist/assets/form-helpers-C2rf7EQ5.js                                0.47 kB │ gzip:     0.26 kB
../../../saas/admin-dist/assets/country-select-CErZFGv1.js                              0.52 kB │ gzip:     0.37 kB
../../../saas/admin-dist/assets/use-delete-product-category-action-Ba1WRsg1.js          0.52 kB │ gzip:     0.33 kB
../../../saas/admin-dist/assets/use-delete-price-list-action-CzKlms9c.js                0.53 kB │ gzip:     0.33 kB
../../../saas/admin-dist/assets/use-delete-product-type-action-B8jyYX6M.js              0.54 kB │ gzip:     0.35 kB
../../../saas/admin-dist/assets/use-delete-product-tag-action-D-wQRyR-.js               0.55 kB │ gzip:     0.35 kB
../../../saas/admin-dist/assets/utils-BmHdQtUM.js                                       0.56 kB │ gzip:     0.32 kB
../../../saas/admin-dist/assets/section-row-9t3ggVbK.js                                 0.56 kB │ gzip:     0.37 kB
../../../saas/admin-dist/assets/use-delete-shipping-option-type-action-uB9QuR6i.js      0.58 kB │ gzip:     0.36 kB
../../../saas/admin-dist/assets/icon-avatar-BsKVfo1S.js                                 0.66 kB │ gzip:     0.34 kB
../../../saas/admin-dist/assets/switch-box-BeMBQOXZ.js                                  0.66 kB │ gzip:     0.42 kB
../../../saas/admin-dist/assets/index-1FcfXvRc.js                                       0.67 kB │ gzip:     0.41 kB
../../../saas/admin-dist/assets/list-summary-ITzwy7E7.js                                0.67 kB │ gzip:     0.41 kB
../../../saas/admin-dist/assets/index-BzU1jORe.js                                       0.68 kB │ gzip:     0.41 kB
../../../saas/admin-dist/assets/index-DcbWkihr.js                                       0.68 kB │ gzip:     0.42 kB
../../../saas/admin-dist/assets/index-B_c1Ba2j.js                                       0.68 kB │ gzip:     0.42 kB
../../../saas/admin-dist/assets/status-cell-EpD8t2lu.js                                 0.68 kB │ gzip:     0.38 kB
../../../saas/admin-dist/assets/inline-tip-jRpeJv9_.js                                  0.69 kB │ gzip:     0.40 kB
../../../saas/admin-dist/assets/shipping-options-DbXuoyCH.js                            0.69 kB │ gzip:     0.31 kB
../../../saas/admin-dist/assets/index-HKapSufs.js                                       0.69 kB │ gzip:     0.42 kB
../../../saas/admin-dist/assets/index-j-LCDqU7.js                                       0.69 kB │ gzip:     0.42 kB
../../../saas/admin-dist/assets/index-1P5ZQ5A-.js                                       0.69 kB │ gzip:     0.42 kB
../../../saas/admin-dist/assets/index-CY2kinZ7.js                                       0.69 kB │ gzip:     0.42 kB
../../../saas/admin-dist/assets/index-OO9k7B7T.js                                       0.70 kB │ gzip:     0.42 kB
../../../saas/admin-dist/assets/index-BEkEVT02.js                                       0.70 kB │ gzip:     0.42 kB
../../../saas/admin-dist/assets/index-zDQ8PD9h.js                                       0.70 kB │ gzip:     0.42 kB
../../../saas/admin-dist/assets/index-BWRJoZPF.js                                       0.70 kB │ gzip:     0.42 kB
../../../saas/admin-dist/assets/index-DOYpOdsP.js                                       0.71 kB │ gzip:     0.43 kB
../../../saas/admin-dist/assets/index-CqKl4Ou8.js                                       0.71 kB │ gzip:     0.43 kB
../../../saas/admin-dist/assets/index-CSzfe-Kz.js                                       0.72 kB │ gzip:     0.44 kB
../../../saas/admin-dist/assets/index-C_TXHup-.js                                       0.73 kB │ gzip:     0.44 kB
../../../saas/admin-dist/assets/index-CIbB1gql.js                                       0.73 kB │ gzip:     0.44 kB
../../../saas/admin-dist/assets/index-zJ1ELgiG.js                                       0.74 kB │ gzip:     0.44 kB
../../../saas/admin-dist/assets/index-BOp4wa5x.js                                       0.74 kB │ gzip:     0.43 kB
../../../saas/admin-dist/assets/promotions-JvpYmbbd.js                                  0.74 kB │ gzip:     0.41 kB
../../../saas/admin-dist/assets/index-Bvh7V_bv.js                                       0.75 kB │ gzip:     0.46 kB
../../../saas/admin-dist/assets/text-cell-MQS3VmD7.js                                   0.79 kB │ gzip:     0.35 kB
../../../saas/admin-dist/assets/use-locales-table-query-DAfD0n83.js                     0.81 kB │ gzip:     0.46 kB
../../../saas/admin-dist/assets/addresses-Db56tQX4.js                                   0.81 kB │ gzip:     0.43 kB
../../../saas/admin-dist/assets/use-currencies-table-query-kplWiWro.js                  0.83 kB │ gzip:     0.48 kB
../../../saas/admin-dist/assets/use-data-table-date-columns-DEPd-LrU.js                 0.83 kB │ gzip:     0.37 kB
../../../saas/admin-dist/assets/index-QwQDEzBC.js                                       0.85 kB │ gzip:     0.42 kB
../../../saas/admin-dist/assets/validation-BGqmrqa1.js                                  0.85 kB │ gzip:     0.46 kB
../../../saas/admin-dist/assets/product-types-DOcb36Sq.js                               0.86 kB │ gzip:     0.36 kB
../../../saas/admin-dist/assets/invites-Bi-oZp2v.js                                     0.87 kB │ gzip:     0.37 kB
../../../saas/admin-dist/assets/alert-CtW-USBI.js                                       0.87 kB │ gzip:     0.51 kB
../../../saas/admin-dist/assets/status-badge-Bm2VRtyG.js                                0.88 kB │ gzip:     0.48 kB
../../../saas/admin-dist/assets/index-BfRjWEC8.js                                       0.89 kB │ gzip:     0.47 kB
../../../saas/admin-dist/assets/refund-reasons-DIF7jTSR.js                              0.90 kB │ gzip:     0.36 kB
../../../saas/admin-dist/assets/tax-regions-BKKVbYDC.js                                 0.90 kB │ gzip:     0.38 kB
../../../saas/admin-dist/assets/shipping-option-types-D4CmB-zf.js                       0.90 kB │ gzip:     0.36 kB
../../../saas/admin-dist/assets/tags-DF9qTg9E.js                                        0.90 kB │ gzip:     0.38 kB
../../../saas/admin-dist/assets/plus-Be1VnLYJ.js                                        0.90 kB │ gzip:     0.54 kB
../../../saas/admin-dist/assets/plus-mini-Mr9ocFDM.js                                   0.91 kB │ gzip:     0.54 kB
../../../saas/admin-dist/assets/shipping-profiles-BM6tzsbh.js                           0.93 kB │ gzip:     0.37 kB
../../../saas/admin-dist/assets/use-product-table-query-CGA5Qr3I.js                     0.93 kB │ gzip:     0.46 kB
../../../saas/admin-dist/assets/use-product-type-table-columns-vl33qBKA.js              0.93 kB │ gzip:     0.48 kB
../../../saas/admin-dist/assets/hooks-Dp4-oGZo.js                                       0.94 kB │ gzip:     0.55 kB
../../../saas/admin-dist/assets/arrow-right-C8nAUerz.js                                 0.94 kB │ gzip:     0.56 kB
../../../saas/admin-dist/assets/shipping-options-cZJYEE9G.js                            0.94 kB │ gzip:     0.39 kB
../../../saas/admin-dist/assets/return-reasons-C2tp2LyR.js                              0.95 kB │ gzip:     0.38 kB
../../../saas/admin-dist/assets/inventory-item-general-section-BQHHyvWG.js              0.97 kB │ gzip:     0.53 kB
../../../saas/admin-dist/assets/descending-sorting-DDdfjyBw.js                          1.00 kB │ gzip:     0.59 kB
../../../saas/admin-dist/assets/tax-rates-BsLbnCVN.js                                   1.01 kB │ gzip:     0.39 kB
../../../saas/admin-dist/assets/regions-DvCqWVsa.js                                     1.02 kB │ gzip:     0.38 kB
../../../saas/admin-dist/assets/use-customer-group-table-columns-Ci-WWeHG.js            1.07 kB │ gzip:     0.58 kB
../../../saas/admin-dist/assets/arrow-down-right-mini-BnErR69T.js                       1.09 kB │ gzip:     0.59 kB
../../../saas/admin-dist/assets/trash-3C10yzPl.js                                       1.09 kB │ gzip:     0.64 kB
../../../saas/admin-dist/assets/triangle-left-mini-CCzyQkYJ.js                          1.09 kB │ gzip:     0.64 kB
../../../saas/admin-dist/assets/collections-ClxR4wdC.js                                 1.14 kB │ gzip:     0.37 kB
../../../saas/admin-dist/assets/date-range-display-OHeBymlQ.js                          1.14 kB │ gzip:     0.50 kB
../../../saas/admin-dist/assets/use-data-table-date-filters-CvH_1CvF.js                 1.16 kB │ gzip:     0.50 kB
../../../saas/admin-dist/assets/x-circle-qAbDfsy9.js                                    1.16 kB │ gzip:     0.65 kB
../../../saas/admin-dist/assets/fulfillment-sets-CvjJgw2D.js                            1.16 kB │ gzip:     0.37 kB
../../../saas/admin-dist/assets/categories-Ckoqc963.js                                  1.17 kB │ gzip:     0.40 kB
../../../saas/admin-dist/assets/use-country-table-query-BCl7BVwa.js                     1.17 kB │ gzip:     0.65 kB
../../../saas/admin-dist/assets/useInfiniteQuery-D_ihw5wb.js                            1.17 kB │ gzip:     0.51 kB
../../../saas/admin-dist/assets/index-Czj8MR7n.js                                       1.17 kB │ gzip:     0.62 kB
../../../saas/admin-dist/assets/index.modern-Bzj09G5p.js                                1.18 kB │ gzip:     0.64 kB
../../../saas/admin-dist/assets/use-data-table-CuqiSFAN.js                              1.20 kB │ gzip:     0.64 kB
../../../saas/admin-dist/assets/pencil-square-EwfwrE8R.js                               1.21 kB │ gzip:     0.69 kB
../../../saas/admin-dist/assets/component-BlMxwD9I.js                                   1.22 kB │ gzip:     0.66 kB
../../../saas/admin-dist/assets/information-circle-BrpiCuYs.js                          1.22 kB │ gzip:     0.69 kB
../../../saas/admin-dist/assets/index-DtntscQe.js                                       1.23 kB │ gzip:     0.64 kB
../../../saas/admin-dist/assets/index-DWt-x-sU.js                                       1.23 kB │ gzip:     0.64 kB
../../../saas/admin-dist/assets/action-menu-D5VsqTe9.js                                 1.23 kB │ gzip:     0.56 kB
../../../saas/admin-dist/assets/constants-CmNptDhH.js                                   1.24 kB │ gzip:     0.44 kB
../../../saas/admin-dist/assets/arrow-path-C0Sme0XS.js                                  1.26 kB │ gzip:     0.69 kB
../../../saas/admin-dist/assets/key-BAkXcJY2.js                                         1.28 kB │ gzip:     0.73 kB
../../../saas/admin-dist/assets/use-combobox-data-BF3u26uF.js                           1.31 kB │ gzip:     0.69 kB
../../../saas/admin-dist/assets/use-order-table-filters-DH-RdwNg.js                     1.32 kB │ gzip:     0.62 kB
../../../saas/admin-dist/assets/triangles-mini-BQAw20c-.js                              1.37 kB │ gzip:     0.74 kB
../../../saas/admin-dist/assets/channels-CWUMd7Pg.js                                    1.37 kB │ gzip:     0.70 kB
../../../saas/admin-dist/assets/translations-B4rHXqYg.js                                1.39 kB │ gzip:     0.63 kB
../../../saas/admin-dist/assets/rma-BSz5cF1r.js                                         1.40 kB │ gzip:     0.77 kB
../../../saas/admin-dist/assets/data-table-order-by-BbABUOzJ.js                         1.43 kB │ gzip:     0.69 kB
../../../saas/admin-dist/assets/index-C3EzSMcz.js                                       1.45 kB │ gzip:     0.82 kB
../../../saas/admin-dist/assets/popover-2ik85Hkn.js                                     1.47 kB │ gzip:     0.64 kB
../../../saas/admin-dist/assets/utils-DYMSA_WN.js                                       1.48 kB │ gzip:     0.57 kB
../../../saas/admin-dist/assets/chip-group-C_-jxKhS.js                                  1.48 kB │ gzip:     0.70 kB
../../../saas/admin-dist/assets/use-product-table-filters-DRGaT-GM.js                   1.50 kB │ gzip:     0.58 kB
../../../saas/admin-dist/assets/api-keys-DjF9gcRN.js                                    1.51 kB │ gzip:     0.44 kB
../../../saas/admin-dist/assets/empty-table-content-Bg71975G.js                         1.53 kB │ gzip:     0.59 kB
../../../saas/admin-dist/assets/price-lists-BgbSeOpL.js                                 1.57 kB │ gzip:     0.49 kB
../../../saas/admin-dist/assets/use-product-table-columns-BJG1sEOI.js                   1.61 kB │ gzip:     0.67 kB
../../../saas/admin-dist/assets/form-extension-zone-D7FJygcS.js                         1.62 kB │ gzip:     0.77 kB
../../../saas/admin-dist/assets/globe-europe-rjJze9PZ.js                                1.63 kB │ gzip:     0.91 kB
../../../saas/admin-dist/assets/create-data-grid-price-columns-BMclGvAb.js              1.64 kB │ gzip:     0.65 kB
../../../saas/admin-dist/assets/index-B_VYhl_n.js                                       1.64 kB │ gzip:     0.85 kB
../../../saas/admin-dist/assets/use-promotion-table-query-Qd9i7vk5.js                   1.65 kB │ gzip:     0.76 kB
../../../saas/admin-dist/assets/use-inventory-table-query-DP7cijfo.js                   1.67 kB │ gzip:     0.69 kB
../../../saas/admin-dist/assets/sales-channels-BX3BFWNb.js                              1.73 kB │ gzip:     0.46 kB
../../../saas/admin-dist/assets/index-Cn69YC1L.js                                       1.75 kB │ gzip:     0.89 kB
../../../saas/admin-dist/assets/index-pSNoOLES.js                                       1.76 kB │ gzip:     0.89 kB
../../../saas/admin-dist/assets/index-edenpJhG.js                                       1.78 kB │ gzip:     0.88 kB
../../../saas/admin-dist/assets/arrow-up-mini-hc3UALQP.js                               1.83 kB │ gzip:     0.68 kB
../../../saas/admin-dist/assets/utils-DUHq8GzO.js                                       1.83 kB │ gzip:     0.74 kB
../../../saas/admin-dist/assets/index-DdXkZnTG.js                                       1.85 kB │ gzip:     0.99 kB
../../../saas/admin-dist/assets/index-BFZ5aXRz.js                                       1.85 kB │ gzip:     0.84 kB
../../../saas/admin-dist/assets/index-BHTrCUVi.js                                       1.86 kB │ gzip:     0.84 kB
../../../saas/admin-dist/assets/index-CivMHXNu.js                                       1.87 kB │ gzip:     0.85 kB
../../../saas/admin-dist/assets/stock-locations-D1UqCMIs.js                             1.87 kB │ gzip:     0.52 kB
../../../saas/admin-dist/assets/index-77_woHPT.js                                       1.88 kB │ gzip:     0.92 kB
../../../saas/admin-dist/assets/percentage-input-DCTg_WPC.js                            1.89 kB │ gzip:     0.85 kB
../../../saas/admin-dist/assets/index-Dfu8FWdM.js                                       1.90 kB │ gzip:     0.91 kB
../../../saas/admin-dist/assets/index-C-r_tJVG.js                                       1.90 kB │ gzip:     0.91 kB
../../../saas/admin-dist/assets/currency-input-COAnaZoT.js                              1.91 kB │ gzip:     0.87 kB
../../../saas/admin-dist/assets/index-gI_Y3puz.js                                       1.92 kB │ gzip:     0.90 kB
../../../saas/admin-dist/assets/index-Ay8e8h1Y.js                                       1.93 kB │ gzip:     0.93 kB
../../../saas/admin-dist/assets/thumbnail-badge-BOIZOYTu.js                             1.96 kB │ gzip:     0.97 kB
../../../saas/admin-dist/assets/index-DawmSt81.js                                       2.00 kB │ gzip:     0.94 kB
../../../saas/admin-dist/assets/index-OkkjsU9Q.js                                       2.00 kB │ gzip:     0.89 kB
../../../saas/admin-dist/assets/index-DRvoc3Pz.js                                       2.08 kB │ gzip:     0.95 kB
../../../saas/admin-dist/assets/sidebar-link-CbGq17Ga.js                                2.11 kB │ gzip:     1.02 kB
../../../saas/admin-dist/assets/index-Bv5P8Vdk.js                                       2.16 kB │ gzip:     0.95 kB
../../../saas/admin-dist/assets/index-CYfY8lsC.js                                       2.17 kB │ gzip:     0.96 kB
../../../saas/admin-dist/assets/index-CvMO4XX1.js                                       2.17 kB │ gzip:     1.10 kB
../../../saas/admin-dist/assets/data-grid-toggleable-number-cell-D_1LTeEq.js            2.21 kB │ gzip:     1.11 kB
../../../saas/admin-dist/assets/index-CfODO8G9.js                                       2.22 kB │ gzip:     1.07 kB
../../../saas/admin-dist/assets/use-sales-channel-table-query-BTiXl2ry.js               2.26 kB │ gzip:     0.85 kB
../../../saas/admin-dist/assets/index-DdslyKcJ.js                                       2.26 kB │ gzip:     1.04 kB
../../../saas/admin-dist/assets/create-campaign-form-pz1wNccQ.js                        2.27 kB │ gzip:     1.01 kB
../../../saas/admin-dist/assets/price-list-customer-group-rule-form-e7IS0nsH.js         2.31 kB │ gzip:     1.19 kB
../../../saas/admin-dist/assets/focus-modal-CkPe_-mw.js                                 2.32 kB │ gzip:     0.82 kB
../../../saas/admin-dist/assets/index-DVgRx4WU.js                                       2.33 kB │ gzip:     0.99 kB
../../../saas/admin-dist/assets/index-B62TGDlI.js                                       2.37 kB │ gzip:     1.14 kB
../../../saas/admin-dist/assets/index-CMBzwLw-.js                                       2.38 kB │ gzip:     1.21 kB
../../../saas/admin-dist/assets/index-C6dADzA6.js                                       2.42 kB │ gzip:     1.14 kB
../../../saas/admin-dist/assets/index-CGzTCXt2.js                                       2.49 kB │ gzip:     1.17 kB
../../../saas/admin-dist/assets/index-ZeR3_uiu.js                                       2.50 kB │ gzip:     1.06 kB
../../../saas/admin-dist/assets/index-feoYcxUu.js                                       2.56 kB │ gzip:     1.03 kB
../../../saas/admin-dist/assets/radio-group-BfKRaQeK.js                                 2.64 kB │ gzip:     0.84 kB
../../../saas/admin-dist/assets/placeholders-nU-kGrUU.js                                2.65 kB │ gzip:     1.11 kB
../../../saas/admin-dist/assets/index-CvS-LD0J.js                                       2.66 kB │ gzip:     1.25 kB
../../../saas/admin-dist/assets/index-DMSFEXKB.js                                       2.67 kB │ gzip:     1.03 kB
../../../saas/admin-dist/assets/index-C7Hn2M0C.js                                       2.68 kB │ gzip:     1.13 kB
../../../saas/admin-dist/assets/file-upload-BboPAvm3.js                                 2.72 kB │ gzip:     1.43 kB
../../../saas/admin-dist/assets/index-C7veCKF4.js                                       2.72 kB │ gzip:     1.05 kB
../../../saas/admin-dist/assets/stacked-focus-modal-CgYBQ1Gc.js                         2.75 kB │ gzip:     1.10 kB
../../../saas/admin-dist/assets/avatar-box-D_IB-067.js                                  2.77 kB │ gzip:     1.24 kB
../../../saas/admin-dist/assets/use-tax-region-table-B8jgyYWt.js                        2.78 kB │ gzip:     1.30 kB
../../../saas/admin-dist/assets/index-QGU45NEl.js                                       2.80 kB │ gzip:     1.04 kB
../../../saas/admin-dist/assets/index-DONtJ4cR.js                                       2.82 kB │ gzip:     1.33 kB
../../../saas/admin-dist/assets/index-BHpaFiln.js                                       2.82 kB │ gzip:     1.15 kB
../../../saas/admin-dist/assets/command-bar-CPh_ssO7.js                                 2.86 kB │ gzip:     1.16 kB
../../../saas/admin-dist/assets/index-0drhUiEq.js                                       2.88 kB │ gzip:     1.13 kB
../../../saas/admin-dist/assets/switch-C3MErYOQ.js                                      2.91 kB │ gzip:     1.37 kB
../../../saas/admin-dist/assets/index-962Uj-BF.js                                       2.95 kB │ gzip:     1.24 kB
../../../saas/admin-dist/assets/index-DPWipRzC.js                                       2.97 kB │ gzip:     1.50 kB
../../../saas/admin-dist/assets/use-customer-table-columns-BKCVvASV.js                  3.00 kB │ gzip:     1.10 kB
../../../saas/admin-dist/assets/index-COqgpzqM.js                                       3.01 kB │ gzip:     1.15 kB
../../../saas/admin-dist/assets/add-locales-form-Cxe3mNvw.js                            3.02 kB │ gzip:     1.51 kB
../../../saas/admin-dist/assets/customer-groups-_ZBnu3sy.js                             3.05 kB │ gzip:     0.62 kB
../../../saas/admin-dist/assets/index-D6mDcx9v.js                                       3.05 kB │ gzip:     1.25 kB
../../../saas/admin-dist/assets/index-BT8hboYw.js                                       3.08 kB │ gzip:     1.06 kB
../../../saas/admin-dist/assets/route-focus-modal-BnWhfYnj.js                           3.09 kB │ gzip:     1.44 kB
../../../saas/admin-dist/assets/index-BzGwJ4Tp.js                                       3.19 kB │ gzip:     1.05 kB
../../../saas/admin-dist/assets/exchanges-DA7_Ndr_.js                                   3.19 kB │ gzip:     0.62 kB
../../../saas/admin-dist/assets/checkbox-B_1CrguX.js                                    3.20 kB │ gzip:     1.50 kB
../../../saas/admin-dist/assets/index-R4ihMQhx.js                                       3.22 kB │ gzip:     1.55 kB
../../../saas/admin-dist/assets/index-CArGZnM7.js                                       3.24 kB │ gzip:     1.32 kB
../../../saas/admin-dist/assets/index-DB5bjPK2.js                                       3.25 kB │ gzip:     1.51 kB
../../../saas/admin-dist/assets/index-BiQvoAee.js                                       3.26 kB │ gzip:     1.44 kB
../../../saas/admin-dist/assets/table-5r_PBPQn.js                                       3.32 kB │ gzip:     1.28 kB
../../../saas/admin-dist/assets/index-CjSUZC-R.js                                       3.36 kB │ gzip:     1.37 kB
../../../saas/admin-dist/assets/index-BVPoeypB.js                                       3.42 kB │ gzip:     1.37 kB
../../../saas/admin-dist/assets/copy-Cczwko0J.js                                        3.42 kB │ gzip:     1.38 kB
../../../saas/admin-dist/assets/index-kpvTMt1w.js                                       3.43 kB │ gzip:     1.58 kB
../../../saas/admin-dist/assets/zod-Bs2BJExa.js                                         3.43 kB │ gzip:     1.36 kB
../../../saas/admin-dist/assets/index-BIDCbs2g.js                                       3.43 kB │ gzip:     1.18 kB
../../../saas/admin-dist/assets/use-order-table-columns-Cz3QQ7mH.js                     3.45 kB │ gzip:     1.12 kB
../../../saas/admin-dist/assets/index-XjoSSdCV.js                                       3.47 kB │ gzip:     1.72 kB
../../../saas/admin-dist/assets/index-cNmT7_rK.js                                       3.48 kB │ gzip:     1.60 kB
../../../saas/admin-dist/assets/mfa-CrwR5XRS.js                                         3.50 kB │ gzip:     1.65 kB
../../../saas/admin-dist/assets/index-CHepcT9Z.js                                       3.57 kB │ gzip:     1.63 kB
../../../saas/admin-dist/assets/claims-Be2ymDvg.js                                      3.58 kB │ gzip:     0.61 kB
../../../saas/admin-dist/assets/index-BgquNFsE.js                                       3.59 kB │ gzip:     1.58 kB
../../../saas/admin-dist/assets/index-jFcf1dHe.js                                       3.59 kB │ gzip:     1.72 kB
../../../saas/admin-dist/assets/tax-badge-D_JN30UW.js                                   3.61 kB │ gzip:     1.24 kB
../../../saas/admin-dist/assets/index-CdL0AjuL.js                                       3.64 kB │ gzip:     1.55 kB
../../../saas/admin-dist/assets/index-Be8NH1fG.js                                       3.64 kB │ gzip:     1.34 kB
../../../saas/admin-dist/assets/folder-illustration-Cmnmr6uN.js                         3.69 kB │ gzip:     1.24 kB
../../../saas/admin-dist/assets/index-BDfuWRIY.js                                       3.77 kB │ gzip:     1.70 kB
../../../saas/admin-dist/assets/index-CxYbROPM.js                                       3.78 kB │ gzip:     1.79 kB
../../../saas/admin-dist/assets/index-kLKAyvpD.js                                       3.87 kB │ gzip:     1.79 kB
../../../saas/admin-dist/assets/index-DhQXLB00.js                                       3.87 kB │ gzip:     1.56 kB
../../../saas/admin-dist/assets/index-XSD1U0hd.js                                       3.89 kB │ gzip:     1.80 kB
../../../saas/admin-dist/assets/index-ovuqLZQr.js                                       3.89 kB │ gzip:     1.62 kB
../../../saas/admin-dist/assets/index-DYuiA1TY.js                                       3.92 kB │ gzip:     1.83 kB
../../../saas/admin-dist/assets/index-CKgYEcco.js                                       3.99 kB │ gzip:     1.90 kB
../../../saas/admin-dist/assets/index-BAWQX4x6.js                                       4.01 kB │ gzip:     1.34 kB
../../../saas/admin-dist/assets/index-DxWkzcLH.js                                       4.05 kB │ gzip:     1.93 kB
../../../saas/admin-dist/assets/index-CGAXm-7n.js                                       4.05 kB │ gzip:     1.93 kB
../../../saas/admin-dist/assets/index-Xw3xCB_4.js                                       4.07 kB │ gzip:     1.91 kB
../../../saas/admin-dist/assets/index-YoTpz5Qx.js                                       4.07 kB │ gzip:     1.84 kB
../../../saas/admin-dist/assets/index-CMZpCl5y.js                                       4.08 kB │ gzip:     1.67 kB
../../../saas/admin-dist/assets/index-EQZFQ4_G.js                                       4.11 kB │ gzip:     1.67 kB
../../../saas/admin-dist/assets/index-amMzRIox.js                                       4.19 kB │ gzip:     1.98 kB
../../../saas/admin-dist/assets/geo-zone-form-SH2ltUmV.js                               4.19 kB │ gzip:     1.88 kB
../../../saas/admin-dist/assets/index-DrkJQvfB.js                                       4.21 kB │ gzip:     1.86 kB
../../../saas/admin-dist/assets/index-DY2g5m8t.js                                       4.22 kB │ gzip:     1.97 kB
../../../saas/admin-dist/assets/chip-input-B1HpHV0h.js                                  4.28 kB │ gzip:     2.01 kB
../../../saas/admin-dist/assets/index-Bc2zI5nQ.js                                       4.31 kB │ gzip:     1.77 kB
../../../saas/admin-dist/assets/index-BgcRyV6f.js                                       4.37 kB │ gzip:     1.94 kB
../../../saas/admin-dist/assets/index-DZNEO2tM.js                                       4.39 kB │ gzip:     1.26 kB
../../../saas/admin-dist/assets/index-Aoh6Z8Ux.js                                       4.46 kB │ gzip:     1.23 kB
../../../saas/admin-dist/assets/index-CJ7nZzZC.js                                       4.47 kB │ gzip:     2.03 kB
../../../saas/admin-dist/assets/index-C1CiGJT0.js                                       4.49 kB │ gzip:     2.01 kB
../../../saas/admin-dist/assets/index-DPaOPojr.js                                       4.51 kB │ gzip:     1.95 kB
../../../saas/admin-dist/assets/index-BpMPX3f_.js                                       4.54 kB │ gzip:     2.04 kB
../../../saas/admin-dist/assets/index-DeKxABeP.js                                       4.55 kB │ gzip:     1.66 kB
../../../saas/admin-dist/assets/index-DM7f33uA.js                                       4.55 kB │ gzip:     1.64 kB
../../../saas/admin-dist/assets/returns-Dhg85tbb.js                                     4.56 kB │ gzip:     0.67 kB
../../../saas/admin-dist/assets/index-Hd9JoBIg.js                                       4.59 kB │ gzip:     1.44 kB
../../../saas/admin-dist/assets/index-DhzQ8Ezc.js                                       4.62 kB │ gzip:     2.06 kB
../../../saas/admin-dist/assets/index-urU2wdfZ.js                                       4.63 kB │ gzip:     1.31 kB
../../../saas/admin-dist/assets/index-rkG1FU1z.js                                       4.64 kB │ gzip:     1.68 kB
../../../saas/admin-dist/assets/index-CA19n6gJ.js                                       4.69 kB │ gzip:     1.60 kB
../../../saas/admin-dist/assets/index-CiRFi7W_.js                                       4.71 kB │ gzip:     1.65 kB
../../../saas/admin-dist/assets/index-B248CkmF.js                                       4.73 kB │ gzip:     2.11 kB
../../../saas/admin-dist/assets/index-BVdhfp0d.js                                       4.76 kB │ gzip:     2.17 kB
../../../saas/admin-dist/assets/index-0fQcRlGT.js                                       4.83 kB │ gzip:     1.30 kB
../../../saas/admin-dist/assets/index-DC5Beq5T.js                                       4.83 kB │ gzip:     2.16 kB
../../../saas/admin-dist/assets/index-sz-AOpKF.js                                       4.89 kB │ gzip:     1.96 kB
../../../saas/admin-dist/assets/index-sXkODODU.js                                       4.89 kB │ gzip:     2.15 kB
../../../saas/admin-dist/assets/index-nKEIgOA8.js                                       4.92 kB │ gzip:     1.35 kB
../../../saas/admin-dist/assets/index-Cah-xaVe.js                                       4.95 kB │ gzip:     1.80 kB
../../../saas/admin-dist/assets/index-ChqGFb7x.js                                       4.97 kB │ gzip:     1.99 kB
../../../saas/admin-dist/assets/index-38oBVlzn.js                                       4.99 kB │ gzip:     1.37 kB
../../../saas/admin-dist/assets/progress-tabs-XV4vRfWj.js                               5.00 kB │ gzip:     2.22 kB
../../../saas/admin-dist/assets/index-BSpfyjIL.js                                       5.03 kB │ gzip:     2.10 kB
../../../saas/admin-dist/assets/index-wghrVCs9.js                                       5.04 kB │ gzip:     1.78 kB
../../../saas/admin-dist/assets/index-Olm6z9_F.js                                       5.11 kB │ gzip:     2.26 kB
../../../saas/admin-dist/assets/utils-DKB7JFzz.js                                       5.12 kB │ gzip:     1.78 kB
../../../saas/admin-dist/assets/index-DXGAwr4e.js                                       5.13 kB │ gzip:     2.16 kB
../../../saas/admin-dist/assets/index-DBfz6VuV.js                                       5.14 kB │ gzip:     2.09 kB
../../../saas/admin-dist/assets/index-DRBogdic.js                                       5.16 kB │ gzip:     2.29 kB
../../../saas/admin-dist/assets/tax-region-card-D-YImT0P.js                             5.16 kB │ gzip:     2.18 kB
../../../saas/admin-dist/assets/index-Du0MIi6_.js                                       5.17 kB │ gzip:     2.17 kB
../../../saas/admin-dist/assets/index-Be9wtVcJ.js                                       5.19 kB │ gzip:     2.00 kB
../../../saas/admin-dist/assets/index-x9y1RLVl.js                                       5.23 kB │ gzip:     2.33 kB
../../../saas/admin-dist/assets/index-BZctcYMN.js                                       5.23 kB │ gzip:     1.85 kB
../../../saas/admin-dist/assets/index-y-NRa2PH.js                                       5.26 kB │ gzip:     2.36 kB
../../../saas/admin-dist/assets/index-CPJnHqgg.js                                       5.35 kB │ gzip:     2.26 kB
../../../saas/admin-dist/assets/index-yfirJKN7.js                                       5.37 kB │ gzip:     2.05 kB
../../../saas/admin-dist/assets/create-campaign-form-fields-B6HKi_qn.js                 5.47 kB │ gzip:     1.54 kB
../../../saas/admin-dist/assets/index-il44HX-p.js                                       5.50 kB │ gzip:     2.32 kB
../../../saas/admin-dist/assets/index-B4aOM3WN.js                                       5.51 kB │ gzip:     2.17 kB
../../../saas/admin-dist/assets/index-Bo4c0UAV.js                                       5.58 kB │ gzip:     2.01 kB
../../../saas/admin-dist/assets/index-qh5kqI_f.js                                       5.65 kB │ gzip:     2.29 kB
../../../saas/admin-dist/assets/index-C1jCIKhJ.js                                       5.68 kB │ gzip:     2.40 kB
../../../saas/admin-dist/assets/index-CmB6VYmL.js                                       5.88 kB │ gzip:     2.35 kB
../../../saas/admin-dist/assets/index-DnceX2YA.js                                       5.92 kB │ gzip:     2.22 kB
../../../saas/admin-dist/assets/index-D_om46Wt.js                                       6.10 kB │ gzip:     2.50 kB
../../../saas/admin-dist/assets/index-BzKNOt2U.js                                       6.11 kB │ gzip:     2.38 kB
../../../saas/admin-dist/assets/index-CRWCQtrG.js                                       6.12 kB │ gzip:     2.08 kB
../../../saas/admin-dist/assets/upload-media-form-item-CDgNgonB.js                      6.16 kB │ gzip:     2.44 kB
../../../saas/admin-dist/assets/index-B6hVxmgX.js                                       6.17 kB │ gzip:     2.33 kB
../../../saas/admin-dist/assets/data-table-CdTBd8CG.js                                  6.27 kB │ gzip:     2.57 kB
../../../saas/admin-dist/assets/index-BL2kVe_M.js                                       6.68 kB │ gzip:     2.60 kB
../../../saas/admin-dist/assets/metadata-form-D7rpb-Df.js                               6.69 kB │ gzip:     2.71 kB
../../../saas/admin-dist/assets/index-jSFJ0cVI.js                                       6.71 kB │ gzip:     2.16 kB
../../../saas/admin-dist/assets/index-dHlAv_oS.js                                       6.79 kB │ gzip:     2.72 kB
../../../saas/admin-dist/assets/index-QSxsSpy1.js                                       6.84 kB │ gzip:     2.36 kB
../../../saas/admin-dist/assets/index-UfuvK9Vc.js                                       6.85 kB │ gzip:     2.69 kB
../../../saas/admin-dist/assets/category-combobox-CUNfgy3y.js                           7.10 kB │ gzip:     2.71 kB
../../../saas/admin-dist/assets/add-campaign-promotion-form-D3ggooZt.js                 7.14 kB │ gzip:     1.97 kB
../../../saas/admin-dist/assets/index-DARSlJeA.js                                       7.24 kB │ gzip:     2.92 kB
../../../saas/admin-dist/assets/index-CrXOYAET.js                                       7.26 kB │ gzip:     2.45 kB
../../../saas/admin-dist/assets/index-BGKh73Vl.js                                       7.30 kB │ gzip:     2.49 kB
../../../saas/admin-dist/assets/index-BGdfNxrJ.js                                       7.50 kB │ gzip:     2.85 kB
../../../saas/admin-dist/assets/index-B8LnclhY.js                                       7.57 kB │ gzip:     2.87 kB
../../../saas/admin-dist/assets/index-tZiMG1Kg.js                                       7.66 kB │ gzip:     2.77 kB
../../../saas/admin-dist/assets/index-CVeFwUEX.js                                       7.76 kB │ gzip:     2.43 kB
../../../saas/admin-dist/assets/index-xCIWQcgd.js                                       7.79 kB │ gzip:     2.21 kB
../../../saas/admin-dist/assets/index-CwzL0NAn.js                                       7.94 kB │ gzip:     2.80 kB
../../../saas/admin-dist/assets/index-D5IEq4Xo.js                                       8.03 kB │ gzip:     3.15 kB
../../../saas/admin-dist/assets/index-_iN26991.js                                       8.14 kB │ gzip:     3.11 kB
../../../saas/admin-dist/assets/index-Fl0Xg7S7.js                                       8.19 kB │ gzip:     3.42 kB
../../../saas/admin-dist/assets/rules-form-field-DJH3q7wr.js                            8.22 kB │ gzip:     2.87 kB
../../../saas/admin-dist/assets/index-D09ZLDDE.js                                       8.38 kB │ gzip:     3.55 kB
../../../saas/admin-dist/assets/index-BS92TLcD.js                                       8.41 kB │ gzip:     2.23 kB
../../../saas/admin-dist/assets/index-uZl_b3pX.js                                       8.48 kB │ gzip:     3.21 kB
../../../saas/admin-dist/assets/index-BUAoGtwR.js                                       8.68 kB │ gzip:     3.30 kB
../../../saas/admin-dist/assets/index-CF5o9eXm.js                                       8.71 kB │ gzip:     2.72 kB
../../../saas/admin-dist/assets/index-DlUy6vWl.js                                       8.71 kB │ gzip:     3.66 kB
../../../saas/admin-dist/assets/use-tax-override-table-CPmwaX7f.js                      8.74 kB │ gzip:     2.93 kB
../../../saas/admin-dist/assets/tax-region-tax-override-edit-form-B84ung1E.js           8.76 kB │ gzip:     2.89 kB
../../../saas/admin-dist/assets/utils-CE4ch6zB.js                                       8.82 kB │ gzip:     2.77 kB
../../../saas/admin-dist/assets/index-BNhK0alq.js                                       9.42 kB │ gzip:     2.97 kB
../../../saas/admin-dist/assets/index-5Ggib_is.js                                       9.49 kB │ gzip:     3.18 kB
../../../saas/admin-dist/assets/index-MaeGFDtg.js                                       9.49 kB │ gzip:     3.52 kB
../../../saas/admin-dist/assets/index-CQZfjvoc.js                                       9.49 kB │ gzip:     3.22 kB
../../../saas/admin-dist/assets/index-CBOFThGP.js                                       9.56 kB │ gzip:     2.98 kB
../../../saas/admin-dist/assets/index-C1cH6lYV.js                                       9.82 kB │ gzip:     3.72 kB
../../../saas/admin-dist/assets/index.esm-CKv48R9U.js                                   9.93 kB │ gzip:     3.92 kB
../../../saas/admin-dist/assets/index-CiKvderO.js                                      10.09 kB │ gzip:     3.48 kB
../../../saas/admin-dist/assets/index-DFjKPxE2.js                                      10.21 kB │ gzip:     3.91 kB
../../../saas/admin-dist/assets/index-BL6Qqho7.js                                      10.40 kB │ gzip:     3.50 kB
../../../saas/admin-dist/assets/index-CIA65yyL.js                                      10.43 kB │ gzip:     3.02 kB
../../../saas/admin-dist/assets/index-BFPqiQGP.js                                      11.02 kB │ gzip:     3.60 kB
../../../saas/admin-dist/assets/index-DNlIPkIp.js                                      11.29 kB │ gzip:     3.88 kB
../../../saas/admin-dist/assets/use-shipping-option-price-columns-DFwgmlNY.js          11.32 kB │ gzip:     3.08 kB
../../../saas/admin-dist/assets/index-B7c9UUBn.js                                      11.36 kB │ gzip:     3.83 kB
../../../saas/admin-dist/assets/index-DZN5T8fm.js                                      11.75 kB │ gzip:     4.20 kB
../../../saas/admin-dist/assets/index-fSMDl7gt.js                                      11.78 kB │ gzip:     3.97 kB
../../../saas/admin-dist/assets/index-BXCm4uI6.js                                      11.90 kB │ gzip:     3.59 kB
../../../saas/admin-dist/assets/index-De1tVkYp.js                                      12.35 kB │ gzip:     3.86 kB
../../../saas/admin-dist/assets/index-8KavS0EJ.js                                      12.53 kB │ gzip:     4.20 kB
../../../saas/admin-dist/assets/index-irTi_-z9.js                                      12.68 kB │ gzip:     3.52 kB
../../../saas/admin-dist/assets/schemas-BC4LHqLC.js                                    12.78 kB │ gzip:     4.28 kB
../../../saas/admin-dist/assets/index-DpxcXF5s.js                                      13.16 kB │ gzip:     3.96 kB
../../../saas/admin-dist/assets/tiered-price-form-B-3D_8Cu.js                          13.24 kB │ gzip:     4.91 kB
../../../saas/admin-dist/assets/index-1KGpjitY.js                                      13.36 kB │ gzip:     4.06 kB
../../../saas/admin-dist/assets/index-Djek3VXd.js                                      13.67 kB │ gzip:     4.47 kB
../../../saas/admin-dist/assets/index-kgmjp-7D.js                                      15.06 kB │ gzip:     4.95 kB
../../../saas/admin-dist/assets/index-DiWn2hNM.js                                      16.17 kB │ gzip:     5.37 kB
../../../saas/admin-dist/assets/index-B-_gvHIo.js                                      17.17 kB │ gzip:     4.92 kB
../../../saas/admin-dist/assets/data-table-filter-C-OK8H8i.js                          17.21 kB │ gzip:     5.01 kB
../../../saas/admin-dist/assets/category-tree-DZ_N5RCX.js                              17.73 kB │ gzip:     5.91 kB
../../../saas/admin-dist/assets/index-DKS-h1ZM.js                                      18.59 kB │ gzip:     5.92 kB
../../../saas/admin-dist/assets/index-BjUFbvDm.js                                      19.34 kB │ gzip:     4.81 kB
../../../saas/admin-dist/assets/configurable-data-table-BM8pux7l.js                    19.72 kB │ gzip:     7.14 kB
../../../saas/admin-dist/assets/select-Beh_1T9r.js                                     21.87 kB │ gzip:     7.65 kB
../../../saas/admin-dist/assets/index-DlhSsxls.js                                      22.62 kB │ gzip:     7.31 kB
../../../saas/admin-dist/assets/country-states-DPI7CVnp.js                             22.75 kB │ gzip:     9.80 kB
../../../saas/admin-dist/assets/index-BwxvgYoz.js                                      27.25 kB │ gzip:     6.68 kB
../../../saas/admin-dist/assets/index-jQgwF7Zp.js                                      34.88 kB │ gzip:    10.08 kB
../../../saas/admin-dist/assets/index-Crj_Jx2J.js                                      35.14 kB │ gzip:    13.01 kB
../../../saas/admin-dist/assets/index-BkcxJXe2.js                                      36.39 kB │ gzip:     9.34 kB
../../../saas/admin-dist/assets/index-BYXA2S0t.js                                      36.84 kB │ gzip:     9.51 kB
../../../saas/admin-dist/assets/index-DwXInn8L.js                                      50.86 kB │ gzip:    13.54 kB
../../../saas/admin-dist/assets/data-table-qApHSXiO.js                                 56.96 kB │ gzip:    16.64 kB
../../../saas/admin-dist/assets/create-data-grid-column-helper-DaTI-pHP.js             64.66 kB │ gzip:    20.74 kB
../../../saas/admin-dist/assets/schemas-CyIhfvh1.js                                    66.77 kB │ gzip:    17.97 kB
../../../saas/admin-dist/assets/combobox-Lw_1_UdD.js                                   85.69 kB │ gzip:    28.92 kB
../../../saas/admin-dist/assets/index-C39ITogw.js                                     109.14 kB │ gzip:    33.71 kB
../../../saas/admin-dist/assets/date-picker-CGue8T-v.js                               177.99 kB │ gzip:    58.32 kB
../../../saas/admin-dist/assets/index-CT4e7xCv.js                                   4,376.07 kB │ gzip: 1,261.34 kB

(!) Some chunks are larger than 500 kB after minification. Consider:
- Using dynamic import() to code-split the application
- Use build.rollupOptions.output.manualChunks to improve chunking: https://rollupjs.org/configuration-options/#output-manualchunks
- Adjust chunk size limit for this warning via build.chunkSizeWarningLimit.
✓ built in 14.58s
