➤ YN0000: ┌ Resolution step
➤ YN0002: │ @medusajs/framework@workspace:packages/core/framework doesn't provide zod (p2dbaf), requested by zod-validation-error
➤ YN0002: │ @medusajs/framework@workspace:packages/core/framework [6bbf6] doesn't provide zod (p3e993), requested by zod-validation-error
➤ YN0002: │ @medusajs/framework@workspace:packages/core/framework [70cbb] doesn't provide zod (pfadc2), requested by zod-validation-error
➤ YN0060: │ @medusajs/loyalty-plugin@workspace:packages/plugins/loyalty provides @swc/core (pf4986) with version 1.5.7, which doesn't satisfy what @medusajs/medusa requests
➤ YN0002: │ @medusajs/medusa-oas-cli@workspace:packages/cli/oas/medusa-oas-cli doesn't provide openapi-types (pc5852), requested by @readme/openapi-parser
➤ YN0060: │ @redocly/cli@npm:1.25.3 provides react (pfc391) with version 17.0.2, which doesn't satisfy what redoc and some of its descendants request
➤ YN0060: │ @redocly/cli@npm:1.25.3 provides react-dom (p5e2f7) with version 17.0.2, which doesn't satisfy what redoc and some of its descendants request
➤ YN0002: │ @storybook/addon-docs@npm:8.6.14 [c98d6] doesn't provide @types/react (p7a54b), requested by @mdx-js/react
➤ YN0002: │ @storybook/core@npm:8.6.14 [361b3] doesn't provide storybook (p3fe89), requested by @storybook/theming
➤ YN0002: │ @storybook/manager-api@npm:7.6.20 doesn't provide react (pd4e4a), requested by @storybook/theming
➤ YN0002: │ @storybook/manager-api@npm:7.6.20 doesn't provide react-dom (p7273d), requested by @storybook/theming
➤ YN0002: │ cssstyle@npm:5.3.4 doesn't provide postcss (pff159), requested by @csstools/css-syntax-patches-for-csstree
➤ YN0002: │ eslint-plugin-storybook@npm:10.1.9 [36a01] doesn't provide typescript (p614f1), requested by @typescript-eslint/utils
➤ YN0002: │ redoc@npm:2.1.5 [f3dc2] doesn't provide enzyme (paaa4c), requested by @cfaester/enzyme-adapter-react-18
➤ YN0060: │ root@workspace:. provides @typescript-eslint/eslint-plugin (p71831) with version 6.21.0, which doesn't satisfy what eslint-plugin-unused-imports requests
➤ YN0060: │ root@workspace:. provides rollup (pf5164) with version 4.53.4, which doesn't satisfy what @atomico/rollup-plugin-sizes requests
➤ YN0060: │ root@workspace:. provides rollup (pe4676) with version 4.53.4, which doesn't satisfy what rollup-plugin-esbuild requests
➤ YN0060: │ root@workspace:. provides storybook (p63938) with version 8.6.14, which doesn't satisfy what eslint-plugin-storybook requests
➤ YN0060: │ root@workspace:. provides vitest (p83e70) with version 3.2.4, which doesn't satisfy what @vitest/coverage-v8 requests
➤ YN0000: │ Some peer dependencies are incorrectly met; run yarn explain peer-requirements <hash> for details, where <hash> is the six-letter p-prefixed code
➤ YN0000: └ Completed in 0s 333ms
➤ YN0000: ┌ Fetch step
➤ YN0000: └ Completed in 1s 297ms
➤ YN0000: ┌ Link step
➤ YN0007: │ @medusajs/telemetry@workspace:packages/medusa-telemetry must be built because it never has been before or the last one failed
➤ YN0007: │ esbuild@npm:0.25.12 must be built because it never has been before or the last one failed
➤ YN0007: │ @swc/core@npm:1.15.5 [36a01] must be built because it never has been before or the last one failed
➤ YN0007: │ msw@npm:2.12.4 [36a01] must be built because it never has been before or the last one failed
➤ YN0007: │ @swc/core@npm:1.5.7 [7c97c] must be built because it never has been before or the last one failed
➤ YN0007: │ core-js@npm:3.47.0 must be built because it never has been before or the last one failed
➤ YN0007: │ msgpackr-extract@npm:3.0.3 must be built because it never has been before or the last one failed
➤ YN0007: │ protobufjs@npm:7.6.5 must be built because it never has been before or the last one failed
➤ YN0000: │ @medusajs/telemetry@workspace:packages/medusa-telemetry STDERR node:internal/modules/cjs/loader:1433
➤ YN0000: │ @medusajs/telemetry@workspace:packages/medusa-telemetry STDERR   throw err;
➤ YN0000: │ @medusajs/telemetry@workspace:packages/medusa-telemetry STDERR   ^
➤ YN0000: │ @medusajs/telemetry@workspace:packages/medusa-telemetry STDERR 
➤ YN0000: │ @medusajs/telemetry@workspace:packages/medusa-telemetry STDERR Error: Cannot find module '/workspace/store-saas/packages/medusa-telemetry/dist/postinstall.js'
➤ YN0000: │ @medusajs/telemetry@workspace:packages/medusa-telemetry STDERR     at Function._resolveFilename (node:internal/modules/cjs/loader:1430:15)
➤ YN0000: │ @medusajs/telemetry@workspace:packages/medusa-telemetry STDERR     at defaultResolveImpl (node:internal/modules/cjs/loader:1040:19)
➤ YN0000: │ @medusajs/telemetry@workspace:packages/medusa-telemetry STDERR     at resolveForCJSWithHooks (node:internal/modules/cjs/loader:1045:22)
➤ YN0000: │ @medusajs/telemetry@workspace:packages/medusa-telemetry STDERR     at Function._load (node:internal/modules/cjs/loader:1216:25)
➤ YN0000: │ @medusajs/telemetry@workspace:packages/medusa-telemetry STDERR     at wrapModuleLoad (node:internal/modules/cjs/loader:254:19)
➤ YN0000: │ @medusajs/telemetry@workspace:packages/medusa-telemetry STDERR     at Function.executeUserEntryPoint [as runMain] (node:internal/modules/run_main:171:5)
➤ YN0000: │ @medusajs/telemetry@workspace:packages/medusa-telemetry STDERR     at node:internal/main/run_main_module:36:49 {
➤ YN0000: │ @medusajs/telemetry@workspace:packages/medusa-telemetry STDERR   code: 'MODULE_NOT_FOUND',
➤ YN0000: │ @medusajs/telemetry@workspace:packages/medusa-telemetry STDERR   requireStack: []
➤ YN0000: │ @medusajs/telemetry@workspace:packages/medusa-telemetry STDERR }
➤ YN0000: │ @medusajs/telemetry@workspace:packages/medusa-telemetry STDERR 
➤ YN0000: │ @medusajs/telemetry@workspace:packages/medusa-telemetry STDERR Node.js v22.23.3
➤ YN0000: │ core-js@npm:3.47.0 STDOUT Thank you for using core-js ( https://github.com/zloirock/core-js ) for polyfilling JavaScript standard library!
➤ YN0000: │ core-js@npm:3.47.0 STDOUT 
➤ YN0000: │ core-js@npm:3.47.0 STDOUT The project needs your help! Please consider supporting core-js:
➤ YN0000: │ core-js@npm:3.47.0 STDOUT > https://opencollective.com/core-js 
➤ YN0000: │ core-js@npm:3.47.0 STDOUT > https://patreon.com/zloirock 
➤ YN0000: │ core-js@npm:3.47.0 STDOUT > https://boosty.to/zloirock 
➤ YN0000: │ core-js@npm:3.47.0 STDOUT > bitcoin: bc1qlea7544qtsmj2rayg0lthvza9fau63ux0fstcz 
➤ YN0000: │ core-js@npm:3.47.0 STDOUT 
➤ YN0000: │ core-js@npm:3.47.0 STDOUT I highly recommend reading this: https://github.com/zloirock/core-js/blob/master/docs/2023-02-14-so-whats-next.md 
➤ YN0000: │ core-js@npm:3.47.0 STDOUT 
➤ YN0000: └ Completed in 11s 403ms
➤ YN0000: Done with warnings in 13s 386ms
