TAP version 13
# Local Event Bus installed. This is not recommended for production.
# MODULE: product
#   ● Migrating InitialSetup20240401153642
#   ✔ Migrated InitialSetup20240401153642
#   ● Migrating Migration20240601111544
#   ✔ Migrated Migration20240601111544
#   ● Migrating Migration202408271511
#   ✔ Migrated Migration202408271511
#   ● Migrating Migration20241122120331
#   ✔ Migrated Migration20241122120331
#   ● Migrating Migration20241125090957
#   ✔ Migrated Migration20241125090957
#   ● Migrating Migration20250411073236
#   ✔ Migrated Migration20250411073236
#   ● Migrating Migration20250516081326
#   ✔ Migrated Migration20250516081326
#   ● Migrating Migration20250910154539
#   ✔ Migrated Migration20250910154539
#   ● Migrating Migration20250911092221
#   ✔ Migrated Migration20250911092221
#   ● Migrating Migration20250929204438
#   ✔ Migrated Migration20250929204438
#   ● Migrating Migration20251008132218
#   ✔ Migrated Migration20251008132218
#   ● Migrating Migration20251011090511
#   ✔ Migrated Migration20251011090511
#   ● Migrating Migration20251022153442
#   ✔ Migrated Migration20251022153442
#   ● Migrating Migration20251029150809
#   ✔ Migrated Migration20251029150809
#   ● Migrating Migration20251110180907
#   ✔ Migrated Migration20251110180907
#   ● Migrating Migration20251113183352
#   ✔ Migrated Migration20251113183352
#   ● Migrating Migration20260224120000
#   ✔ Migrated Migration20260224120000
#   ● Migrating Migration20260301002050
#   ✔ Migrated Migration20260301002050
#   ● Migrating Migration20260306120000
#   ✔ Migrated Migration20260306120000
#   ● Migrating Migration20260623180000
#   ✔ Migrated Migration20260623180000
#   ● Migrating Migration20260730104846
#   ✔ Migrated Migration20260730104846
# Completed successfully
# MODULE: pricing
#   ● Migrating Migration20230929122253
#   ✔ Migrated Migration20230929122253
#   ● Migrating Migration20240322094407
#   ✔ Migrated Migration20240322094407
#   ● Migrating Migration20240322113359
#   ✔ Migrated Migration20240322113359
#   ● Migrating Migration20240322120125
#   ✔ Migrated Migration20240322120125
#   ● Migrating Migration20240626133555
#   ✔ Migrated Migration20240626133555
#   ● Migrating Migration20240704094505
#   ✔ Migrated Migration20240704094505
#   ● Migrating Migration20241127114534
#   ✔ Migrated Migration20241127114534
#   ● Migrating Migration20241127223829
#   ✔ Migrated Migration20241127223829
#   ● Migrating Migration20241128055359
#   ✔ Migrated Migration20241128055359
#   ● Migrating Migration20241212190401
#   ✔ Migrated Migration20241212190401
#   ● Migrating Migration20250408145122
#   ✔ Migrated Migration20250408145122
#   ● Migrating Migration20250409122219
#   ✔ Migrated Migration20250409122219
#   ● Migrating Migration20251009110625
#   ✔ Migrated Migration20251009110625
#   ● Migrating Migration20251112192723
#   ✔ Migrated Migration20251112192723
#   ● Migrating Migration20260429163502
#   ✔ Migrated Migration20260429163502
# Completed successfully
# MODULE: user
#   ● Migrating Migration20240214033943
#   ✔ Migrated Migration20240214033943
#   ● Migrating Migration20240703095850
# Note: If the index "IDX_user_email" fails to create, then delete any existing users with duplicate emails before retrying the migration.
#   ✔ Migrated Migration20240703095850
#   ● Migrating Migration20241202103352
#   ✔ Migrated Migration20241202103352
# Completed successfully
# MODULE: customer
#   ● Migrating Migration20240124154000
#   ✔ Migrated Migration20240124154000
#   ● Migrating Migration20240524123112
#   ✔ Migrated Migration20240524123112
#   ● Migrating Migration20240602110946
#   ✔ Migrated Migration20240602110946
#   ● Migrating Migration20241211074630
#   ✔ Migrated Migration20241211074630
#   ● Migrating Migration20251010130829
#   ✔ Migrated Migration20251010130829
# Completed successfully
# MODULE: auth
#   ● Migrating Migration20240205025928
#   ✔ Migrated Migration20240205025928
#   ● Migrating Migration20240529080336
#   ✔ Migrated Migration20240529080336
#   ● Migrating Migration20241202100304
#   ✔ Migrated Migration20241202100304
#   ● Migrating Migration20260514083900
#   ✔ Migrated Migration20260514083900
#   ● Migrating Migration20260525090000
#   ✔ Migrated Migration20260525090000
#   ● Migrating Migration20260604120000
#   ✔ Migrated Migration20260604120000
#   ● Migrating Migration20260616075929
#   ✔ Migrated Migration20260616075929
# Completed successfully
# MODULE: auth
# Skipped. Database is up-to-date for module.
# MODULE: auth
# Skipped. Database is up-to-date for module.
# MODULE: inventory
#   ● Migrating Migration20240307132720
#   ✔ Migrated Migration20240307132720
#   ● Migrating Migration20240719123015
#   ✔ Migrated Migration20240719123015
#   ● Migrating Migration20241213063611
#   ✔ Migrated Migration20241213063611
#   ● Migrating Migration20251010131115
#   ✔ Migrated Migration20251010131115
# Completed successfully
# MODULE: event_bus
# Skipped. Database is up-to-date for module.
# MODULE: cart
#   ● Migrating Migration20240222170223
#   ✔ Migrated Migration20240222170223
#   ● Migrating Migration20240831125857
#   ✔ Migrated Migration20240831125857
#   ● Migrating Migration20241106085918
#   ✔ Migrated Migration20241106085918
#   ● Migrating Migration20241205095237
#   ✔ Migrated Migration20241205095237
#   ● Migrating Migration20241216183049
#   ✔ Migrated Migration20241216183049
#   ● Migrating Migration20241218091938
#   ✔ Migrated Migration20241218091938
#   ● Migrating Migration20250120115059
#   ✔ Migrated Migration20250120115059
#   ● Migrating Migration20250212131240
#   ✔ Migrated Migration20250212131240
#   ● Migrating Migration20250326151602
#   ✔ Migrated Migration20250326151602
#   ● Migrating Migration20250508081553
#   ✔ Migrated Migration20250508081553
#   ● Migrating Migration20251017153909
#   ✔ Migrated Migration20251017153909
#   ● Migrating Migration20251208130704
#   ✔ Migrated Migration20251208130704
#   ● Migrating Migration20260626000000
#   ✔ Migrated Migration20260626000000
# Completed successfully
# MODULE: order
#   ● Migrating Migration20240219102530
#   ✔ Migrated Migration20240219102530
#   ● Migrating Migration20240604100512
#   ✔ Migrated Migration20240604100512
#   ● Migrating Migration20240715102100
#   ✔ Migrated Migration20240715102100
#   ● Migrating Migration20240715174100
#   ✔ Migrated Migration20240715174100
#   ● Migrating Migration20240716081800
#   ✔ Migrated Migration20240716081800
#   ● Migrating Migration20240801085921
#   ✔ Migrated Migration20240801085921
#   ● Migrating Migration20240821164505
#   ✔ Migrated Migration20240821164505
#   ● Migrating Migration20240821170920
#   ✔ Migrated Migration20240821170920
#   ● Migrating Migration20240827133639
#   ✔ Migrated Migration20240827133639
#   ● Migrating Migration20240902195921
#   ✔ Migrated Migration20240902195921
#   ● Migrating Migration20240913092514
#   ✔ Migrated Migration20240913092514
#   ● Migrating Migration20240930122627
#   ✔ Migrated Migration20240930122627
#   ● Migrating Migration20241014142943
#   ✔ Migrated Migration20241014142943
#   ● Migrating Migration20241106085223
#   ✔ Migrated Migration20241106085223
#   ● Migrating Migration20241129124827
#   ✔ Migrated Migration20241129124827
#   ● Migrating Migration20241217162224
#   ✔ Migrated Migration20241217162224
#   ● Migrating Migration20250326151554
#   ✔ Migrated Migration20250326151554
#   ● Migrating Migration20250522181137
#   ✔ Migrated Migration20250522181137
#   ● Migrating Migration20250702095353
#   ✔ Migrated Migration20250702095353
#   ● Migrating Migration20250704120229
#   ✔ Migrated Migration20250704120229
#   ● Migrating Migration20250910130000
#   ✔ Migrated Migration20250910130000
#   ● Migrating Migration20251016160403
#   ✔ Migrated Migration20251016160403
#   ● Migrating Migration20251016182939
#   ✔ Migrated Migration20251016182939
#   ● Migrating Migration20251017155709
#   ✔ Migrated Migration20251017155709
#   ● Migrating Migration20251114100559
#   ✔ Migrated Migration20251114100559
#   ● Migrating Migration20251125164002
#   ✔ Migrated Migration20251125164002
#   ● Migrating Migration20251210112909
#   ✔ Migrated Migration20251210112909
#   ● Migrating Migration20251210112924
#   ✔ Migrated Migration20251210112924
#   ● Migrating Migration20251225120947
#   ✔ Migrated Migration20251225120947
#   ● Migrating Migration20260106185528
#   ✔ Migrated Migration20260106185528
#   ● Migrating Migration20260625000000
#   ✔ Migrated Migration20260625000000
#   ● Migrating Migration20260729154253
#   ✔ Migrated Migration20260729154253
# Completed successfully
# MODULE: payment
#   ● Migrating Migration20240225134525
#   ✔ Migrated Migration20240225134525
#   ● Migrating Migration20240806072619
#   ✔ Migrated Migration20240806072619
#   ● Migrating Migration20241211151053
#   ✔ Migrated Migration20241211151053
#   ● Migrating Migration20250115160517
#   ✔ Migrated Migration20250115160517
#   ● Migrating Migration20250120110552
#   ✔ Migrated Migration20250120110552
#   ● Migrating Migration20250123122334
#   ✔ Migrated Migration20250123122334
#   ● Migrating Migration20250206105639
#   ✔ Migrated Migration20250206105639
#   ● Migrating Migration20250207132723
#   ✔ Migrated Migration20250207132723
#   ● Migrating Migration20250625084134
#   ✔ Migrated Migration20250625084134
#   ● Migrating Migration20250924135437
#   ✔ Migrated Migration20250924135437
#   ● Migrating Migration20250929124701
#   ✔ Migrated Migration20250929124701
#   ● Migrating Migration20260411223700
#   ✔ Migrated Migration20260411223700
# Completed successfully
# MODULE: stock_location
#   ● Migrating Migration20240307161216
#   ✔ Migrated Migration20240307161216
#   ● Migrating Migration20241210073813
#   ✔ Migrated Migration20241210073813
#   ● Migrating Migration20250106142624
#   ✔ Migrated Migration20250106142624
#   ● Migrating Migration20250120110820
#   ✔ Migrated Migration20250120110820
# Completed successfully
# MODULE: sales_channel
#   ● Migrating Migration20240115152146
#   ✔ Migrated Migration20240115152146
# Completed successfully
# MODULE: region
#   ● Migrating Migration20240205173216
#   ✔ Migrated Migration20240205173216
#   ● Migrating Migration20240624200006
#   ✔ Migrated Migration20240624200006
#   ● Migrating Migration20250120110744
#   ✔ Migrated Migration20250120110744
# Completed successfully
# MODULE: tax
#   ● Migrating Migration20240227090331
#   ✔ Migrated Migration20240227090331
#   ● Migrating Migration20240710135844
#   ✔ Migrated Migration20240710135844
#   ● Migrating Migration20240924114005
#   ✔ Migrated Migration20240924114005
#   ● Migrating Migration20241212052837
#   ✔ Migrated Migration20241212052837
# Completed successfully
# MODULE: promotion
#   ● Migrating Migration20240227120221
#   ✔ Migrated Migration20240227120221
#   ● Migrating Migration20240617102917
#   ✔ Migrated Migration20240617102917
#   ● Migrating Migration20240624153824
#   ✔ Migrated Migration20240624153824
#   ● Migrating Migration20241211061114
#   ✔ Migrated Migration20241211061114
#   ● Migrating Migration20250113094144
#   ✔ Migrated Migration20250113094144
#   ● Migrating Migration20250120110700
#   ✔ Migrated Migration20250120110700
#   ● Migrating Migration20250226130616
#   ✔ Migrated Migration20250226130616
#   ● Migrating Migration20250508081510
#   ✔ Migrated Migration20250508081510
#   ● Migrating Migration20250828075407
#   ✔ Migrated Migration20250828075407
#   ● Migrating Migration20250909083125
#   ✔ Migrated Migration20250909083125
#   ● Migrating Migration20250916120552
#   ✔ Migrated Migration20250916120552
#   ● Migrating Migration20250917143818
#   ✔ Migrated Migration20250917143818
#   ● Migrating Migration20250919122137
#   ✔ Migrated Migration20250919122137
#   ● Migrating Migration20251006000000
#   ✔ Migrated Migration20251006000000
#   ● Migrating Migration20251015113934
#   ✔ Migrated Migration20251015113934
#   ● Migrating Migration20251107050148
#   ✔ Migrated Migration20251107050148
# Completed successfully
# MODULE: api_key
#   ● Migrating InitialSetup20240221144943
#   ✔ Migrated InitialSetup20240221144943
#   ● Migrating Migration20240604080145
#   ✔ Migrated Migration20240604080145
#   ● Migrating Migration20241205122700
#   ✔ Migrated Migration20241205122700
#   ● Migrating Migration20251015123842
#   ✔ Migrated Migration20251015123842
# Completed successfully
# MODULE: store
#   ● Migrating InitialSetup20240227075933
#   ✔ Migrated InitialSetup20240227075933
#   ● Migrating Migration20240621145944
#   ✔ Migrated Migration20240621145944
#   ● Migrating Migration20241206083313
#   ✔ Migrated Migration20241206083313
#   ● Migrating Migration20251202184737
#   ✔ Migrated Migration20251202184737
#   ● Migrating Migration20251212161429
#   ✔ Migrated Migration20251212161429
# Completed successfully
# MODULE: fulfillment
#   ● Migrating Migration20240311145700_InitialSetupMigration
#   ✔ Migrated Migration20240311145700_InitialSetupMigration
#   ● Migrating Migration20240821170957
#   ✔ Migrated Migration20240821170957
#   ● Migrating Migration20240917161003
#   ✔ Migrated Migration20240917161003
#   ● Migrating Migration20241217110416
#   ✔ Migrated Migration20241217110416
#   ● Migrating Migration20250113122235
#   ✔ Migrated Migration20250113122235
#   ● Migrating Migration20250120115002
#   ✔ Migrated Migration20250120115002
#   ● Migrating Migration20250822130931
#   ✔ Migrated Migration20250822130931
#   ● Migrating Migration20250825132614
#   ✔ Migrated Migration20250825132614
#   ● Migrating Migration20251114133146
#   ✔ Migrated Migration20251114133146
# Completed successfully
# MODULE: fulfillment
# Skipped. Database is up-to-date for module.
# MODULE: fulfillment
# Skipped. Database is up-to-date for module.
# MODULE: workflows
#   ● Migrating Migration20231228143900
#   ✔ Migrated Migration20231228143900
#   ● Migrating Migration20241206101446
#   ✔ Migrated Migration20241206101446
#   ● Migrating Migration20250128174331
#   ✔ Migrated Migration20250128174331
#   ● Migrating Migration20250505092459
#   ✔ Migrated Migration20250505092459
#   ● Migrating Migration20250819104213
#   ✔ Migrated Migration20250819104213
#   ● Migrating Migration20250819110924
#   ✔ Migrated Migration20250819110924
#   ● Migrating Migration20250908080305
#   ✔ Migrated Migration20250908080305
# Completed successfully
# Local Event Bus installed. This is not recommended for production.
# Local Event Bus installed. This is not recommended for production.
# Subtest: M2 native commerce tenant acceptance
    # Subtest: M2 migrations replay and protect commerce tables and cross-module references
    ok 1 - M2 migrations replay and protect commerce tables and cross-module references
      ---
      duration_ms: 15.537138
      type: 'test'
      ...
    # Subtest: startup rejects RLS primary-key control-grant and shared-provider drift
    ok 2 - startup rejects RLS primary-key control-grant and shared-provider drift
      ---
      duration_ms: 732.796635
      type: 'test'
      ...
    # Subtest: native initialization owns countries region store and default channel per tenant
    ok 3 - native initialization owns countries region store and default channel per tenant
      ---
      duration_ms: 1544.51701
      type: 'test'
      ...
    # Subtest: native product workflows and channel links permit identical per-store handle and SKU
    ok 4 - native product workflows and channel links permit identical per-store handle and SKU
      ---
      duration_ms: 379.449833
      type: 'test'
      ...
    # Subtest: native product text search and list counts remain scoped
    ok 5 - native product text search and list counts remain scoped
      ---
      duration_ms: 29.354878
      type: 'test'
      ...
    # Subtest: same idempotency key creates independent native carts with isolated prices and customers
    ok 6 - same idempotency key creates independent native carts with isolated prices and customers
      ---
      duration_ms: 668.933488
      type: 'test'
      ...
    # Subtest: foreign carts variants regions addresses and price input are rejected before partial writes
    ok 7 - foreign carts variants regions addresses and price input are rejected before partial writes
      ---
      duration_ms: 88.910479
      type: 'test'
      ...
    # Subtest: idempotency conflicts and customer ownership cannot expose another cart
    ok 8 - idempotency conflicts and customer ownership cannot expose another cart
      ---
      duration_ms: 33.224034
      type: 'test'
      ...
    # Subtest: same coupon code and native promotion calculations remain per tenant
    ok 9 - same coupon code and native promotion calculations remain per tenant
      ---
      duration_ms: 309.802563
      type: 'test'
      ...
    # Subtest: native payment collections and sandbox sessions validate cart ownership
    ok 10 - native payment collections and sandbox sessions validate cart ownership
      ---
      duration_ms: 352.482528
      type: 'test'
      ...
    # Subtest: two stores complete native checkout with independent orders payments and identical request keys
    ok 11 - two stores complete native checkout with independent orders payments and identical request keys
      ---
      duration_ms: 717.890082
      type: 'test'
      ...
    # Subtest: known foreign order IDs and unopened callback export and workflow routes fail closed
    ok 12 - known foreign order IDs and unopened callback export and workflow routes fail closed
      ---
      duration_ms: 149.815466
      type: 'test'
      ...
    # Subtest: inventory raw SQL uses the transaction and warehouses and SKU are tenant local
    ok 13 - inventory raw SQL uses the transaction and warehouses and SKU are tenant local
      ---
      duration_ms: 86.626153
      type: 'test'
      ...
    # Subtest: a mixed-tenant native inventory batch rolls back all its writes
    ok 14 - a mixed-tenant native inventory batch rolls back all its writes
      ---
      duration_ms: 18.128915
      type: 'test'
      ...
    # Subtest: country assignment and tax configuration can differ independently in the two stores
    ok 15 - country assignment and tax configuration can differ independently in the two stores
      ---
      duration_ms: 42.876493
      type: 'test'
      ...
    # Subtest: fulfillment configuration price links and warehouse relations reject a foreign endpoint
    ok 16 - fulfillment configuration price links and warehouse relations reject a foreign endpoint
      ---
      duration_ms: 196.799834
      type: 'test'
      ...
    # Subtest: same cache and lock keys are isolated and absent context cannot access resources
    ok 17 - same cache and lock keys are isolated and absent context cannot access resources
      ---
      duration_ms: 18.723731
      type: 'test'
      ...
    # Subtest: private file metadata content and signed links cannot cross a store boundary
    ok 18 - private file metadata content and signed links cannot cross a store boundary
      ---
      duration_ms: 24.183057
      type: 'test'
      ...
    # Subtest: worker signatures bind job data tenant and actor and missing context is rejected
    ok 19 - worker signatures bind job data tenant and actor and missing context is rejected
      ---
      duration_ms: 36.205165
      type: 'test'
      ...
    # Subtest: worker claims exclude concurrent delivery and a recovered lease fences an old acknowledgment
    ok 20 - worker claims exclude concurrent delivery and a recovered lease fences an old acknowledgment
      ---
      duration_ms: 14.832342
      type: 'test'
      ...
    # Subtest: worker heartbeats prevent a live task from being reclaimed after its initial lease
    ok 21 - worker heartbeats prevent a live task from being reclaimed after its initial lease
      ---
      duration_ms: 3012.277186
      type: 'test'
      ...
    # Subtest: module SQL and Graph bypasses reject foreign relationships and do not retain pool context
    ok 22 - module SQL and Graph bypasses reject foreign relationships and do not retain pool context
      ---
      duration_ms: 12.148302
      type: 'test'
      ...
    # Subtest: callback credential signatures select the tenant and account while replay is idempotent
    ok 23 - callback credential signatures select the tenant and account while replay is idempotent
      ---
      duration_ms: 76.601318
      type: 'test'
      ...
    # Subtest: 40 parallel commerce reads preserve tenant and customer scope
    ok 24 - 40 parallel commerce reads preserve tenant and customer scope
      ---
      duration_ms: 1344.646047
      type: 'test'
      ...
    # Subtest: native workflow compensation changes only the originating tenant
    ok 25 - native workflow compensation changes only the originating tenant
      ---
      duration_ms: 48.989194
      type: 'test'
      ...
# Local Event Bus installed. This is not recommended for production.
    # Subtest: native step retries and grouped event recipients retain tenant across restart
    ok 26 - native step retries and grouped event recipients retain tenant across restart
      ---
      duration_ms: 4459.702131
      type: 'test'
      ...
# Local Event Bus installed. This is not recommended for production.
    # Subtest: persisted Session and queued native work survive an application restart without duplication
    ok 27 - persisted Session and queued native work survive an application restart without duplication
      ---
      duration_ms: 6018.319176
      type: 'test'
      ...
    1..27
ok 1 - M2 native commerce tenant acceptance
  ---
  duration_ms: 29242.56907
  type: 'test'
  ...
1..1
# tests 28
# suites 0
# pass 28
# fail 0
# cancelled 0
# skipped 0
# todo 0
# duration_ms 30082.756663
