TAP version 13
# Subtest: verified JWT requires correct signature, HS256, issuer, audience and expiration
ok 1 - verified JWT requires correct signature, HS256, issuer, audience and expiration
  ---
  duration_ms: 6.537997
  type: 'test'
  ...
# Subtest: membership lookup is awaited and only explicit true authorizes
ok 2 - membership lookup is awaited and only explicit true authorizes
  ---
  duration_ms: 7.749124
  type: 'test'
  ...
# Subtest: manual and copied contexts cannot establish tenant authority
ok 3 - manual and copied contexts cannot establish tenant authority
  ---
  duration_ms: 0.663791
  type: 'test'
  ...
# Subtest: nested tasks reject tenant or actor switches and permit the same verified identity
ok 4 - nested tasks reject tenant or actor switches and permit the same verified identity
  ---
  duration_ms: 1.144896
  type: 'test'
  ...
# Subtest: 40 concurrent tasks retain immutable ALS identities across await boundaries
ok 5 - 40 concurrent tasks retain immutable ALS identities across await boundaries
  ---
  duration_ms: 9.97593
  type: 'test'
  ...
# Subtest: in-place wrapping is idempotent and protects existing module references
ok 6 - in-place wrapping is idempotent and protects existing module references
  ---
  duration_ms: 1.451769
  type: 'test'
  ...
# Subtest: native normalization helpers without MedusaContext remain intact on indirect calls
ok 7 - native normalization helpers without MedusaContext remain intact on indirect calls
  ---
  duration_ms: 0.511271
  type: 'test'
  ...
# Subtest: data cannot override tenant_id, and supplied transaction managers are refused
ok 8 - data cannot override tenant_id, and supplied transaction managers are refused
  ---
  duration_ms: 0.713206
  type: 'test'
  ...
# Subtest: each module opens its own transaction and 40 concurrent calls do not share managers
ok 9 - each module opens its own transaction and 40 concurrent calls do not share managers
  ---
  duration_ms: 6.666081
  type: 'test'
  ...
# Subtest: adapter refuses a repository callback without a bound SQL transaction
ok 10 - adapter refuses a repository callback without a bound SQL transaction
  ---
  duration_ms: 0.79599
  type: 'test'
  ...
1..10
# tests 10
# suites 0
# pass 10
# fail 0
# cancelled 0
# skipped 0
# todo 0
# duration_ms 689.966728
